C:/Users/Dousik/Workspace/TRON/sessions/session_06/FSBL/Src/main.c:559:26:GetSensorGainHelper	0	static
C:/Users/Dousik/Workspace/TRON/sessions/session_06/FSBL/Src/main.c:581:26:GetSensorExposureHelper	0	static
C:/Users/Dousik/Workspace/TRON/sessions/session_06/FSBL/Src/main.c:570:26:SetSensorExposureHelper	8	static
C:/Users/Dousik/Workspace/TRON/sessions/session_06/FSBL/Src/main.c:548:26:SetSensorGainHelper	8	static
C:/Users/Dousik/Workspace/TRON/sessions/session_06/FSBL/Src/main.c:538:26:GetSensorInfoHelper	8	static
C:/Users/Dousik/Workspace/TRON/sessions/session_06/FSBL/Src/main.c:588:6:HAL_DCMIPP_PIPE_FrameEventCallback	0	static
C:/Users/Dousik/Workspace/TRON/sessions/session_06/FSBL/Src/main.c:599:6:HAL_DCMIPP_PIPE_VsyncEventCallback	8	static
C:/Users/Dousik/Workspace/TRON/sessions/session_06/FSBL/Src/main.c:624:6:Error_Handler	8	static
C:/Users/Dousik/Workspace/TRON/sessions/session_06/FSBL/Src/main.c:233:6:SystemClock_Config	224	static
C:/Users/Dousik/Workspace/TRON/sessions/session_06/FSBL/Src/main.c:326:6:PeriphCommonClock_Config	408	static
C:/Users/Dousik/Workspace/TRON/sessions/session_06/FSBL/Src/main.c:93:5:main	208	static,ignoring_inline_asm
C:/Users/Dousik/Workspace/TRON/sessions/session_06/FSBL/Src/main.c:644:6:assert_failed	0	static
