C:/Users/Dousik/Workspace/TRON/sessions/session_06/FSBL/Src/main.c:532:26:GetSensorGainHelper	1
C:/Users/Dousik/Workspace/TRON/sessions/session_06/FSBL/Src/main.c:554:26:GetSensorExposureHelper	1
C:/Users/Dousik/Workspace/TRON/sessions/session_06/FSBL/Src/main.c:543:26:SetSensorExposureHelper	1
C:/Users/Dousik/Workspace/TRON/sessions/session_06/FSBL/Src/main.c:521:26:SetSensorGainHelper	1
C:/Users/Dousik/Workspace/TRON/sessions/session_06/FSBL/Src/main.c:511:26:GetSensorInfoHelper	1
C:/Users/Dousik/Workspace/TRON/sessions/session_06/FSBL/Src/main.c:561:6:HAL_DCMIPP_PIPE_FrameEventCallback	1
C:/Users/Dousik/Workspace/TRON/sessions/session_06/FSBL/Src/main.c:572:6:HAL_DCMIPP_PIPE_VsyncEventCallback	4
C:/Users/Dousik/Workspace/TRON/sessions/session_06/FSBL/Src/main.c:630:6:Error_Handler	1
C:/Users/Dousik/Workspace/TRON/sessions/session_06/FSBL/Src/main.c:234:6:SystemClock_Config	7
C:/Users/Dousik/Workspace/TRON/sessions/session_06/FSBL/Src/main.c:595:6:PeriphCommonClock_Config	1
C:/Users/Dousik/Workspace/TRON/sessions/session_06/FSBL/Src/main.c:93:5:main	26
C:/Users/Dousik/Workspace/TRON/sessions/session_06/FSBL/Src/main.c:650:6:assert_failed	1
