C:/Users/Dousik/Workspace/TRON/sessions/session_12/FSBL/Src/ai/ai_vision.c:141:20:rgb565_to_rgb888	24	static
C:/Users/Dousik/Workspace/TRON/sessions/session_12/FSBL/Src/ai/ai_vision.c:171:13:convert_crop_to_fd_input	72	static
C:/Users/Dousik/Workspace/TRON/sessions/session_12/FSBL/Src/ai/ai_vision.c:201:13:convert_crop_to_faceid_input	64	static
C:/Users/Dousik/Workspace/TRON/sessions/session_12/FSBL/Src/ai/ai_vision.c:256:13:decode_best_face_box	96	static
C:/Users/Dousik/Workspace/TRON/sessions/session_12/FSBL/Src/ai/ai_vision.c:303:6:ai_vision_init	40	static
C:/Users/Dousik/Workspace/TRON/sessions/session_12/FSBL/Src/ai/ai_vision.c:407:13:run_pipeline_on_hold_buffer	208	static,ignoring_inline_asm
C:/Users/Dousik/Workspace/TRON/sessions/session_12/FSBL/Src/ai/ai_vision.c:487:6:ai_vision_run_pipeline	48	static,ignoring_inline_asm
C:/Users/Dousik/Workspace/TRON/sessions/session_12/FSBL/Src/ai/ai_vision.c:510:6:ai_vision_self_test	144	static
C:/Users/Dousik/Workspace/TRON/sessions/session_12/FSBL/Src/ai/ai_vision.c:541:7:ai_vision_match_face	1072	static
C:/Users/Dousik/Workspace/TRON/sessions/session_12/FSBL/Src/ai/ai_vision.c:582:6:gallery_init	56	static
C:/Users/Dousik/Workspace/TRON/sessions/session_12/FSBL/Src/ai/ai_vision.c:641:6:gallery_save	32	static
C:/Users/Dousik/Workspace/TRON/sessions/session_12/FSBL/Src/ai/ai_vision.c:661:5:gallery_add_patient	40	static
C:/Users/Dousik/Workspace/TRON/sessions/session_12/FSBL/Src/ai/ai_vision.c:700:5:gallery_find_best_match	32	static
C:/Users/Dousik/Workspace/TRON/sessions/session_12/FSBL/Src/ai/ai_vision.c:751:5:gallery_count	16	static
C:/Users/Dousik/Workspace/TRON/sessions/session_12/FSBL/Src/ai/ai_vision.c:801:6:ai_vision_service_init	8	static
C:/Users/Dousik/Workspace/TRON/sessions/session_12/FSBL/Src/ai/ai_vision.c:806:6:ai_vision_wait_init	24	static
C:/Users/Dousik/Workspace/TRON/sessions/session_12/FSBL/Src/ai/ai_vision.c:818:6:ai_vision_is_ready	4	static
C:/Users/Dousik/Workspace/TRON/sessions/session_12/FSBL/Src/ai/ai_vision.c:823:6:ai_vision_capture_request	8	static
C:/Users/Dousik/Workspace/TRON/sessions/session_12/FSBL/Src/ai/ai_vision.c:835:21:ai_vision_capture_wait	32	static
C:/Users/Dousik/Workspace/TRON/sessions/session_12/FSBL/Src/ai/ai_vision.c:862:6:task_ai_fn	32	static
