C:/Users/Dousik/Workspace/TRON/sessions/session_12/FSBL/Src/ui/gui_draw.c:110:6:gui_draw_init	16	static
C:/Users/Dousik/Workspace/TRON/sessions/session_12/FSBL/Src/ui/gui_draw.c:117:6:gui_draw_rect	32	static
C:/Users/Dousik/Workspace/TRON/sessions/session_12/FSBL/Src/ui/gui_draw.c:133:6:gui_draw_text	56	static
C:/Users/Dousik/Workspace/TRON/sessions/session_12/FSBL/Src/ui/gui_draw.c:163:13:draw_button	64	static
C:/Users/Dousik/Workspace/TRON/sessions/session_12/FSBL/Src/ui/gui_draw.c:209:13:draw_dialog_box	24	static
C:/Users/Dousik/Workspace/TRON/sessions/session_12/FSBL/Src/ui/gui_draw.c:226:6:gui_draw_mascot_bg	4	static
C:/Users/Dousik/Workspace/TRON/sessions/session_12/FSBL/Src/ui/gui_draw.c:229:13:flush_all	24	static,ignoring_inline_asm
C:/Users/Dousik/Workspace/TRON/sessions/session_12/FSBL/Src/ui/gui_draw.c:234:13:flush_rows	40	static,ignoring_inline_asm
C:/Users/Dousik/Workspace/TRON/sessions/session_12/FSBL/Src/ui/gui_draw.c:242:6:gui_draw_flush	8	static
C:/Users/Dousik/Workspace/TRON/sessions/session_12/FSBL/Src/ui/gui_draw.c:243:6:gui_draw_flush_rows	16	static
C:/Users/Dousik/Workspace/TRON/sessions/session_12/FSBL/Src/ui/gui_draw.c:246:6:gui_draw_home_screen	24	static
C:/Users/Dousik/Workspace/TRON/sessions/session_12/FSBL/Src/ui/gui_draw.c:281:6:gui_draw_ready_screen	32	static
C:/Users/Dousik/Workspace/TRON/sessions/session_12/FSBL/Src/ui/gui_draw.c:299:6:gui_draw_dialog_text	24	static
C:/Users/Dousik/Workspace/TRON/sessions/session_12/FSBL/Src/ui/gui_draw.c:308:6:gui_draw_dispensing_screen	104	static
C:/Users/Dousik/Workspace/TRON/sessions/session_12/FSBL/Src/ui/gui_draw.c:331:6:gui_draw_dispensing_progress	48	static
C:/Users/Dousik/Workspace/TRON/sessions/session_12/FSBL/Src/ui/gui_draw.c:347:6:gui_draw_confirm_taken_screen	24	static
C:/Users/Dousik/Workspace/TRON/sessions/session_12/FSBL/Src/ui/gui_draw.c:362:6:gui_draw_taken_thankyou_screen	16	static
C:/Users/Dousik/Workspace/TRON/sessions/session_12/FSBL/Src/ui/gui_draw.c:378:13:draw_alert_frame	48	static
C:/Users/Dousik/Workspace/TRON/sessions/session_12/FSBL/Src/ui/gui_draw.c:400:6:gui_draw_two_choice_screen	40	static
C:/Users/Dousik/Workspace/TRON/sessions/session_12/FSBL/Src/ui/gui_draw.c:412:6:gui_draw_alert_screen	40	static
