C:/Users/Dousik/Workspace/TRON/sessions/session_12/FSBL/Src/main.c:220:13:task_camera_isp_fn	16	static
C:/Users/Dousik/Workspace/TRON/sessions/session_12/FSBL/Src/main.c:241:13:task_ui_fn	16	static
C:/Users/Dousik/Workspace/TRON/sessions/session_12/FSBL/Src/main.c:604:13:ms_configure_sleep_clocks	16	static
C:/Users/Dousik/Workspace/TRON/sessions/session_12/FSBL/Src/main.c:631:13:task_heartbeat_fn	160	static
C:/Users/Dousik/Workspace/TRON/sessions/session_12/FSBL/Src/main.c:702:5:main	88	static,ignoring_inline_asm
C:/Users/Dousik/Workspace/TRON/sessions/session_12/FSBL/Src/main.c:1014:6:SystemClock_Config	224	static
C:/Users/Dousik/Workspace/TRON/sessions/session_12/FSBL/Src/main.c:1090:6:PeriphCommonClock_Config	408	static
C:/Users/Dousik/Workspace/TRON/sessions/session_12/FSBL/Src/main.c:1104:13:MX_DCMIPP_Init	72	static
C:/Users/Dousik/Workspace/TRON/sessions/session_12/FSBL/Src/main.c:1158:13:MX_SDMMC2_SD_Init	4	static
C:/Users/Dousik/Workspace/TRON/sessions/session_12/FSBL/Src/main.c:1171:13:LCD_Init	72	static
C:/Users/Dousik/Workspace/TRON/sessions/session_12/FSBL/Src/main.c:1217:13:IMX335_Probe	48	static
C:/Users/Dousik/Workspace/TRON/sessions/session_12/FSBL/Src/main.c:1250:26:GetSensorInfoHelper	16	static
C:/Users/Dousik/Workspace/TRON/sessions/session_12/FSBL/Src/main.c:1256:26:SetSensorGainHelper	16	static
C:/Users/Dousik/Workspace/TRON/sessions/session_12/FSBL/Src/main.c:1263:26:GetSensorGainHelper	16	static
C:/Users/Dousik/Workspace/TRON/sessions/session_12/FSBL/Src/main.c:1270:26:SetSensorExposureHelper	16	static
C:/Users/Dousik/Workspace/TRON/sessions/session_12/FSBL/Src/main.c:1277:26:GetSensorExposureHelper	16	static
C:/Users/Dousik/Workspace/TRON/sessions/session_12/FSBL/Src/main.c:1284:6:HAL_DCMIPP_PIPE_FrameEventCallback	16	static
C:/Users/Dousik/Workspace/TRON/sessions/session_12/FSBL/Src/main.c:1289:6:HAL_DCMIPP_PIPE_VsyncEventCallback	16	static
C:/Users/Dousik/Workspace/TRON/sessions/session_12/FSBL/Src/main.c:1311:6:Error_Handler	8	static
C:/Users/Dousik/Workspace/TRON/sessions/session_12/FSBL/Src/main.c:1322:6:assert_failed	16	static
C:\ST\STM32CubeIDE_2.1.1\STM32CubeIDE\plugins\com.st.stm32cube.ide.mcu.externaltools.gnu-tools-for-stm32.14.3.rel1.win32_1.0.100.202602081740\tools\bin/../lib/gcc/arm-none-eabi/14.3.1/../../../../arm-none-eabi/include/assert.h:41:6:__assert_func	32	static
