C:/Users/Dousik/Workspace/TRON/sessions/session_12/FSBL/Src/ms_osal.c:120:19:ms_to_tmo	16	static
C:/Users/Dousik/Workspace/TRON/sessions/session_12/FSBL/Src/ms_osal.c:135:13:osal_task_trampoline	24	static
C:/Users/Dousik/Workspace/TRON/sessions/session_12/FSBL/Src/ms_osal.c:145:11:osal_start_task_slot	48	static
C:/Users/Dousik/Workspace/TRON/sessions/session_12/FSBL/Src/ms_osal.c:161:20:osal_task_create	32	static
C:/Users/Dousik/Workspace/TRON/sessions/session_12/FSBL/Src/ms_osal.c:201:6:osal_scheduler_start	8	static
C:/Users/Dousik/Workspace/TRON/sessions/session_12/FSBL/Src/ms_osal.c:224:11:osal_start_queue_slot	40	static
C:/Users/Dousik/Workspace/TRON/sessions/session_12/FSBL/Src/ms_osal.c:237:21:osal_queue_create	24	static
C:/Users/Dousik/Workspace/TRON/sessions/session_12/FSBL/Src/ms_osal.c:265:6:osal_queue_send	40	static
C:/Users/Dousik/Workspace/TRON/sessions/session_12/FSBL/Src/ms_osal.c:273:6:osal_queue_receive	40	static
C:/Users/Dousik/Workspace/TRON/sessions/session_12/FSBL/Src/ms_osal.c:285:11:osal_start_mutex_slot	24	static
C:/Users/Dousik/Workspace/TRON/sessions/session_12/FSBL/Src/ms_osal.c:295:21:osal_mutex_create	16	static
C:/Users/Dousik/Workspace/TRON/sessions/session_12/FSBL/Src/ms_osal.c:320:6:osal_mutex_lock	32	static
C:/Users/Dousik/Workspace/TRON/sessions/session_12/FSBL/Src/ms_osal.c:326:6:osal_mutex_unlock	24	static
C:/Users/Dousik/Workspace/TRON/sessions/session_12/FSBL/Src/ms_osal.c:341:11:osal_start_flag_slot	24	static
C:/Users/Dousik/Workspace/TRON/sessions/session_12/FSBL/Src/ms_osal.c:351:20:osal_flag_create	16	static
C:/Users/Dousik/Workspace/TRON/sessions/session_12/FSBL/Src/ms_osal.c:377:6:osal_flag_set	24	static
C:/Users/Dousik/Workspace/TRON/sessions/session_12/FSBL/Src/ms_osal.c:386:6:osal_flag_clear	24	static
C:/Users/Dousik/Workspace/TRON/sessions/session_12/FSBL/Src/ms_osal.c:398:6:osal_flag_wait	56	static
C:/Users/Dousik/Workspace/TRON/sessions/session_12/FSBL/Src/ms_osal.c:429:6:osal_delay_ms	16	static
C:/Users/Dousik/Workspace/TRON/sessions/session_12/FSBL/Src/ms_osal.c:459:6:SysTick_Handler	8	static
C:/Users/Dousik/Workspace/TRON/sessions/session_12/FSBL/Src/ms_osal.c:488:6:ms_osal_clean_dcache	32	static,ignoring_inline_asm
C:/Users/Dousik/Workspace/TRON/sessions/session_12/FSBL/Src/ms_osal.c:578:13:osal_init_cycle_counter	16	static,ignoring_inline_asm
C:/Users/Dousik/Workspace/TRON/sessions/session_12/FSBL/Src/ms_osal.c:616:6:ms_osal_low_power_idle	48	static,ignoring_inline_asm
C:/Users/Dousik/Workspace/TRON/sessions/session_12/FSBL/Src/ms_osal.c:643:6:ms_osal_idle_stats	40	static
C:/Users/Dousik/Workspace/TRON/sessions/session_12/FSBL/Src/ms_osal.c:695:13:osal_hal_tick_cychdr	24	static
C:/Users/Dousik/Workspace/TRON/sessions/session_12/FSBL/Src/ms_osal.c:703:13:osal_start_hal_tick_bridge	40	static
C:/Users/Dousik/Workspace/TRON/sessions/session_12/FSBL/Src/ms_osal.c:725:12:usermain	16	static
