C:/Users/Dousik/Workspace/TRON/sessions/session_12/FSBL/Src/ui/state_machine.c:159:13:camera_stop	8	static
C:/Users/Dousik/Workspace/TRON/sessions/session_12/FSBL/Src/ui/state_machine.c:163:13:camera_start	16	static
C:/Users/Dousik/Workspace/TRON/sessions/session_12/FSBL/Src/ui/state_machine.c:169:13:switch_ltdc_buffer	16	static
C:/Users/Dousik/Workspace/TRON/sessions/session_12/FSBL/Src/ui/state_machine.c:175:13:check_hit	24	static
C:/Users/Dousik/Workspace/TRON/sessions/session_12/FSBL/Src/ui/state_machine.c:201:13:show_alert	24	static
C:/Users/Dousik/Workspace/TRON/sessions/session_12/FSBL/Src/ui/state_machine.c:215:13:begin_capture	8	static
C:/Users/Dousik/Workspace/TRON/sessions/session_12/FSBL/Src/ui/state_machine.c:228:28:poll_capture	24	static
C:/Users/Dousik/Workspace/TRON/sessions/session_12/FSBL/Src/ui/state_machine.c:256:6:state_machine_init	8	static
C:/Users/Dousik/Workspace/TRON/sessions/session_12/FSBL/Src/ui/state_machine.c:289:6:state_machine_update	176	static
