C:/Users/Dousik/Workspace/TRON/sessions/session_15/Drivers/BSP/STM32N6570-DK/stm32n6570_discovery_ts.c:127:9:BSP_TS_Init	56	static
C:/Users/Dousik/Workspace/TRON/sessions/session_15/Drivers/BSP/STM32N6570-DK/stm32n6570_discovery_ts.c:190:9:BSP_TS_DeInit	8	static
C:/Users/Dousik/Workspace/TRON/sessions/session_15/Drivers/BSP/STM32N6570-DK/stm32n6570_discovery_ts.c:224:9:BSP_TS_GetCapabilities	8	static
C:/Users/Dousik/Workspace/TRON/sessions/session_15/Drivers/BSP/STM32N6570-DK/stm32n6570_discovery_ts.c:245:9:BSP_TS_EnableIT	32	static
C:/Users/Dousik/Workspace/TRON/sessions/session_15/Drivers/BSP/STM32N6570-DK/stm32n6570_discovery_ts.c:297:9:BSP_TS_DisableIT	8	static
C:/Users/Dousik/Workspace/TRON/sessions/session_15/Drivers/BSP/STM32N6570-DK/stm32n6570_discovery_ts.c:329:6:BSP_TS_IRQHandler	0	static
C:/Users/Dousik/Workspace/TRON/sessions/session_15/Drivers/BSP/STM32N6570-DK/stm32n6570_discovery_ts.c:339:13:BSP_TS_Callback	0	static
C:/Users/Dousik/Workspace/TRON/sessions/session_15/Drivers/BSP/STM32N6570-DK/stm32n6570_discovery_ts.c:354:9:BSP_TS_GetState	40	static
C:/Users/Dousik/Workspace/TRON/sessions/session_15/Drivers/BSP/STM32N6570-DK/stm32n6570_discovery_ts.c:442:9:BSP_TS_Get_MultiTouchState	160	static
C:/Users/Dousik/Workspace/TRON/sessions/session_15/Drivers/BSP/STM32N6570-DK/stm32n6570_discovery_ts.c:538:9:BSP_TS_GestureConfig	8	static
C:/Users/Dousik/Workspace/TRON/sessions/session_15/Drivers/BSP/STM32N6570-DK/stm32n6570_discovery_ts.c:563:9:BSP_TS_GetGestureId	16	static
C:/Users/Dousik/Workspace/TRON/sessions/session_15/Drivers/BSP/STM32N6570-DK/stm32n6570_discovery_ts.c:615:9:BSP_TS_Set_Orientation	0	static
C:/Users/Dousik/Workspace/TRON/sessions/session_15/Drivers/BSP/STM32N6570-DK/stm32n6570_discovery_ts.c:627:9:BSP_TS_Get_Orientation	0	static
C:/Users/Dousik/Workspace/TRON/sessions/session_15/Drivers/BSP/STM32N6570-DK/stm32n6570_discovery_ts.c:645:16:GT911_Probe	48	static
C:/Users/Dousik/Workspace/TRON/sessions/session_15/Drivers/BSP/STM32N6570-DK/stm32n6570_discovery_ts.c:690:13:TS_EXTI_Callback	8	static
