C:/Users/Dousik/Workspace/TRON/sessions/session_11/FSBL/Src/ms_osal.c:111:19:ms_to_tmo	16	static
C:/Users/Dousik/Workspace/TRON/sessions/session_11/FSBL/Src/ms_osal.c:126:13:osal_task_trampoline	24	static
C:/Users/Dousik/Workspace/TRON/sessions/session_11/FSBL/Src/ms_osal.c:136:11:osal_start_task_slot	48	static
C:/Users/Dousik/Workspace/TRON/sessions/session_11/FSBL/Src/ms_osal.c:152:20:osal_task_create	32	static
C:/Users/Dousik/Workspace/TRON/sessions/session_11/FSBL/Src/ms_osal.c:192:6:osal_scheduler_start	8	static
C:/Users/Dousik/Workspace/TRON/sessions/session_11/FSBL/Src/ms_osal.c:215:11:osal_start_queue_slot	40	static
C:/Users/Dousik/Workspace/TRON/sessions/session_11/FSBL/Src/ms_osal.c:228:21:osal_queue_create	24	static
C:/Users/Dousik/Workspace/TRON/sessions/session_11/FSBL/Src/ms_osal.c:256:6:osal_queue_send	40	static
C:/Users/Dousik/Workspace/TRON/sessions/session_11/FSBL/Src/ms_osal.c:264:6:osal_queue_receive	40	static
C:/Users/Dousik/Workspace/TRON/sessions/session_11/FSBL/Src/ms_osal.c:276:11:osal_start_mutex_slot	24	static
C:/Users/Dousik/Workspace/TRON/sessions/session_11/FSBL/Src/ms_osal.c:286:21:osal_mutex_create	16	static
C:/Users/Dousik/Workspace/TRON/sessions/session_11/FSBL/Src/ms_osal.c:311:6:osal_mutex_lock	32	static
C:/Users/Dousik/Workspace/TRON/sessions/session_11/FSBL/Src/ms_osal.c:317:6:osal_mutex_unlock	24	static
C:/Users/Dousik/Workspace/TRON/sessions/session_11/FSBL/Src/ms_osal.c:326:6:osal_delay_ms	16	static
C:/Users/Dousik/Workspace/TRON/sessions/session_11/FSBL/Src/ms_osal.c:356:6:SysTick_Handler	8	static
C:/Users/Dousik/Workspace/TRON/sessions/session_11/FSBL/Src/ms_osal.c:385:6:ms_osal_clean_dcache	32	static,ignoring_inline_asm
C:/Users/Dousik/Workspace/TRON/sessions/session_11/FSBL/Src/ms_osal.c:432:13:osal_hal_tick_cychdr	24	static
C:/Users/Dousik/Workspace/TRON/sessions/session_11/FSBL/Src/ms_osal.c:440:13:osal_start_hal_tick_bridge	40	static
C:/Users/Dousik/Workspace/TRON/sessions/session_11/FSBL/Src/ms_osal.c:462:12:usermain	16	static
