C:/Users/Dousik/Workspace/TRON/sessions/session_16/FSBL/Src/schedule_time_source.c:104:6:time_source_service_init	8	static
C:/Users/Dousik/Workspace/TRON/sessions/session_16/FSBL/Src/schedule_time_source.c:113:13:rtc_lock	0	static
C:/Users/Dousik/Workspace/TRON/sessions/session_16/FSBL/Src/schedule_time_source.c:118:13:rtc_unlock	0	static
C:/Users/Dousik/Workspace/TRON/sessions/session_16/FSBL/Src/schedule_time_source.c:129:17:select_rtc_clock_source	560	static
C:/Users/Dousik/Workspace/TRON/sessions/session_16/FSBL/Src/schedule_time_source.c:167:6:time_source_init	72	static
C:/Users/Dousik/Workspace/TRON/sessions/session_16/FSBL/Src/schedule_time_source.c:244:6:time_source_is_valid	8	static
C:/Users/Dousik/Workspace/TRON/sessions/session_16/FSBL/Src/schedule_time_source.c:256:6:time_source_get	48	static
C:/Users/Dousik/Workspace/TRON/sessions/session_16/FSBL/Src/schedule_time_source.c:291:6:time_source_set	40	static
C:/Users/Dousik/Workspace/TRON/sessions/session_16/FSBL/Src/schedule_time_source.c:342:10:time_source_minute_of_day	16	static
C:/Users/Dousik/Workspace/TRON/sessions/session_16/FSBL/Src/schedule_time_source.c:366:10:time_source_minute_ms	0	static
C:/Users/Dousik/Workspace/TRON/sessions/session_16/FSBL/Src/schedule_time_source.c:375:10:time_source_ms_until	8	static
C:/Users/Dousik/Workspace/TRON/sessions/session_16/FSBL/Src/schedule_time_source.c:399:13:time_source_mode	0	static
C:/Users/Dousik/Workspace/TRON/sessions/session_16/FSBL/Src/schedule_time_source.c:413:6:time_source_format_now	40	static
C:/Users/Dousik/Workspace/TRON/sessions/session_16/FSBL/Src/schedule_time_source.c:441:6:time_source_format_hhmm	16	static
C:/Users/Dousik/Workspace/TRON/sessions/session_16/FSBL/Src/schedule_time_source.c:450:6:time_source_format_stamp	48	static
