C:/Users/Dousik/Workspace/TRON/sessions/session_16/FSBL/Src/ui/state_machine.c:249:13:schedule_alarm_handler	0	static
C:/Users/Dousik/Workspace/TRON/sessions/session_16/FSBL/Src/ui/state_machine.c:257:6:state_machine_service_init	8	static
C:/Users/Dousik/Workspace/TRON/sessions/session_16/FSBL/Src/ui/state_machine.c:266:12:schedule_find_next	40	static
C:/Users/Dousik/Workspace/TRON/sessions/session_16/FSBL/Src/ui/state_machine.c:302:13:schedule_arm_next	32	static
C:/Users/Dousik/Workspace/TRON/sessions/session_16/FSBL/Src/ui/state_machine.c:372:13:camera_stop	0	static
C:/Users/Dousik/Workspace/TRON/sessions/session_16/FSBL/Src/ui/state_machine.c:376:13:camera_start	16	static
C:/Users/Dousik/Workspace/TRON/sessions/session_16/FSBL/Src/ui/state_machine.c:382:13:switch_ltdc_buffer	0	static
C:/Users/Dousik/Workspace/TRON/sessions/session_16/FSBL/Src/ui/state_machine.c:388:13:check_hit	8	static
C:/Users/Dousik/Workspace/TRON/sessions/session_16/FSBL/Src/ui/state_machine.c:414:13:show_alert	8	static
C:/Users/Dousik/Workspace/TRON/sessions/session_16/FSBL/Src/ui/state_machine.c:460:13:display_blank	8	static
C:/Users/Dousik/Workspace/TRON/sessions/session_16/FSBL/Src/ui/state_machine.c:476:13:begin_capture	8	static
C:/Users/Dousik/Workspace/TRON/sessions/session_16/FSBL/Src/ui/state_machine.c:492:28:poll_capture	16	static
C:/Users/Dousik/Workspace/TRON/sessions/session_16/FSBL/Src/ui/state_machine.c:530:6:state_machine_init	8	static
C:/Users/Dousik/Workspace/TRON/sessions/session_16/FSBL/Src/ui/state_machine.c:625:13:schedule_service	176	static
C:/Users/Dousik/Workspace/TRON/sessions/session_16/FSBL/Src/ui/state_machine.c:722:6:state_machine_update	192	static
