C:/Users/Dousik/Workspace/TRON/sessions/session_06/FSBL/Src/main.c:93:5:main	12
C:/Users/Dousik/Workspace/TRON/sessions/session_06/FSBL/Src/main.c:234:6:SystemClock_Config	8
C:/Users/Dousik/Workspace/TRON/sessions/session_06/FSBL/Src/main.c:328:13:MX_DCMIPP_Init	10
C:/Users/Dousik/Workspace/TRON/sessions/session_06/FSBL/Src/main.c:402:13:LCD_Init	3
C:/Users/Dousik/Workspace/TRON/sessions/session_06/FSBL/Src/main.c:458:13:IMX335_Probe	7
C:/Users/Dousik/Workspace/TRON/sessions/session_06/FSBL/Src/main.c:511:26:GetSensorInfoHelper	1
C:/Users/Dousik/Workspace/TRON/sessions/session_06/FSBL/Src/main.c:521:26:SetSensorGainHelper	1
C:/Users/Dousik/Workspace/TRON/sessions/session_06/FSBL/Src/main.c:532:26:GetSensorGainHelper	1
C:/Users/Dousik/Workspace/TRON/sessions/session_06/FSBL/Src/main.c:543:26:SetSensorExposureHelper	1
C:/Users/Dousik/Workspace/TRON/sessions/session_06/FSBL/Src/main.c:554:26:GetSensorExposureHelper	1
C:/Users/Dousik/Workspace/TRON/sessions/session_06/FSBL/Src/main.c:561:6:HAL_DCMIPP_PIPE_FrameEventCallback	1
C:/Users/Dousik/Workspace/TRON/sessions/session_06/FSBL/Src/main.c:572:6:HAL_DCMIPP_PIPE_VsyncEventCallback	5
C:/Users/Dousik/Workspace/TRON/sessions/session_06/FSBL/Src/main.c:595:6:PeriphCommonClock_Config	2
C:/Users/Dousik/Workspace/TRON/sessions/session_06/FSBL/Src/main.c:614:13:MX_SDMMC2_SD_Init	1
C:/Users/Dousik/Workspace/TRON/sessions/session_06/FSBL/Src/main.c:630:6:Error_Handler	1
C:/Users/Dousik/Workspace/TRON/sessions/session_06/FSBL/Src/main.c:650:6:assert_failed	1
