Archive member included to satisfy reference by file (symbol)

C:/ST/STM32CubeIDE_2.1.1/STM32CubeIDE/plugins/com.st.stm32cube.ide.mcu.externaltools.gnu-tools-for-stm32.14.3.rel1.win32_1.0.100.202602081740/tools/bin/../lib/gcc/arm-none-eabi/14.3.1/../../../../arm-none-eabi/lib/thumb/v8-m.main+dp/hard\libc_nano.a(libc_a-exit.o)
                              C:/ST/STM32CubeIDE_2.1.1/STM32CubeIDE/plugins/com.st.stm32cube.ide.mcu.externaltools.gnu-tools-for-stm32.14.3.rel1.win32_1.0.100.202602081740/tools/bin/../lib/gcc/arm-none-eabi/14.3.1/../../../../arm-none-eabi/lib/thumb/v8-m.main+dp/hard/crt0.o (exit)
C:/ST/STM32CubeIDE_2.1.1/STM32CubeIDE/plugins/com.st.stm32cube.ide.mcu.externaltools.gnu-tools-for-stm32.14.3.rel1.win32_1.0.100.202602081740/tools/bin/../lib/gcc/arm-none-eabi/14.3.1/../../../../arm-none-eabi/lib/thumb/v8-m.main+dp/hard\libc_nano.a(libc_a-findfp.o)
                              C:/ST/STM32CubeIDE_2.1.1/STM32CubeIDE/plugins/com.st.stm32cube.ide.mcu.externaltools.gnu-tools-for-stm32.14.3.rel1.win32_1.0.100.202602081740/tools/bin/../lib/gcc/arm-none-eabi/14.3.1/../../../../arm-none-eabi/lib/thumb/v8-m.main+dp/hard\libc_nano.a(libc_a-exit.o) (__stdio_exit_handler)
C:/ST/STM32CubeIDE_2.1.1/STM32CubeIDE/plugins/com.st.stm32cube.ide.mcu.externaltools.gnu-tools-for-stm32.14.3.rel1.win32_1.0.100.202602081740/tools/bin/../lib/gcc/arm-none-eabi/14.3.1/../../../../arm-none-eabi/lib/thumb/v8-m.main+dp/hard\libc_nano.a(libc_a-fwalk.o)
                              C:/ST/STM32CubeIDE_2.1.1/STM32CubeIDE/plugins/com.st.stm32cube.ide.mcu.externaltools.gnu-tools-for-stm32.14.3.rel1.win32_1.0.100.202602081740/tools/bin/../lib/gcc/arm-none-eabi/14.3.1/../../../../arm-none-eabi/lib/thumb/v8-m.main+dp/hard\libc_nano.a(libc_a-findfp.o) (_fwalk_sglue)
C:/ST/STM32CubeIDE_2.1.1/STM32CubeIDE/plugins/com.st.stm32cube.ide.mcu.externaltools.gnu-tools-for-stm32.14.3.rel1.win32_1.0.100.202602081740/tools/bin/../lib/gcc/arm-none-eabi/14.3.1/../../../../arm-none-eabi/lib/thumb/v8-m.main+dp/hard\libc_nano.a(libc_a-stdio.o)
                              C:/ST/STM32CubeIDE_2.1.1/STM32CubeIDE/plugins/com.st.stm32cube.ide.mcu.externaltools.gnu-tools-for-stm32.14.3.rel1.win32_1.0.100.202602081740/tools/bin/../lib/gcc/arm-none-eabi/14.3.1/../../../../arm-none-eabi/lib/thumb/v8-m.main+dp/hard\libc_nano.a(libc_a-findfp.o) (__sread)
C:/ST/STM32CubeIDE_2.1.1/STM32CubeIDE/plugins/com.st.stm32cube.ide.mcu.externaltools.gnu-tools-for-stm32.14.3.rel1.win32_1.0.100.202602081740/tools/bin/../lib/gcc/arm-none-eabi/14.3.1/../../../../arm-none-eabi/lib/thumb/v8-m.main+dp/hard\libc_nano.a(libc_a-memset.o)
                              C:/ST/STM32CubeIDE_2.1.1/STM32CubeIDE/plugins/com.st.stm32cube.ide.mcu.externaltools.gnu-tools-for-stm32.14.3.rel1.win32_1.0.100.202602081740/tools/bin/../lib/gcc/arm-none-eabi/14.3.1/../../../../arm-none-eabi/lib/thumb/v8-m.main+dp/hard/crt0.o (memset)
C:/ST/STM32CubeIDE_2.1.1/STM32CubeIDE/plugins/com.st.stm32cube.ide.mcu.externaltools.gnu-tools-for-stm32.14.3.rel1.win32_1.0.100.202602081740/tools/bin/../lib/gcc/arm-none-eabi/14.3.1/../../../../arm-none-eabi/lib/thumb/v8-m.main+dp/hard\libc_nano.a(libc_a-closer.o)
                              C:/ST/STM32CubeIDE_2.1.1/STM32CubeIDE/plugins/com.st.stm32cube.ide.mcu.externaltools.gnu-tools-for-stm32.14.3.rel1.win32_1.0.100.202602081740/tools/bin/../lib/gcc/arm-none-eabi/14.3.1/../../../../arm-none-eabi/lib/thumb/v8-m.main+dp/hard\libc_nano.a(libc_a-stdio.o) (_close_r)
C:/ST/STM32CubeIDE_2.1.1/STM32CubeIDE/plugins/com.st.stm32cube.ide.mcu.externaltools.gnu-tools-for-stm32.14.3.rel1.win32_1.0.100.202602081740/tools/bin/../lib/gcc/arm-none-eabi/14.3.1/../../../../arm-none-eabi/lib/thumb/v8-m.main+dp/hard\libc_nano.a(libc_a-reent.o)
                              C:/ST/STM32CubeIDE_2.1.1/STM32CubeIDE/plugins/com.st.stm32cube.ide.mcu.externaltools.gnu-tools-for-stm32.14.3.rel1.win32_1.0.100.202602081740/tools/bin/../lib/gcc/arm-none-eabi/14.3.1/../../../../arm-none-eabi/lib/thumb/v8-m.main+dp/hard\libc_nano.a(libc_a-closer.o) (errno)
C:/ST/STM32CubeIDE_2.1.1/STM32CubeIDE/plugins/com.st.stm32cube.ide.mcu.externaltools.gnu-tools-for-stm32.14.3.rel1.win32_1.0.100.202602081740/tools/bin/../lib/gcc/arm-none-eabi/14.3.1/../../../../arm-none-eabi/lib/thumb/v8-m.main+dp/hard\libc_nano.a(libc_a-impure.o)
                              C:/ST/STM32CubeIDE_2.1.1/STM32CubeIDE/plugins/com.st.stm32cube.ide.mcu.externaltools.gnu-tools-for-stm32.14.3.rel1.win32_1.0.100.202602081740/tools/bin/../lib/gcc/arm-none-eabi/14.3.1/../../../../arm-none-eabi/lib/thumb/v8-m.main+dp/hard\libc_nano.a(libc_a-reent.o) (_impure_ptr)
C:/ST/STM32CubeIDE_2.1.1/STM32CubeIDE/plugins/com.st.stm32cube.ide.mcu.externaltools.gnu-tools-for-stm32.14.3.rel1.win32_1.0.100.202602081740/tools/bin/../lib/gcc/arm-none-eabi/14.3.1/../../../../arm-none-eabi/lib/thumb/v8-m.main+dp/hard\libc_nano.a(libc_a-lseekr.o)
[...]
Memory Configuration

Name             Origin             Length             Attributes
ROM              0x34180400         0x0003fc00         xrw
RAM              0x341c0000         0x00040000         xrw
*default*        0x00000000         0xffffffff

Linker script and memory map

LOAD C:/ST/STM32CubeIDE_2.1.1/STM32CubeIDE/plugins/com.st.stm32cube.ide.mcu.externaltools.gnu-tools-for-stm32.14.3.rel1.win32_1.0.100.202602081740/tools/bin/../lib/gcc/arm-none-eabi/14.3.1/thumb/v8-m.main+dp/hard/crti.o
LOAD C:/ST/STM32CubeIDE_2.1.1/STM32CubeIDE/plugins/com.st.stm32cube.ide.mcu.externaltools.gnu-tools-for-stm32.14.3.rel1.win32_1.0.100.202602081740/tools/bin/../lib/gcc/arm-none-eabi/14.3.1/thumb/v8-m.main+dp/hard/crtbegin.o
LOAD C:/ST/STM32CubeIDE_2.1.1/STM32CubeIDE/plugins/com.st.stm32cube.ide.mcu.externaltools.gnu-tools-for-stm32.14.3.rel1.win32_1.0.100.202602081740/tools/bin/../lib/gcc/arm-none-eabi/14.3.1/../../../../arm-none-eabi/lib/thumb/v8-m.main+dp/hard/crt0.o
LOAD ./Core/Src/main.o
LOAD ./Core/Src/stm32n6xx_hal_msp.o
LOAD ./Core/Src/stm32n6xx_it.o
LOAD ./Core/Src/syscalls.o
LOAD ./Core/Src/sysmem.o
LOAD ./Core/Src/system_stm32n6xx_fsbl.o
LOAD ./Core/Startup/startup_stm32n657x0hxq_fsbl.o
LOAD ./Drivers/STM32N6xx_HAL_Driver/stm32n6xx_hal.o
LOAD ./Drivers/STM32N6xx_HAL_Driver/stm32n6xx_hal_adc.o
LOAD ./Drivers/STM32N6xx_HAL_Driver/stm32n6xx_hal_adc_ex.o
LOAD ./Drivers/STM32N6xx_HAL_Driver/stm32n6xx_hal_cortex.o
LOAD ./Drivers/STM32N6xx_HAL_Driver/stm32n6xx_hal_dma.o
LOAD ./Drivers/STM32N6xx_HAL_Driver/stm32n6xx_hal_dma_ex.o
LOAD ./Drivers/STM32N6xx_HAL_Driver/stm32n6xx_hal_exti.o
LOAD ./Drivers/STM32N6xx_HAL_Driver/stm32n6xx_hal_gpio.o
LOAD ./Drivers/STM32N6xx_HAL_Driver/stm32n6xx_hal_hcd.o
LOAD ./Drivers/STM32N6xx_HAL_Driver/stm32n6xx_hal_i2c.o
LOAD ./Drivers/STM32N6xx_HAL_Driver/stm32n6xx_hal_i2c_ex.o
LOAD ./Drivers/STM32N6xx_HAL_Driver/stm32n6xx_hal_mdf.o
LOAD ./Drivers/STM32N6xx_HAL_Driver/stm32n6xx_hal_mmc.o
LOAD ./Drivers/STM32N6xx_HAL_Driver/stm32n6xx_hal_mmc_ex.o
LOAD ./Drivers/STM32N6xx_HAL_Driver/stm32n6xx_hal_pwr.o
LOAD ./Drivers/STM32N6xx_HAL_Driver/stm32n6xx_hal_pwr_ex.o
LOAD ./Drivers/STM32N6xx_HAL_Driver/stm32n6xx_hal_rcc.o
LOAD ./Drivers/STM32N6xx_HAL_Driver/stm32n6xx_hal_rcc_ex.o
LOAD ./Drivers/STM32N6xx_HAL_Driver/stm32n6xx_hal_sai.o
LOAD ./Drivers/STM32N6xx_HAL_Driver/stm32n6xx_hal_sai_ex.o
LOAD ./Drivers/STM32N6xx_HAL_Driver/stm32n6xx_hal_sd.o
LOAD ./Drivers/STM32N6xx_HAL_Driver/stm32n6xx_hal_sd_ex.o
LOAD ./Drivers/STM32N6xx_HAL_Driver/stm32n6xx_hal_sdio.o
LOAD ./Drivers/STM32N6xx_HAL_Driver/stm32n6xx_hal_uart.o
LOAD ./Drivers/STM32N6xx_HAL_Driver/stm32n6xx_hal_uart_ex.o
LOAD ./Drivers/STM32N6xx_HAL_Driver/stm32n6xx_hal_xspi.o
LOAD ./Drivers/STM32N6xx_HAL_Driver/stm32n6xx_ll_dma.o
LOAD ./Drivers/STM32N6xx_HAL_Driver/stm32n6xx_ll_exti.o
LOAD ./Drivers/STM32N6xx_HAL_Driver/stm32n6xx_ll_gpio.o
LOAD ./Drivers/STM32N6xx_HAL_Driver/stm32n6xx_ll_rcc.o
LOAD ./Drivers/STM32N6xx_HAL_Driver/stm32n6xx_ll_sdmmc.o
LOAD ./Drivers/STM32N6xx_HAL_Driver/stm32n6xx_ll_ucpd.o
LOAD ./Drivers/STM32N6xx_HAL_Driver/stm32n6xx_ll_usb.o
LOAD ./Drivers/STM32N6xx_HAL_Driver/stm32n6xx_ll_utils.o
START GROUP
LOAD C:/ST/STM32CubeIDE_2.1.1/STM32CubeIDE/plugins/com.st.stm32cube.ide.mcu.externaltools.gnu-tools-for-stm32.14.3.rel1.win32_1.0.100.202602081740/tools/bin/../lib/gcc/arm-none-eabi/14.3.1/../../../../arm-none-eabi/lib/thumb/v8-m.main+dp/hard\libc_nano.a
LOAD C:/ST/STM32CubeIDE_2.1.1/STM32CubeIDE/plugins/com.st.stm32cube.ide.mcu.externaltools.gnu-tools-for-stm32.14.3.rel1.win32_1.0.100.202602081740/tools/bin/../lib/gcc/arm-none-eabi/14.3.1/../../../../arm-none-eabi/lib/thumb/v8-m.main+dp/hard\libm.a
END GROUP
START GROUP
LOAD C:/ST/STM32CubeIDE_2.1.1/STM32CubeIDE/plugins/com.st.stm32cube.ide.mcu.externaltools.gnu-tools-for-stm32.14.3.rel1.win32_1.0.100.202602081740/tools/bin/../lib/gcc/arm-none-eabi/14.3.1/thumb/v8-m.main+dp/hard\libgcc.a
LOAD C:/ST/STM32CubeIDE_2.1.1/STM32CubeIDE/plugins/com.st.stm32cube.ide.mcu.externaltools.gnu-tools-for-stm32.14.3.rel1.win32_1.0.100.202602081740/tools/bin/../lib/gcc/arm-none-eabi/14.3.1/../../../../arm-none-eabi/lib/thumb/v8-m.main+dp/hard\libc_nano.a
END GROUP
START GROUP
LOAD C:/ST/STM32CubeIDE_2.1.1/STM32CubeIDE/plugins/com.st.stm32cube.ide.mcu.externaltools.gnu-tools-for-stm32.14.3.rel1.win32_1.0.100.202602081740/tools/bin/../lib/gcc/arm-none-eabi/14.3.1/thumb/v8-m.main+dp/hard\libgcc.a
LOAD C:/ST/STM32CubeIDE_2.1.1/STM32CubeIDE/plugins/com.st.stm32cube.ide.mcu.externaltools.gnu-tools-for-stm32.14.3.rel1.win32_1.0.100.202602081740/tools/bin/../lib/gcc/arm-none-eabi/14.3.1/../../../../arm-none-eabi/lib/thumb/v8-m.main+dp/hard\libc_nano.a
LOAD C:/ST/STM32CubeIDE_2.1.1/STM32CubeIDE/plugins/com.st.stm32cube.ide.mcu.externaltools.gnu-tools-for-stm32.14.3.rel1.win32_1.0.100.202602081740/tools/bin/../lib/gcc/arm-none-eabi/14.3.1/../../../../arm-none-eabi/lib/thumb/v8-m.main+dp/hard\libnosys.a
END GROUP
START GROUP
LOAD C:/ST/STM32CubeIDE_2.1.1/STM32CubeIDE/plugins/com.st.stm32cube.ide.mcu.externaltools.gnu-tools-for-stm32.14.3.rel1.win32_1.0.100.202602081740/tools/bin/../lib/gcc/arm-none-eabi/14.3.1/thumb/v8-m.main+dp/hard\libgcc.a
LOAD C:/ST/STM32CubeIDE_2.1.1/STM32CubeIDE/plugins/com.st.stm32cube.ide.mcu.externaltools.gnu-tools-for-stm32.14.3.rel1.win32_1.0.100.202602081740/tools/bin/../lib/gcc/arm-none-eabi/14.3.1/../../../../arm-none-eabi/lib/thumb/v8-m.main+dp/hard\libc_nano.a
LOAD C:/ST/STM32CubeIDE_2.1.1/STM32CubeIDE/plugins/com.st.stm32cube.ide.mcu.externaltools.gnu-tools-for-stm32.14.3.rel1.win32_1.0.100.202602081740/tools/bin/../lib/gcc/arm-none-eabi/14.3.1/../../../../arm-none-eabi/lib/thumb/v8-m.main+dp/hard\libnosys.a
END GROUP
LOAD C:/ST/STM32CubeIDE_2.1.1/STM32CubeIDE/plugins/com.st.stm32cube.ide.mcu.externaltools.gnu-tools-for-stm32.14.3.rel1.win32_1.0.100.202602081740/tools/bin/../lib/gcc/arm-none-eabi/14.3.1/thumb/v8-m.main+dp/hard/crtend.o
LOAD C:/ST/STM32CubeIDE_2.1.1/STM32CubeIDE/plugins/com.st.stm32cube.ide.mcu.externaltools.gnu-tools-for-stm32.14.3.rel1.win32_1.0.100.202602081740/tools/bin/../lib/gcc/arm-none-eabi/14.3.1/thumb/v8-m.main+dp/hard/crtn.o
                0x34200000                        _estack = (ORIGIN (RAM) + LENGTH (RAM))
                0x341ff800                        _sstack = (_estack - _Min_Stack_Size)
                0x00000200                        _Min_Heap_Size = 0x200
                0x00000800                        _Min_Stack_Size = 0x800

.isr_vector     0x34180400      0x34c
                0x34180400                        . = ALIGN (0x4)
 *(.isr_vector)
 .isr_vector    0x34180400      0x34c ./Core/Startup/startup_stm32n657x0hxq_fsbl.o
                0x34180400                g_pfnVectors
                0x3418074c                        . = ALIGN (0x4)

.text           0x3418074c    0x10f94
                0x3418074c                        . = ALIGN (0x4)
 *(.text)
 .text          0x3418074c       0x40 C:/ST/STM32CubeIDE_2.1.1/STM32CubeIDE/plugins/com.st.stm32cube.ide.mcu.externaltools.gnu-tools-for-stm32.14.3.rel1.win32_1.0.100.202602081740/tools/bin/../lib/gcc/arm-none-eabi/14.3.1/thumb/v8-m.main+dp/hard/crtbegin.o
 .text          0x3418078c       0x30 C:/ST/STM32CubeIDE_2.1.1/STM32CubeIDE/plugins/com.st.stm32cube.ide.mcu.externaltools.gnu-tools-for-stm32.14.3.rel1.win32_1.0.100.202602081740/tools/bin/../lib/gcc/arm-none-eabi/14.3.1/thumb/v8-m.main+dp/hard\libgcc.a(_aeabi_uldivmod.o)
                0x3418078c                __aeabi_uldivmod
 .text          0x341807bc      0x34c C:/ST/STM32CubeIDE_2.1.1/STM32CubeIDE/plugins/com.st.stm32cube.ide.mcu.externaltools.gnu-tools-for-stm32.14.3.rel1.win32_1.0.100.202602081740/tools/bin/../lib/gcc/arm-none-eabi/14.3.1/thumb/v8-m.main+dp/hard\libgcc.a(_udivmoddi4.o)
                0x341807bc                __udivmoddi4
 .text          0x34180b08        0x4 C:/ST/STM32CubeIDE_2.1.1/STM32CubeIDE/plugins/com.st.stm32cube.ide.mcu.externaltools.gnu-tools-for-stm32.14.3.rel1.win32_1.0.100.202602081740/tools/bin/../lib/gcc/arm-none-eabi/14.3.1/thumb/v8-m.main+dp/hard\libgcc.a(_dvmd_tls.o)
                0x34180b08                __aeabi_idiv0
                0x34180b08                __aeabi_ldiv0
 *(.text*)
 .text.LL_AHB4_GRP1_EnableClock
                0x34180b0c       0x2c ./Core/Src/main.o
 .text.LL_APB1_GRP2_EnableClock
                0x34180b38       0x2c ./Core/Src/main.o
 .text.main     0x34180b64       0x48 ./Core/Src/main.o
                0x34180b64                main
 .text.SystemClock_Config
                0x34180bac      0x15c ./Core/Src/main.o
                0x34180bac                SystemClock_Config
 .text.PeriphCommonClock_Config
                0x34180d08       0x5a ./Core/Src/main.o
                0x34180d08                PeriphCommonClock_Config
 *fill*         0x34180d62        0x2 
 .text.MX_ADC1_Init
                0x34180d64       0xe4 ./Core/Src/main.o
 .text.MX_I2C1_Init
                0x34180e48       0x80 ./Core/Src/main.o
 .text.MX_I2C2_Init
                0x34180ec8       0x80 ./Core/Src/main.o
 .text.MX_MDF1_Init
                0x34180f48       0xb0 ./Core/Src/main.o
 .text.MX_SAI1_Init
                0x34180ff8      0x14c ./Core/Src/main.o
 .text.MX_SDMMC2_SD_Init
                0x34181144       0x48 ./Core/Src/main.o
 .text.MX_UCPD1_Init
                0x3418118c       0x10 ./Core/Src/main.o
 .text.MX_USART1_UART_Init
                0x3418119c       0x98 ./Core/Src/main.o
 .text.MX_USB1_OTG_HS_HCD_Init
                0x34181234        0xe ./Core/Src/main.o
 *fill*         0x34181242        0x2 
 .text.MX_USB2_OTG_HS_HCD_Init
                0x34181244       0x5c ./Core/Src/main.o
 .text.MX_XSPI1_Init
                0x341812a0       0xb4 ./Core/Src/main.o
 .text.MX_XSPI2_Init
                0x34181354       0xb8 ./Core/Src/main.o
 .text.MX_GPIO_Init
                0x3418140c      0x160 ./Core/Src/main.o
 .text.Error_Handler
                0x3418156c        0xc ./Core/Src/main.o
                0x3418156c                Error_Handler
 .text.LL_AHB1_GRP1_EnableClock
                0x34181578       0x2c ./Core/Src/stm32n6xx_hal_msp.o
 .text.LL_AHB2_GRP1_EnableClock
                0x341815a4       0x2c ./Core/Src/stm32n6xx_hal_msp.o
 .text.LL_AHB4_GRP1_EnableClock
                0x341815d0       0x2c ./Core/Src/stm32n6xx_hal_msp.o
 .text.LL_AHB5_GRP1_EnableClock
                0x341815fc       0x2c ./Core/Src/stm32n6xx_hal_msp.o
 .text.LL_APB1_GRP1_EnableClock
                0x34181628       0x2c ./Core/Src/stm32n6xx_hal_msp.o
 .text.LL_APB2_GRP1_EnableClock
                0x34181654       0x2c ./Core/Src/stm32n6xx_hal_msp.o
 .text.HAL_MspInit
                0x34181680       0x1c ./Core/Src/stm32n6xx_hal_msp.o
                0x34181680                HAL_MspInit
 .text.HAL_ADC_MspInit
                0x3418169c       0xcc ./Core/Src/stm32n6xx_hal_msp.o
                0x3418169c                HAL_ADC_MspInit
 .text.HAL_I2C_MspInit
                0x34181768      0x194 ./Core/Src/stm32n6xx_hal_msp.o
                0x34181768                HAL_I2C_MspInit
 .text.HAL_MDF_MspInit
                0x341818fc      0x138 ./Core/Src/stm32n6xx_hal_msp.o
                0x341818fc                HAL_MDF_MspInit
 .text.HAL_SD_MspInit
                0x34181a34      0x128 ./Core/Src/stm32n6xx_hal_msp.o
                0x34181a34                HAL_SD_MspInit
 .text.HAL_UART_MspInit
                0x34181b5c       0xcc ./Core/Src/stm32n6xx_hal_msp.o
                0x34181b5c                HAL_UART_MspInit
 .text.HAL_HCD_MspInit
                0x34181c28       0xa8 ./Core/Src/stm32n6xx_hal_msp.o
                0x34181c28                HAL_HCD_MspInit
 .text.HAL_XSPI_MspInit
                0x34181cd0      0x1e0 ./Core/Src/stm32n6xx_hal_msp.o
                0x34181cd0                HAL_XSPI_MspInit
 .text.HAL_SAI_MspInit
                0x34181eb0      0x190 ./Core/Src/stm32n6xx_hal_msp.o
                0x34181eb0                HAL_SAI_MspInit
 .text.NMI_Handler
                0x34182040        0x8 ./Core/Src/stm32n6xx_it.o
                0x34182040                NMI_Handler
 .text.HardFault_Handler
                0x34182048        0x8 ./Core/Src/stm32n6xx_it.o
                0x34182048                HardFault_Handler
 .text.MemManage_Handler
                0x34182050        0x8 ./Core/Src/stm32n6xx_it.o
                0x34182050                MemManage_Handler
 .text.BusFault_Handler
                0x34182058        0x8 ./Core/Src/stm32n6xx_it.o
                0x34182058                BusFault_Handler
 .text.UsageFault_Handler
                0x34182060        0x8 ./Core/Src/stm32n6xx_it.o
                0x34182060                UsageFault_Handler
 .text.SecureFault_Handler
                0x34182068        0x8 ./Core/Src/stm32n6xx_it.o
                0x34182068                SecureFault_Handler
 .text.SVC_Handler
                0x34182070        0xe ./Core/Src/stm32n6xx_it.o
                0x34182070                SVC_Handler
 .text.DebugMon_Handler
                0x3418207e        0xe ./Core/Src/stm32n6xx_it.o
                0x3418207e                DebugMon_Handler
 .text.PendSV_Handler
                0x3418208c        0xe ./Core/Src/stm32n6xx_it.o
                0x3418208c                PendSV_Handler
 .text.SysTick_Handler
                0x3418209a        0xc ./Core/Src/stm32n6xx_it.o
                0x3418209a                SysTick_Handler
 *fill*         0x341820a6        0x2 
 .text.XSPI1_IRQHandler
                0x341820a8       0x14 ./Core/Src/stm32n6xx_it.o
                0x341820a8                XSPI1_IRQHandler
 .text.SystemInit
                0x341820bc      0x218 ./Core/Src/system_stm32n6xx_fsbl.o
                0x341820bc                SystemInit
 .text.SystemCoreClockUpdate
                0x341822d4      0x350 ./Core/Src/system_stm32n6xx_fsbl.o
                0x341822d4                SystemCoreClockUpdate
 .text.SECURE_SystemCoreClockUpdate
                0x34182624       0x2c ./Core/Src/system_stm32n6xx_fsbl.o
                0x34182624                __acle_se_SECURE_SystemCoreClockUpdate
 .text.Reset_Handler
                0x34182650       0x5c ./Core/Startup/startup_stm32n657x0hxq_fsbl.o
                0x34182650                Reset_Handler
 .text.Default_Handler
                0x341826ac        0x2 ./Core/Startup/startup_stm32n657x0hxq_fsbl.o
                0x341826ac                HPDMA1_Channel13_IRQHandler
                0x341826ac                EXTI2_IRQHandler
                0x341826ac                MCE2_IRQHandler
                0x341826ac                TIM8_CC_IRQHandler
                0x341826ac                USB2_OTG_HS_IRQHandler
                0x341826ac                SAI1_A_IRQHandler
                0x341826ac                EXTI5_IRQHandler
                0x341826ac                I3C1_ER_IRQHandler
                0x341826ac                UART8_IRQHandler
                0x341826ac                CTI_INT0_IRQHandler
                0x341826ac                SPI4_IRQHandler
                0x341826ac                LTDC_LO_IRQHandler
                0x341826ac                NPU2_IRQHandler
                0x341826ac                FDCAN3_IT0_IRQHandler
                0x341826ac                EXTI13_IRQHandler
                0x341826ac                TIM1_CC_IRQHandler
                0x341826ac                TIM10_IRQHandler
                0x341826ac                JPEG_IRQHandler
                0x341826ac                TAMP_IRQHandler
                0x341826ac                CACHE_ECC_IRQHandler
                0x341826ac                TIM6_IRQHandler
                0x341826ac                CSI_IRQHandler
                0x341826ac                EXTI12_IRQHandler
                0x341826ac                GFXTIM_IRQHandler
                0x341826ac                EXTI3_IRQHandler
                0x341826ac                LPTIM4_IRQHandler
                0x341826ac                GPDMA1_Channel5_IRQHandler
                0x341826ac                EXTI8_IRQHandler
                0x341826ac                LPTIM2_IRQHandler
                0x341826ac                GFXMMU_IRQHandler
                0x341826ac                LTDC_LO_ERR_IRQHandler
                0x341826ac                I2C3_ER_IRQHandler
                0x341826ac                RIFSC_TAMPER_IRQHandler
                0x341826ac                USART10_IRQHandler
                0x341826ac                MDF1_FLT2_IRQHandler
                0x341826ac                LPTIM3_IRQHandler
                0x341826ac                SAI2_A_IRQHandler
                0x341826ac                EXTI0_IRQHandler
                0x341826ac                HPDMA1_Channel9_IRQHandler
                0x341826ac                I2C2_EV_IRQHandler
                0x341826ac                GPU2D_IRQHandler
                0x341826ac                FPU_IRQHandler
                0x341826ac                GPDMA1_Channel3_IRQHandler
                0x341826ac                GPDMA1_Channel7_IRQHandler
                0x341826ac                MDF1_FLT4_IRQHandler
                0x341826ac                FDCAN1_IT1_IRQHandler
                0x341826ac                HPDMA1_Channel3_IRQHandler
                0x341826ac                ADC1_2_IRQHandler
                0x341826ac                GPDMA1_Channel9_IRQHandler
                0x341826ac                SPI1_IRQHandler
                0x341826ac                CACHEAXI_IRQHandler
                0x341826ac                SAI1_B_IRQHandler
                0x341826ac                GPDMA1_Channel2_IRQHandler
                0x341826ac                PAHB_ERR_IRQHandler
                0x341826ac                TIM8_UP_IRQHandler
                0x341826ac                RCC_S_IRQHandler
                0x341826ac                MDF1_FLT1_IRQHandler
                0x341826ac                LTDC_UP_IRQHandler
                0x341826ac                LOCKUP_IRQHandler
                0x341826ac                PKA_IRQHandler
                0x341826ac                USART6_IRQHandler
                0x341826ac                HPDMA1_Channel2_IRQHandler
                0x341826ac                MDF1_FLT5_IRQHandler
                0x341826ac                MCE4_IRQHandler
                0x341826ac                I3C2_ER_IRQHandler
                0x341826ac                EXTI15_IRQHandler
                0x341826ac                TIM17_IRQHandler
                0x341826ac                USART3_IRQHandler
                0x341826ac                HPDMA1_Channel6_IRQHandler
                0x341826ac                CRYP_IRQHandler
                0x341826ac                RTC_IRQHandler
                0x341826ac                XSPI2_IRQHandler
                0x341826ac                EXTI9_IRQHandler
                0x341826ac                IAC_IRQHandler
                0x341826ac                HPDMA1_Channel0_IRQHandler
                0x341826ac                LPTIM5_IRQHandler
                0x341826ac                HPDMA1_Channel1_IRQHandler
                0x341826ac                UART5_IRQHandler
                0x341826ac                TIM4_IRQHandler
                0x341826ac                NPU3_IRQHandler
                0x341826ac                I3C2_EV_IRQHandler
                0x341826ac                I2C1_EV_IRQHandler
                0x341826ac                FDCAN_CU_IRQHandler
                0x341826ac                GPDMA1_Channel12_IRQHandler
                0x341826ac                HPDMA1_Channel7_IRQHandler
                0x341826ac                GPDMA1_Channel1_IRQHandler
                0x341826ac                TIM16_IRQHandler
                0x341826ac                GPDMA1_Channel15_IRQHandler
                0x341826ac                UART4_IRQHandler
                0x341826ac                TCM_ECC_IRQHandler
                0x341826ac                TIM3_IRQHandler
                0x341826ac                RCC_IRQHandler
                0x341826ac                UART9_IRQHandler
                0x341826ac                NPU1_IRQHandler
                0x341826ac                SAI2_B_IRQHandler
                0x341826ac                Default_Handler
                0x341826ac                GPDMA1_Channel8_IRQHandler
                0x341826ac                HPDMA1_Channel8_IRQHandler
                0x341826ac                TIM18_IRQHandler
                0x341826ac                TIM14_IRQHandler
                0x341826ac                TIM13_IRQHandler
                0x341826ac                CTI_INT1_IRQHandler
                0x341826ac                GPDMA1_Channel11_IRQHandler
                0x341826ac                GPU2D_ER_IRQHandler
                0x341826ac                SPI5_IRQHandler
                0x341826ac                TIM12_IRQHandler
                0x341826ac                TIM7_IRQHandler
                0x341826ac                FDCAN3_IT1_IRQHandler
                0x341826ac                HPDMA1_Channel10_IRQHandler
                0x341826ac                SDMMC1_IRQHandler
                0x341826ac                SAES_IRQHandler
                0x341826ac                TIM5_IRQHandler
                0x341826ac                UCPD1_IRQHandler
                0x341826ac                GPDMA1_Channel0_IRQHandler
                0x341826ac                I3C1_EV_IRQHandler
                0x341826ac                HPDMA1_Channel5_IRQHandler
                0x341826ac                TIM15_IRQHandler
                0x341826ac                I2C3_EV_IRQHandler
                0x341826ac                HPDMA1_Channel4_IRQHandler
                0x341826ac                HPDMA1_Channel15_IRQHandler
                0x341826ac                TIM9_IRQHandler
                0x341826ac                ETH1_IRQHandler
                0x341826ac                USB1_OTG_HS_IRQHandler
                0x341826ac                PVD_PVM_IRQHandler
                0x341826ac                SPI2_IRQHandler
                0x341826ac                TIM1_TRG_CCU_IRQHandler
                0x341826ac                HPDMA1_Channel11_IRQHandler
                0x341826ac                EXTI14_IRQHandler
                0x341826ac                EXTI11_IRQHandler
                0x341826ac                VENC_IRQHandler
                0x341826ac                GPDMA1_Channel14_IRQHandler
                0x341826ac                EXTI4_IRQHandler
                0x341826ac                RTC_S_IRQHandler
                0x341826ac                GPDMA1_Channel13_IRQHandler
                0x341826ac                RNG_IRQHandler
                0x341826ac                XSPI3_IRQHandler
                0x341826ac                FDCAN2_IT1_IRQHandler
                0x341826ac                TIM1_UP_IRQHandler
                0x341826ac                NPU0_IRQHandler
                0x341826ac                BCK_ECC_IRQHandler
                0x341826ac                WWDG_IRQHandler
                0x341826ac                SPI6_IRQHandler
                0x341826ac                MDIOS_IRQHandler
                0x341826ac                I2C4_EV_IRQHandler
                0x341826ac                FDCAN2_IT0_IRQHandler
                0x341826ac                IWDG_IRQHandler
                0x341826ac                HPDMA1_Channel14_IRQHandler
                0x341826ac                LPUART1_IRQHandler
                0x341826ac                FDCAN1_IT0_IRQHandler
                0x341826ac                MDF1_FLT0_IRQHandler
                0x341826ac                TIM2_IRQHandler
                0x341826ac                MCE3_IRQHandler
                0x341826ac                GPDMA1_Channel4_IRQHandler
                0x341826ac                EXTI7_IRQHandler
                0x341826ac                DMA2D_IRQHandler
                0x341826ac                TIM1_BRK_IRQHandler
                0x341826ac                EXTI1_IRQHandler
                0x341826ac                SDMMC2_IRQHandler
                0x341826ac                TIM11_IRQHandler
                0x341826ac                LTDC_UP_ERR_IRQHandler
                0x341826ac                UART7_IRQHandler
                0x341826ac                DTS_IRQHandler
                0x341826ac                MDF1_FLT3_IRQHandler
                0x341826ac                USART2_IRQHandler
                0x341826ac                GPDMA1_Channel6_IRQHandler
                0x341826ac                ADF1_FLT0_IRQHandler
                0x341826ac                I2C2_ER_IRQHandler
                0x341826ac                MCE1_IRQHandler
                0x341826ac                SPDIFRX_IRQHandler
                0x341826ac                TIM8_BRK_IRQHandler
                0x341826ac                HPDMA1_Channel12_IRQHandler
                0x341826ac                USART1_IRQHandler
                0x341826ac                EXTI10_IRQHandler
                0x341826ac                SPI3_IRQHandler
                0x341826ac                WAKEUP_PIN_IRQHandler
                0x341826ac                DCMIPP_IRQHandler
                0x341826ac                I2C1_ER_IRQHandler
                0x341826ac                FMC_IRQHandler
                0x341826ac                EXTI6_IRQHandler
                0x341826ac                LPTIM1_IRQHandler
                0x341826ac                DCMI_PSSI_IRQHandler
                0x341826ac                TIM8_TRG_CCU_IRQHandler
                0x341826ac                I2C4_ER_IRQHandler
                0x341826ac                GPDMA1_Channel10_IRQHandler
                0x341826ac                ICACHE_IRQHandler
                0x341826ac                HASH_IRQHandler
 .text.HAL_Init
                0x341826ae       0x28 ./Drivers/STM32N6xx_HAL_Driver/stm32n6xx_hal.o
                0x341826ae                HAL_Init
 *fill*         0x341826d6        0x2 
 .text.HAL_InitTick
                0x341826d8       0x6c ./Drivers/STM32N6xx_HAL_Driver/stm32n6xx_hal.o
                0x341826d8                HAL_InitTick
 .text.HAL_IncTick
                0x34182744       0x28 ./Drivers/STM32N6xx_HAL_Driver/stm32n6xx_hal.o
                0x34182744                HAL_IncTick
 .text.HAL_GetTick
                0x3418276c       0x18 ./Drivers/STM32N6xx_HAL_Driver/stm32n6xx_hal.o
                0x3418276c                HAL_GetTick
 .text.HAL_Delay
                0x34182784       0x48 ./Drivers/STM32N6xx_HAL_Driver/stm32n6xx_hal.o
                0x34182784                HAL_Delay
 .text.LL_ADC_SetCommonPathInternalCh
                0x341827cc       0x26 ./Drivers/STM32N6xx_HAL_Driver/stm32n6xx_hal_adc.o
 .text.LL_ADC_GetCommonPathInternalCh
                0x341827f2       0x1c ./Drivers/STM32N6xx_HAL_Driver/stm32n6xx_hal_adc.o
 .text.LL_ADC_SetPathInternalCh
                0x3418280e       0x2c ./Drivers/STM32N6xx_HAL_Driver/stm32n6xx_hal_adc.o
 .text.LL_ADC_GetPathInternalCh
                0x3418283a       0x20 ./Drivers/STM32N6xx_HAL_Driver/stm32n6xx_hal_adc.o
 .text.LL_ADC_SetOffsetChannel
                0x3418285a       0x38 ./Drivers/STM32N6xx_HAL_Driver/stm32n6xx_hal_adc.o
 .text.LL_ADC_GetOffsetChannel
                0x34182892       0x2e ./Drivers/STM32N6xx_HAL_Driver/stm32n6xx_hal_adc.o
 .text.LL_ADC_SetOffsetLevel
                0x341828c0       0x36 ./Drivers/STM32N6xx_HAL_Driver/stm32n6xx_hal_adc.o
 .text.LL_ADC_SetOffsetSign
                0x341828f6       0x36 ./Drivers/STM32N6xx_HAL_Driver/stm32n6xx_hal_adc.o
 .text.LL_ADC_SetOffsetSignedSaturation
                0x3418292c       0x36 ./Drivers/STM32N6xx_HAL_Driver/stm32n6xx_hal_adc.o
 .text.LL_ADC_SetOffsetUnsignedSaturation
                0x34182962       0x36 ./Drivers/STM32N6xx_HAL_Driver/stm32n6xx_hal_adc.o
 .text.LL_ADC_SetGainCompensation
                0x34182998       0x46 ./Drivers/STM32N6xx_HAL_Driver/stm32n6xx_hal_adc.o
 .text.LL_ADC_REG_SetSequencerRanks
                0x341829de       0x56 ./Drivers/STM32N6xx_HAL_Driver/stm32n6xx_hal_adc.o
 .text.LL_ADC_SetChannelPreselection
                0x34182a34       0x2e ./Drivers/STM32N6xx_HAL_Driver/stm32n6xx_hal_adc.o
 *fill*         0x34182a62        0x2 
 .text.LL_ADC_SetChannelSamplingTime
                0x34182a64      0x18c ./Drivers/STM32N6xx_HAL_Driver/stm32n6xx_hal_adc.o
 .text.LL_ADC_SetChannelSingleDiff
                0x34182bf0      0x178 ./Drivers/STM32N6xx_HAL_Driver/stm32n6xx_hal_adc.o
 .text.LL_ADC_DisableDeepPowerDown
                0x34182d68       0x24 ./Drivers/STM32N6xx_HAL_Driver/stm32n6xx_hal_adc.o
 .text.LL_ADC_IsDeepPowerDownEnabled
                0x34182d8c       0x28 ./Drivers/STM32N6xx_HAL_Driver/stm32n6xx_hal_adc.o
 .text.LL_ADC_IsEnabled
                0x34182db4       0x26 ./Drivers/STM32N6xx_HAL_Driver/stm32n6xx_hal_adc.o
 .text.LL_ADC_REG_IsConversionOngoing
                0x34182dda       0x26 ./Drivers/STM32N6xx_HAL_Driver/stm32n6xx_hal_adc.o
 .text.LL_ADC_INJ_IsConversionOngoing
                0x34182e00       0x26 ./Drivers/STM32N6xx_HAL_Driver/stm32n6xx_hal_adc.o
 *fill*         0x34182e26        0x2 
 .text.HAL_ADC_Init
                0x34182e28      0x238 ./Drivers/STM32N6xx_HAL_Driver/stm32n6xx_hal_adc.o
                0x34182e28                HAL_ADC_Init
 .text.HAL_ADC_ConfigChannel
                0x34183060      0x404 ./Drivers/STM32N6xx_HAL_Driver/stm32n6xx_hal_adc.o
                0x34183060                HAL_ADC_ConfigChannel
 .text.LL_ADC_IsEnabled
                0x34183464       0x26 ./Drivers/STM32N6xx_HAL_Driver/stm32n6xx_hal_adc_ex.o
 .text.LL_ADC_REG_IsConversionOngoing
                0x3418348a       0x26 ./Drivers/STM32N6xx_HAL_Driver/stm32n6xx_hal_adc_ex.o
 .text.HAL_ADCEx_MultiModeConfigChannel
                0x341834b0      0x160 ./Drivers/STM32N6xx_HAL_Driver/stm32n6xx_hal_adc_ex.o
                0x341834b0                HAL_ADCEx_MultiModeConfigChannel
 .text.__NVIC_SetPriorityGrouping
                0x34183610       0x48 ./Drivers/STM32N6xx_HAL_Driver/stm32n6xx_hal_cortex.o
 .text.__NVIC_GetPriorityGrouping
                0x34183658       0x1c ./Drivers/STM32N6xx_HAL_Driver/stm32n6xx_hal_cortex.o
 .text.__NVIC_EnableIRQ
                0x34183674       0x3c ./Drivers/STM32N6xx_HAL_Driver/stm32n6xx_hal_cortex.o
 .text.__NVIC_SetPriority
                0x341836b0       0x54 ./Drivers/STM32N6xx_HAL_Driver/stm32n6xx_hal_cortex.o
 .text.NVIC_EncodePriority
                0x34183704       0x66 ./Drivers/STM32N6xx_HAL_Driver/stm32n6xx_hal_cortex.o
 *fill*         0x3418376a        0x2 
 .text.SysTick_Config
                0x3418376c       0x44 ./Drivers/STM32N6xx_HAL_Driver/stm32n6xx_hal_cortex.o
 .text.HAL_NVIC_SetPriorityGrouping
                0x341837b0       0x16 ./Drivers/STM32N6xx_HAL_Driver/stm32n6xx_hal_cortex.o
                0x341837b0                HAL_NVIC_SetPriorityGrouping
 .text.HAL_NVIC_SetPriority
                0x341837c6       0x3a ./Drivers/STM32N6xx_HAL_Driver/stm32n6xx_hal_cortex.o
                0x341837c6                HAL_NVIC_SetPriority
 .text.HAL_NVIC_EnableIRQ
                0x34183800       0x1c ./Drivers/STM32N6xx_HAL_Driver/stm32n6xx_hal_cortex.o
                0x34183800                HAL_NVIC_EnableIRQ
 .text.HAL_SYSTICK_Config
                0x3418381c       0x18 ./Drivers/STM32N6xx_HAL_Driver/stm32n6xx_hal_cortex.o
                0x3418381c                HAL_SYSTICK_Config
 .text.HAL_DMA_Abort_IT
                0x34183834       0x52 ./Drivers/STM32N6xx_HAL_Driver/stm32n6xx_hal_dma.o
                0x34183834                HAL_DMA_Abort_IT
 *fill*         0x34183886        0x2 
 .text.HAL_EXTI_ConfigLineAttributes
                0x34183888       0xc4 ./Drivers/STM32N6xx_HAL_Driver/stm32n6xx_hal_exti.o
                0x34183888                HAL_EXTI_ConfigLineAttributes
 .text.HAL_GPIO_Init
                0x3418394c      0x364 ./Drivers/STM32N6xx_HAL_Driver/stm32n6xx_hal_gpio.o
                0x3418394c                HAL_GPIO_Init
 .text.HAL_HCD_Init
                0x34183cb0       0xba ./Drivers/STM32N6xx_HAL_Driver/stm32n6xx_hal_hcd.o
                0x34183cb0                HAL_HCD_Init
 .text.HAL_I2C_Init
                0x34183d6a      0x136 ./Drivers/STM32N6xx_HAL_Driver/stm32n6xx_hal_i2c.o
                0x34183d6a                HAL_I2C_Init
 .text.HAL_I2CEx_ConfigAnalogFilter
                0x34183ea0       0x96 ./Drivers/STM32N6xx_HAL_Driver/stm32n6xx_hal_i2c_ex.o
                0x34183ea0                HAL_I2CEx_ConfigAnalogFilter
 .text.HAL_I2CEx_ConfigDigitalFilter
                0x34183f36       0x98 ./Drivers/STM32N6xx_HAL_Driver/stm32n6xx_hal_i2c_ex.o
                0x34183f36                HAL_I2CEx_ConfigDigitalFilter
 *fill*         0x34183fce        0x2 
 .text.HAL_MDF_Init
                0x34183fd0      0x2b0 ./Drivers/STM32N6xx_HAL_Driver/stm32n6xx_hal_mdf.o
                0x34183fd0                HAL_MDF_Init
 .text.MDF_GetHandleNumberFromInstance
                0x34184280       0x88 ./Drivers/STM32N6xx_HAL_Driver/stm32n6xx_hal_mdf.o
 .text.HAL_PWREx_ConfigSupply
                0x34184308       0x50 ./Drivers/STM32N6xx_HAL_Driver/stm32n6xx_hal_pwr_ex.o
                0x34184308                HAL_PWREx_ConfigSupply
 .text.HAL_PWREx_ControlVoltageScaling
                0x34184358       0x50 ./Drivers/STM32N6xx_HAL_Driver/stm32n6xx_hal_pwr_ex.o
                0x34184358                HAL_PWREx_ControlVoltageScaling
 .text.HAL_PWREx_EnableVddUSB
                0x341843a8       0x20 ./Drivers/STM32N6xx_HAL_Driver/stm32n6xx_hal_pwr_ex.o
                0x341843a8                HAL_PWREx_EnableVddUSB
 .text.HAL_PWREx_EnableVddIO2
                0x341843c8       0x20 ./Drivers/STM32N6xx_HAL_Driver/stm32n6xx_hal_pwr_ex.o
                0x341843c8                HAL_PWREx_EnableVddIO2
 .text.HAL_PWREx_EnableVddIO3
                0x341843e8       0x20 ./Drivers/STM32N6xx_HAL_Driver/stm32n6xx_hal_pwr_ex.o
                0x341843e8                HAL_PWREx_EnableVddIO3
 .text.HAL_PWREx_EnableVddIO4
                0x34184408       0x20 ./Drivers/STM32N6xx_HAL_Driver/stm32n6xx_hal_pwr_ex.o
                0x34184408                HAL_PWREx_EnableVddIO4
 .text.HAL_PWREx_EnableVddIO5
                0x34184428       0x20 ./Drivers/STM32N6xx_HAL_Driver/stm32n6xx_hal_pwr_ex.o
                0x34184428                HAL_PWREx_EnableVddIO5
 .text.HAL_PWREx_EnableVddA
                0x34184448       0x20 ./Drivers/STM32N6xx_HAL_Driver/stm32n6xx_hal_pwr_ex.o
                0x34184448                HAL_PWREx_EnableVddA
 .text.LL_RCC_HSE_IsReady
                0x34184468       0x24 ./Drivers/STM32N6xx_HAL_Driver/stm32n6xx_hal_rcc.o
 .text.LL_RCC_HSI_Enable
                0x3418448c       0x1c ./Drivers/STM32N6xx_HAL_Driver/stm32n6xx_hal_rcc.o
 .text.LL_RCC_HSI_Disable
                0x341844a8       0x20 ./Drivers/STM32N6xx_HAL_Driver/stm32n6xx_hal_rcc.o
 .text.LL_RCC_HSI_IsReady
                0x341844c8       0x24 ./Drivers/STM32N6xx_HAL_Driver/stm32n6xx_hal_rcc.o
 .text.LL_RCC_HSI_SetDivider
                0x341844ec       0x28 ./Drivers/STM32N6xx_HAL_Driver/stm32n6xx_hal_rcc.o
 .text.LL_RCC_HSI_GetDivider
                0x34184514       0x1c ./Drivers/STM32N6xx_HAL_Driver/stm32n6xx_hal_rcc.o
 .text.LL_RCC_HSI_SetCalibTrimming
                0x34184530       0x2c ./Drivers/STM32N6xx_HAL_Driver/stm32n6xx_hal_rcc.o
 .text.LL_RCC_MSI_Enable
                0x3418455c       0x1c ./Drivers/STM32N6xx_HAL_Driver/stm32n6xx_hal_rcc.o
 .text.LL_RCC_MSI_Disable
                0x34184578       0x20 ./Drivers/STM32N6xx_HAL_Driver/stm32n6xx_hal_rcc.o
 .text.LL_RCC_MSI_IsReady
                0x34184598       0x24 ./Drivers/STM32N6xx_HAL_Driver/stm32n6xx_hal_rcc.o
 .text.LL_RCC_MSI_SetFrequency
                0x341845bc       0x28 ./Drivers/STM32N6xx_HAL_Driver/stm32n6xx_hal_rcc.o
 .text.LL_RCC_MSI_SetCalibTrimming
                0x341845e4       0x2c ./Drivers/STM32N6xx_HAL_Driver/stm32n6xx_hal_rcc.o
 .text.LL_RCC_LSE_IsReady
                0x34184610       0x24 ./Drivers/STM32N6xx_HAL_Driver/stm32n6xx_hal_rcc.o
 .text.LL_RCC_LSI_Enable
                0x34184634       0x1c ./Drivers/STM32N6xx_HAL_Driver/stm32n6xx_hal_rcc.o
 .text.LL_RCC_LSI_Disable
                0x34184650       0x20 ./Drivers/STM32N6xx_HAL_Driver/stm32n6xx_hal_rcc.o
 .text.LL_RCC_LSI_IsReady
                0x34184670       0x1c ./Drivers/STM32N6xx_HAL_Driver/stm32n6xx_hal_rcc.o
 .text.LL_RCC_GetCpuClkSource
                0x3418468c       0x1c ./Drivers/STM32N6xx_HAL_Driver/stm32n6xx_hal_rcc.o
 .text.LL_RCC_GetSysClkSource
                0x341846a8       0x1c ./Drivers/STM32N6xx_HAL_Driver/stm32n6xx_hal_rcc.o
 .text.LL_RCC_PLL1_GetSource
                0x341846c4       0x1c ./Drivers/STM32N6xx_HAL_Driver/stm32n6xx_hal_rcc.o
 .text.LL_RCC_PLL1_IsReady
                0x341846e0       0x28 ./Drivers/STM32N6xx_HAL_Driver/stm32n6xx_hal_rcc.o
 .text.LL_RCC_PLL1_IsEnabledBypass
                0x34184708       0x28 ./Drivers/STM32N6xx_HAL_Driver/stm32n6xx_hal_rcc.o
 .text.LL_RCC_PLL2_GetSource
                0x34184730       0x1c ./Drivers/STM32N6xx_HAL_Driver/stm32n6xx_hal_rcc.o
 .text.LL_RCC_PLL2_IsReady
                0x3418474c       0x28 ./Drivers/STM32N6xx_HAL_Driver/stm32n6xx_hal_rcc.o
 .text.LL_RCC_PLL2_IsEnabledBypass
                0x34184774       0x28 ./Drivers/STM32N6xx_HAL_Driver/stm32n6xx_hal_rcc.o
 .text.LL_RCC_PLL3_GetSource
                0x3418479c       0x1c ./Drivers/STM32N6xx_HAL_Driver/stm32n6xx_hal_rcc.o
 .text.LL_RCC_PLL3_IsReady
                0x341847b8       0x28 ./Drivers/STM32N6xx_HAL_Driver/stm32n6xx_hal_rcc.o
 .text.LL_RCC_PLL3_IsEnabledBypass
                0x341847e0       0x28 ./Drivers/STM32N6xx_HAL_Driver/stm32n6xx_hal_rcc.o
 .text.LL_RCC_PLL4_GetSource
                0x34184808       0x1c ./Drivers/STM32N6xx_HAL_Driver/stm32n6xx_hal_rcc.o
 .text.LL_RCC_PLL4_IsReady
                0x34184824       0x28 ./Drivers/STM32N6xx_HAL_Driver/stm32n6xx_hal_rcc.o
 .text.LL_RCC_PLL4_IsEnabledBypass
                0x3418484c       0x28 ./Drivers/STM32N6xx_HAL_Driver/stm32n6xx_hal_rcc.o
 .text.LL_RCC_IC1_Enable
                0x34184874       0x1c ./Drivers/STM32N6xx_HAL_Driver/stm32n6xx_hal_rcc.o
 .text.LL_RCC_IC1_GetSource
                0x34184890       0x1c ./Drivers/STM32N6xx_HAL_Driver/stm32n6xx_hal_rcc.o
 .text.LL_RCC_IC1_GetDivider
                0x341848ac       0x20 ./Drivers/STM32N6xx_HAL_Driver/stm32n6xx_hal_rcc.o
 .text.LL_RCC_IC2_GetSource
                0x341848cc       0x1c ./Drivers/STM32N6xx_HAL_Driver/stm32n6xx_hal_rcc.o
 .text.LL_RCC_IC2_GetDivider
                0x341848e8       0x20 ./Drivers/STM32N6xx_HAL_Driver/stm32n6xx_hal_rcc.o
 .text.LL_RCC_IC6_GetSource
                0x34184908       0x1c ./Drivers/STM32N6xx_HAL_Driver/stm32n6xx_hal_rcc.o
 .text.LL_RCC_IC11_GetSource
                0x34184924       0x1c ./Drivers/STM32N6xx_HAL_Driver/stm32n6xx_hal_rcc.o
 .text.HAL_RCC_OscConfig
                0x34184940      0x800 ./Drivers/STM32N6xx_HAL_Driver/stm32n6xx_hal_rcc.o
                0x34184940                HAL_RCC_OscConfig
 .text.HAL_RCC_ClockConfig
                0x34185140      0x408 ./Drivers/STM32N6xx_HAL_Driver/stm32n6xx_hal_rcc.o
                0x34185140                HAL_RCC_ClockConfig
 .text.HAL_RCC_GetCpuClockFreq
                0x34185548      0x100 ./Drivers/STM32N6xx_HAL_Driver/stm32n6xx_hal_rcc.o
                0x34185548                HAL_RCC_GetCpuClockFreq
 .text.HAL_RCC_GetSysClockFreq
                0x34185648       0x1e ./Drivers/STM32N6xx_HAL_Driver/stm32n6xx_hal_rcc.o
                0x34185648                HAL_RCC_GetSysClockFreq
 *fill*         0x34185666        0x2 
 .text.HAL_RCC_GetClockConfig
                0x34185668       0xec ./Drivers/STM32N6xx_HAL_Driver/stm32n6xx_hal_rcc.o
                0x34185668                HAL_RCC_GetClockConfig
 .text.RCC_GetSysClockFreq
                0x34185754      0x104 ./Drivers/STM32N6xx_HAL_Driver/stm32n6xx_hal_rcc.o
 .text.RCC_PLL_Config
                0x34185858      0x260 ./Drivers/STM32N6xx_HAL_Driver/stm32n6xx_hal_rcc.o
 .text.RCC_PLL_Enable
                0x34185ab8       0x58 ./Drivers/STM32N6xx_HAL_Driver/stm32n6xx_hal_rcc.o
 .text.RCC_PLL_IsNewConfig
                0x34185b10       0xf4 ./Drivers/STM32N6xx_HAL_Driver/stm32n6xx_hal_rcc.o
 .text.RCC_PLL_Source_IsReady
                0x34185c04       0x74 ./Drivers/STM32N6xx_HAL_Driver/stm32n6xx_hal_rcc.o
 .text.RCC_IC_CheckPLLSources
                0x34185c78      0x170 ./Drivers/STM32N6xx_HAL_Driver/stm32n6xx_hal_rcc.o
 .text.LL_RCC_HSE_SelectHSEAsDiv2Clock
                0x34185de8       0x20 ./Drivers/STM32N6xx_HAL_Driver/stm32n6xx_hal_rcc_ex.o
 .text.LL_RCC_HSE_SelectHSEDiv2AsDiv2Clock
                0x34185e08       0x20 ./Drivers/STM32N6xx_HAL_Driver/stm32n6xx_hal_rcc_ex.o
 .text.LL_RCC_HSE_IsSelectedHSEDiv2AsDiv2Clock
                0x34185e28       0x24 ./Drivers/STM32N6xx_HAL_Driver/stm32n6xx_hal_rcc_ex.o
 .text.LL_RCC_HSE_IsReady
                0x34185e4c       0x24 ./Drivers/STM32N6xx_HAL_Driver/stm32n6xx_hal_rcc_ex.o
 .text.LL_RCC_HSI_IsReady
                0x34185e70       0x24 ./Drivers/STM32N6xx_HAL_Driver/stm32n6xx_hal_rcc_ex.o
 .text.LL_RCC_HSI_GetDivider
                0x34185e94       0x1c ./Drivers/STM32N6xx_HAL_Driver/stm32n6xx_hal_rcc_ex.o
 .text.LL_RCC_MSI_IsReady
                0x34185eb0       0x24 ./Drivers/STM32N6xx_HAL_Driver/stm32n6xx_hal_rcc_ex.o
 .text.LL_RCC_MSI_GetFrequency
                0x34185ed4       0x1c ./Drivers/STM32N6xx_HAL_Driver/stm32n6xx_hal_rcc_ex.o
 .text.LL_RCC_LSE_IsReady
                0x34185ef0       0x24 ./Drivers/STM32N6xx_HAL_Driver/stm32n6xx_hal_rcc_ex.o
 .text.LL_RCC_LSI_IsReady
                0x34185f14       0x1c ./Drivers/STM32N6xx_HAL_Driver/stm32n6xx_hal_rcc_ex.o
 .text.LL_RCC_GetAHBPrescaler
                0x34185f30       0x1c ./Drivers/STM32N6xx_HAL_Driver/stm32n6xx_hal_rcc_ex.o
 .text.LL_RCC_GetAPB1Prescaler
                0x34185f4c       0x1c ./Drivers/STM32N6xx_HAL_Driver/stm32n6xx_hal_rcc_ex.o
 .text.LL_RCC_GetAPB2Prescaler
                0x34185f68       0x1c ./Drivers/STM32N6xx_HAL_Driver/stm32n6xx_hal_rcc_ex.o
 .text.LL_RCC_GetAPB4Prescaler
                0x34185f84       0x1c ./Drivers/STM32N6xx_HAL_Driver/stm32n6xx_hal_rcc_ex.o
 .text.LL_RCC_GetAPB5Prescaler
                0x34185fa0       0x1c ./Drivers/STM32N6xx_HAL_Driver/stm32n6xx_hal_rcc_ex.o
 .text.LL_RCC_SetClockSource
                0x34185fbc       0x54 ./Drivers/STM32N6xx_HAL_Driver/stm32n6xx_hal_rcc_ex.o
 .text.LL_RCC_GetADCPrescaler
                0x34186010       0x1c ./Drivers/STM32N6xx_HAL_Driver/stm32n6xx_hal_rcc_ex.o
 .text.LL_RCC_SetADFClockSource
                0x3418602c       0x2c ./Drivers/STM32N6xx_HAL_Driver/stm32n6xx_hal_rcc_ex.o
 .text.LL_RCC_SetCLKPClockSource
                0x34186058       0x2c ./Drivers/STM32N6xx_HAL_Driver/stm32n6xx_hal_rcc_ex.o
 .text.LL_RCC_SetDCMIPPClockSource
                0x34186084       0x2c ./Drivers/STM32N6xx_HAL_Driver/stm32n6xx_hal_rcc_ex.o
 .text.LL_RCC_SetETHClockSource
                0x341860b0       0x2c ./Drivers/STM32N6xx_HAL_Driver/stm32n6xx_hal_rcc_ex.o
 .text.LL_RCC_SetETHPHYInterface
                0x341860dc       0x2c ./Drivers/STM32N6xx_HAL_Driver/stm32n6xx_hal_rcc_ex.o
 .text.LL_RCC_GetETH1PTPDivider
                0x34186108       0x1c ./Drivers/STM32N6xx_HAL_Driver/stm32n6xx_hal_rcc_ex.o
 .text.LL_RCC_SetETHREFRXClockSource
                0x34186124       0x2c ./Drivers/STM32N6xx_HAL_Driver/stm32n6xx_hal_rcc_ex.o
 .text.LL_RCC_SetETHREFTXClockSource
                0x34186150       0x2c ./Drivers/STM32N6xx_HAL_Driver/stm32n6xx_hal_rcc_ex.o
 .text.LL_RCC_SetFDCANClockSource
                0x3418617c       0x2c ./Drivers/STM32N6xx_HAL_Driver/stm32n6xx_hal_rcc_ex.o
 .text.LL_RCC_SetFMCClockSource
                0x341861a8       0x2c ./Drivers/STM32N6xx_HAL_Driver/stm32n6xx_hal_rcc_ex.o
 .text.LL_RCC_SetI2CClockSource
                0x341861d4       0x16 ./Drivers/STM32N6xx_HAL_Driver/stm32n6xx_hal_rcc_ex.o
 .text.LL_RCC_SetI3CClockSource
                0x341861ea       0x16 ./Drivers/STM32N6xx_HAL_Driver/stm32n6xx_hal_rcc_ex.o
 .text.LL_RCC_SetLPTIMClockSource
                0x34186200       0x16 ./Drivers/STM32N6xx_HAL_Driver/stm32n6xx_hal_rcc_ex.o
 *fill*         0x34186216        0x2 
 .text.LL_RCC_SetLPUARTClockSource
                0x34186218       0x2c ./Drivers/STM32N6xx_HAL_Driver/stm32n6xx_hal_rcc_ex.o
 .text.LL_RCC_SetLTDCClockSource
                0x34186244       0x2c ./Drivers/STM32N6xx_HAL_Driver/stm32n6xx_hal_rcc_ex.o
 .text.LL_RCC_SetMDFClockSource
                0x34186270       0x2c ./Drivers/STM32N6xx_HAL_Driver/stm32n6xx_hal_rcc_ex.o
 .text.LL_RCC_SetOTGPHYClockSource
                0x3418629c       0x16 ./Drivers/STM32N6xx_HAL_Driver/stm32n6xx_hal_rcc_ex.o
 .text.LL_RCC_SetOTGPHYCKREFClockSource
                0x341862b2       0x16 ./Drivers/STM32N6xx_HAL_Driver/stm32n6xx_hal_rcc_ex.o
 .text.LL_RCC_SetPSSIClockSource
                0x341862c8       0x2c ./Drivers/STM32N6xx_HAL_Driver/stm32n6xx_hal_rcc_ex.o
 .text.LL_RCC_SetSAIClockSource
                0x341862f4       0x16 ./Drivers/STM32N6xx_HAL_Driver/stm32n6xx_hal_rcc_ex.o
 .text.LL_RCC_SetSDMMCClockSource
                0x3418630a       0x16 ./Drivers/STM32N6xx_HAL_Driver/stm32n6xx_hal_rcc_ex.o
 .text.LL_RCC_SetSPDIFRXClockSource
                0x34186320       0x2c ./Drivers/STM32N6xx_HAL_Driver/stm32n6xx_hal_rcc_ex.o
 .text.LL_RCC_SetSPIClockSource
                0x3418634c       0x16 ./Drivers/STM32N6xx_HAL_Driver/stm32n6xx_hal_rcc_ex.o
 .text.LL_RCC_SetUSARTClockSource
                0x34186362       0x16 ./Drivers/STM32N6xx_HAL_Driver/stm32n6xx_hal_rcc_ex.o
 .text.LL_RCC_SetXSPIClockSource
                0x34186378       0x16 ./Drivers/STM32N6xx_HAL_Driver/stm32n6xx_hal_rcc_ex.o
 *fill*         0x3418638e        0x2 
 .text.LL_RCC_GetClockSource
                0x34186390       0x4c ./Drivers/STM32N6xx_HAL_Driver/stm32n6xx_hal_rcc_ex.o
 .text.LL_RCC_GetADCClockSource
                0x341863dc       0x24 ./Drivers/STM32N6xx_HAL_Driver/stm32n6xx_hal_rcc_ex.o
 .text.LL_RCC_GetADFClockSource
                0x34186400       0x24 ./Drivers/STM32N6xx_HAL_Driver/stm32n6xx_hal_rcc_ex.o
 .text.LL_RCC_GetCLKPClockSource
                0x34186424       0x24 ./Drivers/STM32N6xx_HAL_Driver/stm32n6xx_hal_rcc_ex.o
 .text.LL_RCC_GetDCMIPPClockSource
                0x34186448       0x24 ./Drivers/STM32N6xx_HAL_Driver/stm32n6xx_hal_rcc_ex.o
 .text.LL_RCC_GetETHClockSource
                0x3418646c       0x24 ./Drivers/STM32N6xx_HAL_Driver/stm32n6xx_hal_rcc_ex.o
 .text.LL_RCC_GetETHPTPClockSource
                0x34186490       0x24 ./Drivers/STM32N6xx_HAL_Driver/stm32n6xx_hal_rcc_ex.o
 .text.LL_RCC_GetFDCANClockSource
                0x341864b4       0x24 ./Drivers/STM32N6xx_HAL_Driver/stm32n6xx_hal_rcc_ex.o
 .text.LL_RCC_GetFMCClockSource
                0x341864d8       0x24 ./Drivers/STM32N6xx_HAL_Driver/stm32n6xx_hal_rcc_ex.o
 .text.LL_RCC_GetI2CClockSource
                0x341864fc       0x18 ./Drivers/STM32N6xx_HAL_Driver/stm32n6xx_hal_rcc_ex.o
 .text.LL_RCC_GetI3CClockSource
                0x34186514       0x18 ./Drivers/STM32N6xx_HAL_Driver/stm32n6xx_hal_rcc_ex.o
 .text.LL_RCC_GetLPTIMClockSource
                0x3418652c       0x18 ./Drivers/STM32N6xx_HAL_Driver/stm32n6xx_hal_rcc_ex.o
 .text.LL_RCC_GetLPUARTClockSource
                0x34186544       0x24 ./Drivers/STM32N6xx_HAL_Driver/stm32n6xx_hal_rcc_ex.o
 .text.LL_RCC_GetLTDCClockSource
                0x34186568       0x24 ./Drivers/STM32N6xx_HAL_Driver/stm32n6xx_hal_rcc_ex.o
 .text.LL_RCC_GetMDFClockSource
                0x3418658c       0x24 ./Drivers/STM32N6xx_HAL_Driver/stm32n6xx_hal_rcc_ex.o
 .text.LL_RCC_GetPSSIClockSource
                0x341865b0       0x24 ./Drivers/STM32N6xx_HAL_Driver/stm32n6xx_hal_rcc_ex.o
 .text.LL_RCC_GetSAIClockSource
                0x341865d4       0x18 ./Drivers/STM32N6xx_HAL_Driver/stm32n6xx_hal_rcc_ex.o
 .text.LL_RCC_GetSDMMCClockSource
                0x341865ec       0x18 ./Drivers/STM32N6xx_HAL_Driver/stm32n6xx_hal_rcc_ex.o
 .text.LL_RCC_GetSPDIFRXClockSource
                0x34186604       0x24 ./Drivers/STM32N6xx_HAL_Driver/stm32n6xx_hal_rcc_ex.o
 .text.LL_RCC_GetSPIClockSource
                0x34186628       0x18 ./Drivers/STM32N6xx_HAL_Driver/stm32n6xx_hal_rcc_ex.o
 .text.LL_RCC_GetUSARTClockSource
                0x34186640       0x18 ./Drivers/STM32N6xx_HAL_Driver/stm32n6xx_hal_rcc_ex.o
 .text.LL_RCC_GetUARTClockSource
                0x34186658       0x18 ./Drivers/STM32N6xx_HAL_Driver/stm32n6xx_hal_rcc_ex.o
 .text.LL_RCC_GetUSBClockSource
                0x34186670       0x18 ./Drivers/STM32N6xx_HAL_Driver/stm32n6xx_hal_rcc_ex.o
 .text.LL_RCC_GetXSPIClockSource
                0x34186688       0x18 ./Drivers/STM32N6xx_HAL_Driver/stm32n6xx_hal_rcc_ex.o
 .text.LL_RCC_SetRTCClockSource
                0x341866a0       0x2c ./Drivers/STM32N6xx_HAL_Driver/stm32n6xx_hal_rcc_ex.o
 .text.LL_RCC_GetRTCClockSource
                0x341866cc       0x1c ./Drivers/STM32N6xx_HAL_Driver/stm32n6xx_hal_rcc_ex.o
 .text.LL_RCC_SetRTC_HSEPrescaler
                0x341866e8       0x2c ./Drivers/STM32N6xx_HAL_Driver/stm32n6xx_hal_rcc_ex.o
 .text.LL_RCC_SetTIMPrescaler
                0x34186714       0x2c ./Drivers/STM32N6xx_HAL_Driver/stm32n6xx_hal_rcc_ex.o
 .text.LL_RCC_GetTIMPrescaler
                0x34186740       0x1c ./Drivers/STM32N6xx_HAL_Driver/stm32n6xx_hal_rcc_ex.o
 .text.LL_RCC_PLL1_GetSource
                0x3418675c       0x1c ./Drivers/STM32N6xx_HAL_Driver/stm32n6xx_hal_rcc_ex.o
 .text.LL_RCC_PLL1_IsReady
                0x34186778       0x28 ./Drivers/STM32N6xx_HAL_Driver/stm32n6xx_hal_rcc_ex.o
 .text.LL_RCC_PLL1_IsEnabledBypass
                0x341867a0       0x28 ./Drivers/STM32N6xx_HAL_Driver/stm32n6xx_hal_rcc_ex.o
 .text.LL_RCC_PLL1_GetN
                0x341867c8       0x20 ./Drivers/STM32N6xx_HAL_Driver/stm32n6xx_hal_rcc_ex.o
 .text.LL_RCC_PLL1_GetM
                0x341867e8       0x20 ./Drivers/STM32N6xx_HAL_Driver/stm32n6xx_hal_rcc_ex.o
 .text.LL_RCC_PLL1_GetP1
                0x34186808       0x20 ./Drivers/STM32N6xx_HAL_Driver/stm32n6xx_hal_rcc_ex.o
 .text.LL_RCC_PLL1_GetP2
                0x34186828       0x20 ./Drivers/STM32N6xx_HAL_Driver/stm32n6xx_hal_rcc_ex.o
 .text.LL_RCC_PLL1P_IsEnabled
                0x34186848       0x28 ./Drivers/STM32N6xx_HAL_Driver/stm32n6xx_hal_rcc_ex.o
 .text.LL_RCC_PLL1_GetFRACN
                0x34186870       0x1c ./Drivers/STM32N6xx_HAL_Driver/stm32n6xx_hal_rcc_ex.o
 .text.LL_RCC_PLL2_GetSource
                0x3418688c       0x1c ./Drivers/STM32N6xx_HAL_Driver/stm32n6xx_hal_rcc_ex.o
 .text.LL_RCC_PLL2_IsReady
                0x341868a8       0x28 ./Drivers/STM32N6xx_HAL_Driver/stm32n6xx_hal_rcc_ex.o
 .text.LL_RCC_PLL2_IsEnabledBypass
                0x341868d0       0x28 ./Drivers/STM32N6xx_HAL_Driver/stm32n6xx_hal_rcc_ex.o
 .text.LL_RCC_PLL2_GetN
                0x341868f8       0x20 ./Drivers/STM32N6xx_HAL_Driver/stm32n6xx_hal_rcc_ex.o
 .text.LL_RCC_PLL2_GetM
                0x34186918       0x20 ./Drivers/STM32N6xx_HAL_Driver/stm32n6xx_hal_rcc_ex.o
 .text.LL_RCC_PLL2_GetP1
                0x34186938       0x20 ./Drivers/STM32N6xx_HAL_Driver/stm32n6xx_hal_rcc_ex.o
 .text.LL_RCC_PLL2_GetP2
                0x34186958       0x20 ./Drivers/STM32N6xx_HAL_Driver/stm32n6xx_hal_rcc_ex.o
 .text.LL_RCC_PLL2P_IsEnabled
                0x34186978       0x28 ./Drivers/STM32N6xx_HAL_Driver/stm32n6xx_hal_rcc_ex.o
 .text.LL_RCC_PLL2_GetFRACN
                0x341869a0       0x1c ./Drivers/STM32N6xx_HAL_Driver/stm32n6xx_hal_rcc_ex.o
 .text.LL_RCC_PLL3_GetSource
                0x341869bc       0x1c ./Drivers/STM32N6xx_HAL_Driver/stm32n6xx_hal_rcc_ex.o
 .text.LL_RCC_PLL3_IsReady
                0x341869d8       0x28 ./Drivers/STM32N6xx_HAL_Driver/stm32n6xx_hal_rcc_ex.o
 .text.LL_RCC_PLL3_IsEnabledBypass
                0x34186a00       0x28 ./Drivers/STM32N6xx_HAL_Driver/stm32n6xx_hal_rcc_ex.o
 .text.LL_RCC_PLL3_GetN
                0x34186a28       0x20 ./Drivers/STM32N6xx_HAL_Driver/stm32n6xx_hal_rcc_ex.o
 .text.LL_RCC_PLL3_GetM
                0x34186a48       0x20 ./Drivers/STM32N6xx_HAL_Driver/stm32n6xx_hal_rcc_ex.o
 .text.LL_RCC_PLL3_GetP1
                0x34186a68       0x20 ./Drivers/STM32N6xx_HAL_Driver/stm32n6xx_hal_rcc_ex.o
 .text.LL_RCC_PLL3_GetP2
                0x34186a88       0x20 ./Drivers/STM32N6xx_HAL_Driver/stm32n6xx_hal_rcc_ex.o
 .text.LL_RCC_PLL3P_IsEnabled
                0x34186aa8       0x28 ./Drivers/STM32N6xx_HAL_Driver/stm32n6xx_hal_rcc_ex.o
 .text.LL_RCC_PLL3_GetFRACN
                0x34186ad0       0x1c ./Drivers/STM32N6xx_HAL_Driver/stm32n6xx_hal_rcc_ex.o
 .text.LL_RCC_PLL4_GetSource
                0x34186aec       0x1c ./Drivers/STM32N6xx_HAL_Driver/stm32n6xx_hal_rcc_ex.o
 .text.LL_RCC_PLL4_IsReady
                0x34186b08       0x28 ./Drivers/STM32N6xx_HAL_Driver/stm32n6xx_hal_rcc_ex.o
 .text.LL_RCC_PLL4_IsEnabledBypass
                0x34186b30       0x28 ./Drivers/STM32N6xx_HAL_Driver/stm32n6xx_hal_rcc_ex.o
 .text.LL_RCC_PLL4_GetN
                0x34186b58       0x20 ./Drivers/STM32N6xx_HAL_Driver/stm32n6xx_hal_rcc_ex.o
 .text.LL_RCC_PLL4_GetM
                0x34186b78       0x20 ./Drivers/STM32N6xx_HAL_Driver/stm32n6xx_hal_rcc_ex.o
 .text.LL_RCC_PLL4_GetP1
                0x34186b98       0x20 ./Drivers/STM32N6xx_HAL_Driver/stm32n6xx_hal_rcc_ex.o
 .text.LL_RCC_PLL4_GetP2
                0x34186bb8       0x20 ./Drivers/STM32N6xx_HAL_Driver/stm32n6xx_hal_rcc_ex.o
 .text.LL_RCC_PLL4P_IsEnabled
                0x34186bd8       0x28 ./Drivers/STM32N6xx_HAL_Driver/stm32n6xx_hal_rcc_ex.o
 .text.LL_RCC_PLL4_GetFRACN
                0x34186c00       0x1c ./Drivers/STM32N6xx_HAL_Driver/stm32n6xx_hal_rcc_ex.o
 .text.LL_RCC_IC3_Enable
                0x34186c1c       0x1c ./Drivers/STM32N6xx_HAL_Driver/stm32n6xx_hal_rcc_ex.o
 .text.LL_RCC_IC3_IsEnabled
                0x34186c38       0x28 ./Drivers/STM32N6xx_HAL_Driver/stm32n6xx_hal_rcc_ex.o
 .text.LL_RCC_IC3_GetSource
                0x34186c60       0x1c ./Drivers/STM32N6xx_HAL_Driver/stm32n6xx_hal_rcc_ex.o
 .text.LL_RCC_IC3_GetDivider
                0x34186c7c       0x20 ./Drivers/STM32N6xx_HAL_Driver/stm32n6xx_hal_rcc_ex.o
 .text.LL_RCC_IC4_Enable
                0x34186c9c       0x1c ./Drivers/STM32N6xx_HAL_Driver/stm32n6xx_hal_rcc_ex.o
 .text.LL_RCC_IC4_IsEnabled
                0x34186cb8       0x28 ./Drivers/STM32N6xx_HAL_Driver/stm32n6xx_hal_rcc_ex.o
 .text.LL_RCC_IC4_GetSource
                0x34186ce0       0x1c ./Drivers/STM32N6xx_HAL_Driver/stm32n6xx_hal_rcc_ex.o
 .text.LL_RCC_IC4_GetDivider
                0x34186cfc       0x20 ./Drivers/STM32N6xx_HAL_Driver/stm32n6xx_hal_rcc_ex.o
 .text.LL_RCC_IC5_Enable
                0x34186d1c       0x1c ./Drivers/STM32N6xx_HAL_Driver/stm32n6xx_hal_rcc_ex.o
 .text.LL_RCC_IC5_IsEnabled
                0x34186d38       0x28 ./Drivers/STM32N6xx_HAL_Driver/stm32n6xx_hal_rcc_ex.o
 .text.LL_RCC_IC5_GetSource
                0x34186d60       0x1c ./Drivers/STM32N6xx_HAL_Driver/stm32n6xx_hal_rcc_ex.o
 .text.LL_RCC_IC5_GetDivider
                0x34186d7c       0x20 ./Drivers/STM32N6xx_HAL_Driver/stm32n6xx_hal_rcc_ex.o
 .text.LL_RCC_IC7_Enable
                0x34186d9c       0x1c ./Drivers/STM32N6xx_HAL_Driver/stm32n6xx_hal_rcc_ex.o
 .text.LL_RCC_IC7_IsEnabled
                0x34186db8       0x28 ./Drivers/STM32N6xx_HAL_Driver/stm32n6xx_hal_rcc_ex.o
 .text.LL_RCC_IC7_GetSource
                0x34186de0       0x1c ./Drivers/STM32N6xx_HAL_Driver/stm32n6xx_hal_rcc_ex.o
 .text.LL_RCC_IC7_GetDivider
                0x34186dfc       0x20 ./Drivers/STM32N6xx_HAL_Driver/stm32n6xx_hal_rcc_ex.o
 .text.LL_RCC_IC8_Enable
                0x34186e1c       0x1c ./Drivers/STM32N6xx_HAL_Driver/stm32n6xx_hal_rcc_ex.o
 .text.LL_RCC_IC8_IsEnabled
                0x34186e38       0x28 ./Drivers/STM32N6xx_HAL_Driver/stm32n6xx_hal_rcc_ex.o
 .text.LL_RCC_IC8_GetSource
                0x34186e60       0x1c ./Drivers/STM32N6xx_HAL_Driver/stm32n6xx_hal_rcc_ex.o
 .text.LL_RCC_IC8_GetDivider
                0x34186e7c       0x20 ./Drivers/STM32N6xx_HAL_Driver/stm32n6xx_hal_rcc_ex.o
 .text.LL_RCC_IC9_Enable
                0x34186e9c       0x1c ./Drivers/STM32N6xx_HAL_Driver/stm32n6xx_hal_rcc_ex.o
 .text.LL_RCC_IC9_IsEnabled
                0x34186eb8       0x28 ./Drivers/STM32N6xx_HAL_Driver/stm32n6xx_hal_rcc_ex.o
 .text.LL_RCC_IC9_GetSource
                0x34186ee0       0x1c ./Drivers/STM32N6xx_HAL_Driver/stm32n6xx_hal_rcc_ex.o
 .text.LL_RCC_IC9_GetDivider
                0x34186efc       0x20 ./Drivers/STM32N6xx_HAL_Driver/stm32n6xx_hal_rcc_ex.o
 .text.LL_RCC_IC10_Enable
                0x34186f1c       0x1c ./Drivers/STM32N6xx_HAL_Driver/stm32n6xx_hal_rcc_ex.o
 .text.LL_RCC_IC10_IsEnabled
                0x34186f38       0x28 ./Drivers/STM32N6xx_HAL_Driver/stm32n6xx_hal_rcc_ex.o
 .text.LL_RCC_IC10_GetSource
                0x34186f60       0x1c ./Drivers/STM32N6xx_HAL_Driver/stm32n6xx_hal_rcc_ex.o
 .text.LL_RCC_IC10_GetDivider
                0x34186f7c       0x20 ./Drivers/STM32N6xx_HAL_Driver/stm32n6xx_hal_rcc_ex.o
 .text.LL_RCC_IC12_Enable
                0x34186f9c       0x1c ./Drivers/STM32N6xx_HAL_Driver/stm32n6xx_hal_rcc_ex.o
 .text.LL_RCC_IC12_IsEnabled
                0x34186fb8       0x28 ./Drivers/STM32N6xx_HAL_Driver/stm32n6xx_hal_rcc_ex.o
 .text.LL_RCC_IC12_GetSource
                0x34186fe0       0x1c ./Drivers/STM32N6xx_HAL_Driver/stm32n6xx_hal_rcc_ex.o
 .text.LL_RCC_IC12_GetDivider
                0x34186ffc       0x20 ./Drivers/STM32N6xx_HAL_Driver/stm32n6xx_hal_rcc_ex.o
 .text.LL_RCC_IC13_Enable
                0x3418701c       0x1c ./Drivers/STM32N6xx_HAL_Driver/stm32n6xx_hal_rcc_ex.o
 .text.LL_RCC_IC13_IsEnabled
                0x34187038       0x28 ./Drivers/STM32N6xx_HAL_Driver/stm32n6xx_hal_rcc_ex.o
 .text.LL_RCC_IC13_GetSource
                0x34187060       0x1c ./Drivers/STM32N6xx_HAL_Driver/stm32n6xx_hal_rcc_ex.o
 .text.LL_RCC_IC13_GetDivider
                0x3418707c       0x20 ./Drivers/STM32N6xx_HAL_Driver/stm32n6xx_hal_rcc_ex.o
 .text.LL_RCC_IC14_Enable
                0x3418709c       0x1c ./Drivers/STM32N6xx_HAL_Driver/stm32n6xx_hal_rcc_ex.o
 .text.LL_RCC_IC14_IsEnabled
                0x341870b8       0x28 ./Drivers/STM32N6xx_HAL_Driver/stm32n6xx_hal_rcc_ex.o
 .text.LL_RCC_IC14_GetSource
                0x341870e0       0x1c ./Drivers/STM32N6xx_HAL_Driver/stm32n6xx_hal_rcc_ex.o
 .text.LL_RCC_IC14_GetDivider
                0x341870fc       0x20 ./Drivers/STM32N6xx_HAL_Driver/stm32n6xx_hal_rcc_ex.o
 .text.LL_RCC_IC15_Enable
                0x3418711c       0x1c ./Drivers/STM32N6xx_HAL_Driver/stm32n6xx_hal_rcc_ex.o
 .text.LL_RCC_IC15_IsEnabled
                0x34187138       0x28 ./Drivers/STM32N6xx_HAL_Driver/stm32n6xx_hal_rcc_ex.o
 .text.LL_RCC_IC15_GetSource
                0x34187160       0x1c ./Drivers/STM32N6xx_HAL_Driver/stm32n6xx_hal_rcc_ex.o
 .text.LL_RCC_IC15_GetDivider
                0x3418717c       0x20 ./Drivers/STM32N6xx_HAL_Driver/stm32n6xx_hal_rcc_ex.o
 .text.LL_RCC_IC16_Enable
                0x3418719c       0x1c ./Drivers/STM32N6xx_HAL_Driver/stm32n6xx_hal_rcc_ex.o
 .text.LL_RCC_IC16_IsEnabled
                0x341871b8       0x28 ./Drivers/STM32N6xx_HAL_Driver/stm32n6xx_hal_rcc_ex.o
 .text.LL_RCC_IC16_GetSource
                0x341871e0       0x1c ./Drivers/STM32N6xx_HAL_Driver/stm32n6xx_hal_rcc_ex.o
 .text.LL_RCC_IC16_GetDivider
                0x341871fc       0x20 ./Drivers/STM32N6xx_HAL_Driver/stm32n6xx_hal_rcc_ex.o
 .text.LL_RCC_IC17_Enable
                0x3418721c       0x1c ./Drivers/STM32N6xx_HAL_Driver/stm32n6xx_hal_rcc_ex.o
 .text.LL_RCC_IC17_IsEnabled
                0x34187238       0x28 ./Drivers/STM32N6xx_HAL_Driver/stm32n6xx_hal_rcc_ex.o
 .text.LL_RCC_IC17_GetSource
                0x34187260       0x1c ./Drivers/STM32N6xx_HAL_Driver/stm32n6xx_hal_rcc_ex.o
 .text.LL_RCC_IC17_GetDivider
                0x3418727c       0x20 ./Drivers/STM32N6xx_HAL_Driver/stm32n6xx_hal_rcc_ex.o
 .text.LL_RCC_IC18_Enable
                0x3418729c       0x1c ./Drivers/STM32N6xx_HAL_Driver/stm32n6xx_hal_rcc_ex.o
 .text.LL_RCC_IC18_IsEnabled
                0x341872b8       0x28 ./Drivers/STM32N6xx_HAL_Driver/stm32n6xx_hal_rcc_ex.o
 .text.LL_RCC_IC18_GetSource
                0x341872e0       0x1c ./Drivers/STM32N6xx_HAL_Driver/stm32n6xx_hal_rcc_ex.o
 .text.LL_RCC_IC18_GetDivider
                0x341872fc       0x20 ./Drivers/STM32N6xx_HAL_Driver/stm32n6xx_hal_rcc_ex.o
 .text.LL_RCC_IC19_Enable
                0x3418731c       0x1c ./Drivers/STM32N6xx_HAL_Driver/stm32n6xx_hal_rcc_ex.o
 .text.LL_RCC_IC19_IsEnabled
                0x34187338       0x28 ./Drivers/STM32N6xx_HAL_Driver/stm32n6xx_hal_rcc_ex.o
 .text.LL_RCC_IC19_GetSource
                0x34187360       0x1c ./Drivers/STM32N6xx_HAL_Driver/stm32n6xx_hal_rcc_ex.o
 .text.LL_RCC_IC19_GetDivider
                0x3418737c       0x20 ./Drivers/STM32N6xx_HAL_Driver/stm32n6xx_hal_rcc_ex.o
 .text.LL_RCC_IC20_Enable
                0x3418739c       0x1c ./Drivers/STM32N6xx_HAL_Driver/stm32n6xx_hal_rcc_ex.o
 .text.LL_RCC_IC20_IsEnabled
                0x341873b8       0x28 ./Drivers/STM32N6xx_HAL_Driver/stm32n6xx_hal_rcc_ex.o
 .text.LL_RCC_IC20_GetSource
                0x341873e0       0x1c ./Drivers/STM32N6xx_HAL_Driver/stm32n6xx_hal_rcc_ex.o
 .text.LL_RCC_IC20_GetDivider
                0x341873fc       0x20 ./Drivers/STM32N6xx_HAL_Driver/stm32n6xx_hal_rcc_ex.o
 .text.LL_RCC_CLKP_Enable
                0x3418741c       0x1c ./Drivers/STM32N6xx_HAL_Driver/stm32n6xx_hal_rcc_ex.o
 .text.LL_RCC_CLKP_IsEnabled
                0x34187438       0x28 ./Drivers/STM32N6xx_HAL_Driver/stm32n6xx_hal_rcc_ex.o
 .text.HAL_RCCEx_PeriphCLKConfig
                0x34187460     0x25c8 ./Drivers/STM32N6xx_HAL_Driver/stm32n6xx_hal_rcc_ex.o
                0x34187460                HAL_RCCEx_PeriphCLKConfig
 .text.HAL_RCCEx_GetPeriphCLKFreq
                0x34189a28      0x938 ./Drivers/STM32N6xx_HAL_Driver/stm32n6xx_hal_rcc_ex.o
                0x34189a28                HAL_RCCEx_GetPeriphCLKFreq
 .text.HAL_RCCEx_GetPLL1CLKFreq
                0x3418a360       0x8c ./Drivers/STM32N6xx_HAL_Driver/stm32n6xx_hal_rcc_ex.o
                0x3418a360                HAL_RCCEx_GetPLL1CLKFreq
 .text.HAL_RCCEx_GetPLL2CLKFreq
                0x3418a3ec       0x8c ./Drivers/STM32N6xx_HAL_Driver/stm32n6xx_hal_rcc_ex.o
                0x3418a3ec                HAL_RCCEx_GetPLL2CLKFreq
 .text.HAL_RCCEx_GetPLL3CLKFreq
                0x3418a478       0x8c ./Drivers/STM32N6xx_HAL_Driver/stm32n6xx_hal_rcc_ex.o
                0x3418a478                HAL_RCCEx_GetPLL3CLKFreq
 .text.HAL_RCCEx_GetPLL4CLKFreq
                0x3418a504       0x8c ./Drivers/STM32N6xx_HAL_Driver/stm32n6xx_hal_rcc_ex.o
                0x3418a504                HAL_RCCEx_GetPLL4CLKFreq
 .text.RCCEx_GetHCLKFreq
                0x3418a590       0x22 ./Drivers/STM32N6xx_HAL_Driver/stm32n6xx_hal_rcc_ex.o
 .text.RCCEx_GetPCLK1Freq
                0x3418a5b2       0x20 ./Drivers/STM32N6xx_HAL_Driver/stm32n6xx_hal_rcc_ex.o
 .text.RCCEx_GetPCLK2Freq
                0x3418a5d2       0x22 ./Drivers/STM32N6xx_HAL_Driver/stm32n6xx_hal_rcc_ex.o
 .text.RCCEx_GetPCLK4Freq
                0x3418a5f4       0x22 ./Drivers/STM32N6xx_HAL_Driver/stm32n6xx_hal_rcc_ex.o
 .text.RCCEx_GetPCLK5Freq
                0x3418a616       0x22 ./Drivers/STM32N6xx_HAL_Driver/stm32n6xx_hal_rcc_ex.o
 .text.RCCEx_GetPLLSourceFreq
                0x3418a638       0xbc ./Drivers/STM32N6xx_HAL_Driver/stm32n6xx_hal_rcc_ex.o
 .text.RCCEx_CalcPLLFreq
                0x3418a6f4       0x98 ./Drivers/STM32N6xx_HAL_Driver/stm32n6xx_hal_rcc_ex.o
 .text.RCCEx_GetADCCLKFreq
                0x3418a78c      0x204 ./Drivers/STM32N6xx_HAL_Driver/stm32n6xx_hal_rcc_ex.o
 .text.RCCEx_GetADFCLKFreq
                0x3418a990      0x1d8 ./Drivers/STM32N6xx_HAL_Driver/stm32n6xx_hal_rcc_ex.o
 .text.RCCEx_GetCLKPCLKFreq
                0x3418ab68      0x36c ./Drivers/STM32N6xx_HAL_Driver/stm32n6xx_hal_rcc_ex.o
 .text.RCCEx_GetCSICLKFreq
                0x3418aed4       0x98 ./Drivers/STM32N6xx_HAL_Driver/stm32n6xx_hal_rcc_ex.o
 .text.RCCEx_GetDCMIPPCLKFreq
                0x3418af6c      0x114 ./Drivers/STM32N6xx_HAL_Driver/stm32n6xx_hal_rcc_ex.o
 .text.RCCEx_GetETH1CLKFreq
                0x3418b080      0x100 ./Drivers/STM32N6xx_HAL_Driver/stm32n6xx_hal_rcc_ex.o
 .text.RCCEx_GetETH1PTPCLKFreq
                0x3418b180      0x108 ./Drivers/STM32N6xx_HAL_Driver/stm32n6xx_hal_rcc_ex.o
 .text.RCCEx_GetFDCANCLKFreq
                0x3418b288      0x100 ./Drivers/STM32N6xx_HAL_Driver/stm32n6xx_hal_rcc_ex.o
 .text.RCCEx_GetFMCCLKFreq
                0x3418b388      0x16e ./Drivers/STM32N6xx_HAL_Driver/stm32n6xx_hal_rcc_ex.o
 *fill*         0x3418b4f6        0x2 
 .text.RCCEx_GetI2CCLKFreq
                0x3418b4f8      0x350 ./Drivers/STM32N6xx_HAL_Driver/stm32n6xx_hal_rcc_ex.o
 .text.RCCEx_GetI3CCLKFreq
                0x3418b848      0x268 ./Drivers/STM32N6xx_HAL_Driver/stm32n6xx_hal_rcc_ex.o
 .text.RCCEx_GetLPTIMCLKFreq
                0x3418bab0      0x354 ./Drivers/STM32N6xx_HAL_Driver/stm32n6xx_hal_rcc_ex.o
 .text.RCCEx_GetLPUARTCLKFreq
                0x3418be04      0x204 ./Drivers/STM32N6xx_HAL_Driver/stm32n6xx_hal_rcc_ex.o
 .text.RCCEx_GetLTDCCLKFreq
                0x3418c008      0x114 ./Drivers/STM32N6xx_HAL_Driver/stm32n6xx_hal_rcc_ex.o
 .text.RCCEx_GetMDFCLKFreq
                0x3418c11c      0x214 ./Drivers/STM32N6xx_HAL_Driver/stm32n6xx_hal_rcc_ex.o
 .text.RCCEx_GetPSSICLKFreq
                0x3418c330      0x104 ./Drivers/STM32N6xx_HAL_Driver/stm32n6xx_hal_rcc_ex.o
 .text.RCCEx_GetRTCCLKFreq
                0x3418c434       0xa4 ./Drivers/STM32N6xx_HAL_Driver/stm32n6xx_hal_rcc_ex.o
 .text.RCCEx_GetSAICLKFreq
                0x3418c4d8      0x2cc ./Drivers/STM32N6xx_HAL_Driver/stm32n6xx_hal_rcc_ex.o
 .text.RCCEx_GetSDMMCCLKFreq
                0x3418c7a4      0x1d4 ./Drivers/STM32N6xx_HAL_Driver/stm32n6xx_hal_rcc_ex.o
 .text.RCCEx_GetSPDIFRXCLKFreq
                0x3418c978      0x1c8 ./Drivers/STM32N6xx_HAL_Driver/stm32n6xx_hal_rcc_ex.o
 .text.RCCEx_GetSPICLKFreq
                0x3418cb40      0x5a4 ./Drivers/STM32N6xx_HAL_Driver/stm32n6xx_hal_rcc_ex.o
 .text.RCCEx_GetUARTCLKFreq
                0x3418d0e4      0x454 ./Drivers/STM32N6xx_HAL_Driver/stm32n6xx_hal_rcc_ex.o
 .text.RCCEx_GetUSARTCLKFreq
                0x3418d538      0x454 ./Drivers/STM32N6xx_HAL_Driver/stm32n6xx_hal_rcc_ex.o
 .text.RCCEx_GetOTGPHYCLKFreq
                0x3418d98c      0x16c ./Drivers/STM32N6xx_HAL_Driver/stm32n6xx_hal_rcc_ex.o
 .text.RCCEx_GetOTGPHYCKREFCLKFreq
                0x3418daf8       0xa0 ./Drivers/STM32N6xx_HAL_Driver/stm32n6xx_hal_rcc_ex.o
 .text.RCCEx_GetXSPICLKFreq
                0x3418db98      0x220 ./Drivers/STM32N6xx_HAL_Driver/stm32n6xx_hal_rcc_ex.o
 .text.HAL_SAI_Init
                0x3418ddb8      0x3e8 ./Drivers/STM32N6xx_HAL_Driver/stm32n6xx_hal_sai.o
                0x3418ddb8                HAL_SAI_Init
 .text.SAI_Disable
                0x3418e1a0       0x74 ./Drivers/STM32N6xx_HAL_Driver/stm32n6xx_hal_sai.o
 .text.HAL_SD_Init
                0x3418e214      0x106 ./Drivers/STM32N6xx_HAL_Driver/stm32n6xx_hal_sd.o
                0x3418e214                HAL_SD_Init
 *fill*         0x3418e31a        0x2 
 .text.HAL_SD_InitCard
                0x3418e31c      0x18c ./Drivers/STM32N6xx_HAL_Driver/stm32n6xx_hal_sd.o
                0x3418e31c                HAL_SD_InitCard
 .text.HAL_SD_GetCardCSD
                0x3418e4a8      0x348 ./Drivers/STM32N6xx_HAL_Driver/stm32n6xx_hal_sd.o
                0x3418e4a8                HAL_SD_GetCardCSD
 .text.HAL_SD_GetCardStatus
                0x3418e7f0      0x17c ./Drivers/STM32N6xx_HAL_Driver/stm32n6xx_hal_sd.o
                0x3418e7f0                HAL_SD_GetCardStatus
 .text.HAL_SD_ConfigWideBusOperation
                0x3418e96c      0x244 ./Drivers/STM32N6xx_HAL_Driver/stm32n6xx_hal_sd.o
                0x3418e96c                HAL_SD_ConfigWideBusOperation
 .text.HAL_SD_GetCardState
                0x3418ebb0       0x40 ./Drivers/STM32N6xx_HAL_Driver/stm32n6xx_hal_sd.o
                0x3418ebb0                HAL_SD_GetCardState
 .text.SD_InitCard
                0x3418ebf0      0x19c ./Drivers/STM32N6xx_HAL_Driver/stm32n6xx_hal_sd.o
 .text.SD_PowerON
                0x3418ed8c      0x11c ./Drivers/STM32N6xx_HAL_Driver/stm32n6xx_hal_sd.o
 .text.SD_SendSDStatus
                0x3418eea8      0x1a0 ./Drivers/STM32N6xx_HAL_Driver/stm32n6xx_hal_sd.o
 .text.SD_SendStatus
                0x3418f048       0x50 ./Drivers/STM32N6xx_HAL_Driver/stm32n6xx_hal_sd.o
 .text.SD_WideBus_Enable
                0x3418f098       0x96 ./Drivers/STM32N6xx_HAL_Driver/stm32n6xx_hal_sd.o
 .text.SD_WideBus_Disable
                0x3418f12e       0x96 ./Drivers/STM32N6xx_HAL_Driver/stm32n6xx_hal_sd.o
 .text.SD_FindSCR
                0x3418f1c4      0x1a0 ./Drivers/STM32N6xx_HAL_Driver/stm32n6xx_hal_sd.o
 .text.HAL_UART_Init
                0x3418f364       0xa0 ./Drivers/STM32N6xx_HAL_Driver/stm32n6xx_hal_uart.o
                0x3418f364                HAL_UART_Init
 .text.UART_SetConfig
                0x3418f404      0x3d8 ./Drivers/STM32N6xx_HAL_Driver/stm32n6xx_hal_uart.o
                0x3418f404                UART_SetConfig
 .text.UART_AdvFeatureConfig
                0x3418f7dc      0x144 ./Drivers/STM32N6xx_HAL_Driver/stm32n6xx_hal_uart.o
                0x3418f7dc                UART_AdvFeatureConfig
 .text.UART_CheckIdleState
                0x3418f920      0x154 ./Drivers/STM32N6xx_HAL_Driver/stm32n6xx_hal_uart.o
                0x3418f920                UART_CheckIdleState
 .text.UART_WaitOnFlagUntilTimeout
                0x3418fa74       0xda ./Drivers/STM32N6xx_HAL_Driver/stm32n6xx_hal_uart.o
                0x3418fa74                UART_WaitOnFlagUntilTimeout
 .text.UART_EndRxTransfer
                0x3418fb4e       0xcc ./Drivers/STM32N6xx_HAL_Driver/stm32n6xx_hal_uart.o
 .text.HAL_UARTEx_DisableFifoMode
                0x3418fc1a       0x72 ./Drivers/STM32N6xx_HAL_Driver/stm32n6xx_hal_uart_ex.o
                0x3418fc1a                HAL_UARTEx_DisableFifoMode
 .text.HAL_UARTEx_SetTxFifoThreshold
                0x3418fc8c       0x7c ./Drivers/STM32N6xx_HAL_Driver/stm32n6xx_hal_uart_ex.o
                0x3418fc8c                HAL_UARTEx_SetTxFifoThreshold
 .text.HAL_UARTEx_SetRxFifoThreshold
                0x3418fd08       0x7c ./Drivers/STM32N6xx_HAL_Driver/stm32n6xx_hal_uart_ex.o
                0x3418fd08                HAL_UARTEx_SetRxFifoThreshold
 .text.UARTEx_SetNbDataToProcess
                0x3418fd84       0x9c ./Drivers/STM32N6xx_HAL_Driver/stm32n6xx_hal_uart_ex.o
 .text.LL_AHB5_GRP1_IsEnabledClock
                0x3418fe20       0x30 ./Drivers/STM32N6xx_HAL_Driver/stm32n6xx_hal_xspi.o
 .text.HAL_XSPI_Init
                0x3418fe50      0x21c ./Drivers/STM32N6xx_HAL_Driver/stm32n6xx_hal_xspi.o
                0x3418fe50                HAL_XSPI_Init
 .text.HAL_XSPI_IRQHandler
                0x3419006c      0x2a8 ./Drivers/STM32N6xx_HAL_Driver/stm32n6xx_hal_xspi.o
                0x3419006c                HAL_XSPI_IRQHandler
 .text.HAL_XSPI_ErrorCallback
                0x34190314       0x14 ./Drivers/STM32N6xx_HAL_Driver/stm32n6xx_hal_xspi.o
                0x34190314                HAL_XSPI_ErrorCallback
 .text.HAL_XSPI_AbortCpltCallback
                0x34190328       0x14 ./Drivers/STM32N6xx_HAL_Driver/stm32n6xx_hal_xspi.o
                0x34190328                HAL_XSPI_AbortCpltCallback
 .text.HAL_XSPI_FifoThresholdCallback
                0x3419033c       0x14 ./Drivers/STM32N6xx_HAL_Driver/stm32n6xx_hal_xspi.o
                0x3419033c                HAL_XSPI_FifoThresholdCallback
 .text.HAL_XSPI_CmdCpltCallback
                0x34190350       0x14 ./Drivers/STM32N6xx_HAL_Driver/stm32n6xx_hal_xspi.o
                0x34190350                HAL_XSPI_CmdCpltCallback
 .text.HAL_XSPI_RxCpltCallback
                0x34190364       0x14 ./Drivers/STM32N6xx_HAL_Driver/stm32n6xx_hal_xspi.o
                0x34190364                HAL_XSPI_RxCpltCallback
 .text.HAL_XSPI_TxCpltCallback
                0x34190378       0x14 ./Drivers/STM32N6xx_HAL_Driver/stm32n6xx_hal_xspi.o
                0x34190378                HAL_XSPI_TxCpltCallback
 .text.HAL_XSPI_StatusMatchCallback
                0x3419038c       0x14 ./Drivers/STM32N6xx_HAL_Driver/stm32n6xx_hal_xspi.o
                0x3419038c                HAL_XSPI_StatusMatchCallback
 .text.HAL_XSPI_TimeOutCallback
                0x341903a0       0x14 ./Drivers/STM32N6xx_HAL_Driver/stm32n6xx_hal_xspi.o
                0x341903a0                HAL_XSPI_TimeOutCallback
 .text.HAL_XSPI_SetTimeout
                0x341903b4       0x1e ./Drivers/STM32N6xx_HAL_Driver/stm32n6xx_hal_xspi.o
                0x341903b4                HAL_XSPI_SetTimeout
 *fill*         0x341903d2        0x2 
 .text.HAL_XSPIM_Config
                0x341903d4      0x318 ./Drivers/STM32N6xx_HAL_Driver/stm32n6xx_hal_xspi.o
                0x341903d4                HAL_XSPIM_Config
 .text.XSPI_DMAAbortCplt
                0x341906ec       0x78 ./Drivers/STM32N6xx_HAL_Driver/stm32n6xx_hal_xspi.o
 .text.XSPI_WaitFlagStateUntilTimeout
                0x34190764       0x6c ./Drivers/STM32N6xx_HAL_Driver/stm32n6xx_hal_xspi.o
 .text.XSPIM_GetConfig
                0x341907d0       0xc8 ./Drivers/STM32N6xx_HAL_Driver/stm32n6xx_hal_xspi.o
 .text.SDMMC_Init
                0x34190898       0x54 ./Drivers/STM32N6xx_HAL_Driver/stm32n6xx_ll_sdmmc.o
                0x34190898                SDMMC_Init
 .text.SDMMC_ReadFIFO
                0x341908ec       0x1a ./Drivers/STM32N6xx_HAL_Driver/stm32n6xx_ll_sdmmc.o
                0x341908ec                SDMMC_ReadFIFO
 .text.SDMMC_PowerState_ON
                0x34190906       0x22 ./Drivers/STM32N6xx_HAL_Driver/stm32n6xx_ll_sdmmc.o
                0x34190906                SDMMC_PowerState_ON
 .text.SDMMC_GetPowerState
                0x34190928       0x1c ./Drivers/STM32N6xx_HAL_Driver/stm32n6xx_ll_sdmmc.o
                0x34190928                SDMMC_GetPowerState
 .text.SDMMC_SendCommand
                0x34190944       0x54 ./Drivers/STM32N6xx_HAL_Driver/stm32n6xx_ll_sdmmc.o
                0x34190944                SDMMC_SendCommand
 .text.SDMMC_GetCommandResponse
                0x34190998       0x1a ./Drivers/STM32N6xx_HAL_Driver/stm32n6xx_ll_sdmmc.o
                0x34190998                SDMMC_GetCommandResponse
 .text.SDMMC_GetResponse
                0x341909b2       0x26 ./Drivers/STM32N6xx_HAL_Driver/stm32n6xx_ll_sdmmc.o
                0x341909b2                SDMMC_GetResponse
 .text.SDMMC_ConfigData
                0x341909d8       0x58 ./Drivers/STM32N6xx_HAL_Driver/stm32n6xx_ll_sdmmc.o
                0x341909d8                SDMMC_ConfigData
 .text.SDMMC_CmdBlockLength
                0x34190a30       0x46 ./Drivers/STM32N6xx_HAL_Driver/stm32n6xx_ll_sdmmc.o
                0x34190a30                SDMMC_CmdBlockLength
 .text.SDMMC_CmdSelDesel
                0x34190a76       0x46 ./Drivers/STM32N6xx_HAL_Driver/stm32n6xx_ll_sdmmc.o
                0x34190a76                SDMMC_CmdSelDesel
 .text.SDMMC_CmdGoIdleState
                0x34190abc       0x3c ./Drivers/STM32N6xx_HAL_Driver/stm32n6xx_ll_sdmmc.o
                0x34190abc                SDMMC_CmdGoIdleState
 .text.SDMMC_CmdOperCond
                0x34190af8       0x40 ./Drivers/STM32N6xx_HAL_Driver/stm32n6xx_ll_sdmmc.o
                0x34190af8                SDMMC_CmdOperCond
 .text.SDMMC_CmdAppCommand
                0x34190b38       0x46 ./Drivers/STM32N6xx_HAL_Driver/stm32n6xx_ll_sdmmc.o
                0x34190b38                SDMMC_CmdAppCommand
 .text.SDMMC_CmdAppOperCommand
                0x34190b7e       0x40 ./Drivers/STM32N6xx_HAL_Driver/stm32n6xx_ll_sdmmc.o
                0x34190b7e                SDMMC_CmdAppOperCommand
 .text.SDMMC_CmdBusWidth
                0x34190bbe       0x46 ./Drivers/STM32N6xx_HAL_Driver/stm32n6xx_ll_sdmmc.o
                0x34190bbe                SDMMC_CmdBusWidth
 .text.SDMMC_CmdSendSCR
                0x34190c04       0x44 ./Drivers/STM32N6xx_HAL_Driver/stm32n6xx_ll_sdmmc.o
                0x34190c04                SDMMC_CmdSendSCR
 .text.SDMMC_CmdSendCID
                0x34190c48       0x3e ./Drivers/STM32N6xx_HAL_Driver/stm32n6xx_ll_sdmmc.o
                0x34190c48                SDMMC_CmdSendCID
 .text.SDMMC_CmdSendCSD
                0x34190c86       0x40 ./Drivers/STM32N6xx_HAL_Driver/stm32n6xx_ll_sdmmc.o
                0x34190c86                SDMMC_CmdSendCSD
 .text.SDMMC_CmdSetRelAdd
                0x34190cc6       0x44 ./Drivers/STM32N6xx_HAL_Driver/stm32n6xx_ll_sdmmc.o
                0x34190cc6                SDMMC_CmdSetRelAdd
 .text.SDMMC_CmdSendStatus
                0x34190d0a       0x46 ./Drivers/STM32N6xx_HAL_Driver/stm32n6xx_ll_sdmmc.o
                0x34190d0a                SDMMC_CmdSendStatus
 .text.SDMMC_CmdStatusRegister
                0x34190d50       0x44 ./Drivers/STM32N6xx_HAL_Driver/stm32n6xx_ll_sdmmc.o
                0x34190d50                SDMMC_CmdStatusRegister
 .text.SDMMC_GetCmdResp1
                0x34190d94      0x1e4 ./Drivers/STM32N6xx_HAL_Driver/stm32n6xx_ll_sdmmc.o
                0x34190d94                SDMMC_GetCmdResp1
 .text.SDMMC_GetCmdResp2
                0x34190f78       0x94 ./Drivers/STM32N6xx_HAL_Driver/stm32n6xx_ll_sdmmc.o
                0x34190f78                SDMMC_GetCmdResp2
 .text.SDMMC_GetCmdResp3
                0x3419100c       0x80 ./Drivers/STM32N6xx_HAL_Driver/stm32n6xx_ll_sdmmc.o
                0x3419100c                SDMMC_GetCmdResp3
 .text.SDMMC_GetCmdResp6
                0x3419108c       0xf0 ./Drivers/STM32N6xx_HAL_Driver/stm32n6xx_ll_sdmmc.o
                0x3419108c                SDMMC_GetCmdResp6
 .text.SDMMC_GetCmdResp7
                0x3419117c       0x9c ./Drivers/STM32N6xx_HAL_Driver/stm32n6xx_ll_sdmmc.o
                0x3419117c                SDMMC_GetCmdResp7
 .text.SDMMC_GetCmdError
                0x34191218       0x5c ./Drivers/STM32N6xx_HAL_Driver/stm32n6xx_ll_sdmmc.o
 .text.USB_CoreInit
                0x34191274       0x8a ./Drivers/STM32N6xx_HAL_Driver/stm32n6xx_ll_usb.o
                0x34191274                USB_CoreInit
 .text.USB_DisableGlobalInt
                0x341912fe       0x22 ./Drivers/STM32N6xx_HAL_Driver/stm32n6xx_ll_usb.o
                0x341912fe                USB_DisableGlobalInt
 .text.USB_SetCurrentMode
                0x34191320       0x98 ./Drivers/STM32N6xx_HAL_Driver/stm32n6xx_ll_usb.o
                0x34191320                USB_SetCurrentMode
 .text.USB_FlushTxFifo
                0x341913b8       0x64 ./Drivers/STM32N6xx_HAL_Driver/stm32n6xx_ll_usb.o
                0x341913b8                USB_FlushTxFifo
 .text.USB_FlushRxFifo
                0x3419141c       0x5c ./Drivers/STM32N6xx_HAL_Driver/stm32n6xx_ll_usb.o
                0x3419141c                USB_FlushRxFifo
 .text.USB_GetMode
                0x34191478       0x1c ./Drivers/STM32N6xx_HAL_Driver/stm32n6xx_ll_usb.o
                0x34191478                USB_GetMode
 .text.USB_CoreReset
                0x34191494       0x70 ./Drivers/STM32N6xx_HAL_Driver/stm32n6xx_ll_usb.o
 .text.USB_HostInit
                0x34191504      0x16c ./Drivers/STM32N6xx_HAL_Driver/stm32n6xx_ll_usb.o
                0x34191504                USB_HostInit
 .text.memset   0x34191670       0x10 C:/ST/STM32CubeIDE_2.1.1/STM32CubeIDE/plugins/com.st.stm32cube.ide.mcu.externaltools.gnu-tools-for-stm32.14.3.rel1.win32_1.0.100.202602081740/tools/bin/../lib/gcc/arm-none-eabi/14.3.1/../../../../arm-none-eabi/lib/thumb/v8-m.main+dp/hard\libc_nano.a(libc_a-memset.o)
                0x34191670                memset
 .text.__libc_init_array
                0x34191680       0x48 C:/ST/STM32CubeIDE_2.1.1/STM32CubeIDE/plugins/com.st.stm32cube.ide.mcu.externaltools.gnu-tools-for-stm32.14.3.rel1.win32_1.0.100.202602081740/tools/bin/../lib/gcc/arm-none-eabi/14.3.1/../../../../arm-none-eabi/lib/thumb/v8-m.main+dp/hard\libc_nano.a(libc_a-init.o)
                0x34191680                __libc_init_array
 *(.glue_7)
 .glue_7        0x341916c8        0x0 linker stubs
 *(.glue_7t)
 .glue_7t       0x341916c8        0x0 linker stubs
 *(.eh_frame)
 .eh_frame      0x341916c8        0x0 C:/ST/STM32CubeIDE_2.1.1/STM32CubeIDE/plugins/com.st.stm32cube.ide.mcu.externaltools.gnu-tools-for-stm32.14.3.rel1.win32_1.0.100.202602081740/tools/bin/../lib/gcc/arm-none-eabi/14.3.1/thumb/v8-m.main+dp/hard/crtbegin.o
 *(.RamFunc)
 *(.RamFunc*)
 *(.init)
 .init          0x341916c8        0x4 C:/ST/STM32CubeIDE_2.1.1/STM32CubeIDE/plugins/com.st.stm32cube.ide.mcu.externaltools.gnu-tools-for-stm32.14.3.rel1.win32_1.0.100.202602081740/tools/bin/../lib/gcc/arm-none-eabi/14.3.1/thumb/v8-m.main+dp/hard/crti.o
                0x341916c8                _init
 .init          0x341916cc        0x8 C:/ST/STM32CubeIDE_2.1.1/STM32CubeIDE/plugins/com.st.stm32cube.ide.mcu.externaltools.gnu-tools-for-stm32.14.3.rel1.win32_1.0.100.202602081740/tools/bin/../lib/gcc/arm-none-eabi/14.3.1/thumb/v8-m.main+dp/hard/crtn.o
 *(.fini)
 .fini          0x341916d4        0x4 C:/ST/STM32CubeIDE_2.1.1/STM32CubeIDE/plugins/com.st.stm32cube.ide.mcu.externaltools.gnu-tools-for-stm32.14.3.rel1.win32_1.0.100.202602081740/tools/bin/../lib/gcc/arm-none-eabi/14.3.1/thumb/v8-m.main+dp/hard/crti.o
                0x341916d4                _fini
 .fini          0x341916d8        0x8 C:/ST/STM32CubeIDE_2.1.1/STM32CubeIDE/plugins/com.st.stm32cube.ide.mcu.externaltools.gnu-tools-for-stm32.14.3.rel1.win32_1.0.100.202602081740/tools/bin/../lib/gcc/arm-none-eabi/14.3.1/thumb/v8-m.main+dp/hard/crtn.o
                0x341916e0                        . = ALIGN (0x4)
                0x341916e0                        _etext = .

.vfp11_veneer   0x341916e0        0x0
 .vfp11_veneer  0x341916e0        0x0 linker stubs

.v4_bx          0x341916e0        0x0
 .v4_bx         0x341916e0        0x0 linker stubs

.iplt           0x341916e0        0x0
 .iplt          0x341916e0        0x0 C:/ST/STM32CubeIDE_2.1.1/STM32CubeIDE/plugins/com.st.stm32cube.ide.mcu.externaltools.gnu-tools-for-stm32.14.3.rel1.win32_1.0.100.202602081740/tools/bin/../lib/gcc/arm-none-eabi/14.3.1/thumb/v8-m.main+dp/hard/crtbegin.o

.rodata         0x341916e0       0xa0
                0x341916e0                        . = ALIGN (0x4)
 *(.rodata)
 *(.rodata*)
 .rodata.ADC_CHANNEL_LUT
                0x341916e0       0x50 ./Drivers/STM32N6xx_HAL_Driver/stm32n6xx_hal_adc.o
 .rodata.ADC_CHANNEL_DIFF_LUT
                0x34191730       0x28 ./Drivers/STM32N6xx_HAL_Driver/stm32n6xx_hal_adc.o
 .rodata.UARTPrescTable
                0x34191758       0x18 ./Drivers/STM32N6xx_HAL_Driver/stm32n6xx_hal_uart.o
                0x34191758                UARTPrescTable
 .rodata.numerator.1
                0x34191770        0x8 ./Drivers/STM32N6xx_HAL_Driver/stm32n6xx_hal_uart_ex.o
 .rodata.denominator.0
                0x34191778        0x8 ./Drivers/STM32N6xx_HAL_Driver/stm32n6xx_hal_uart_ex.o
                0x34191780                        . = ALIGN (0x4)

.ARM.extab      0x34191780        0x0
                0x34191780                        . = ALIGN (0x4)
 *(.ARM.extab* .gnu.linkonce.armextab.*)
                0x34191780                        . = ALIGN (0x4)

.ARM            0x34191780        0x8
                0x34191780                        . = ALIGN (0x4)
                0x34191780                        __exidx_start = .
 *(.ARM.exidx*)
 .ARM.exidx     0x34191780        0x8 C:/ST/STM32CubeIDE_2.1.1/STM32CubeIDE/plugins/com.st.stm32cube.ide.mcu.externaltools.gnu-tools-for-stm32.14.3.rel1.win32_1.0.100.202602081740/tools/bin/../lib/gcc/arm-none-eabi/14.3.1/thumb/v8-m.main+dp/hard\libgcc.a(_udivmoddi4.o)
                0x34191788                        __exidx_end = .
                0x34191788                        . = ALIGN (0x4)

.preinit_array  0x34191788        0x0
                0x34191788                        . = ALIGN (0x4)
                0x34191788                        PROVIDE (__preinit_array_start = .)
 *(.preinit_array*)
                0x34191788                        PROVIDE (__preinit_array_end = .)
                0x34191788                        . = ALIGN (0x4)

.init_array     0x34191788        0x4
                0x34191788                        . = ALIGN (0x4)
                0x34191788                        PROVIDE (__init_array_start = .)
 *(SORT_BY_NAME(.init_array.*))
 *(.init_array*)
 .init_array    0x34191788        0x4 C:/ST/STM32CubeIDE_2.1.1/STM32CubeIDE/plugins/com.st.stm32cube.ide.mcu.externaltools.gnu-tools-for-stm32.14.3.rel1.win32_1.0.100.202602081740/tools/bin/../lib/gcc/arm-none-eabi/14.3.1/thumb/v8-m.main+dp/hard/crtbegin.o
                0x3419178c                        PROVIDE (__init_array_end = .)
                0x3419178c                        . = ALIGN (0x4)

.fini_array     0x3419178c        0x4
                0x3419178c                        . = ALIGN (0x4)
                [!provide]                        PROVIDE (__fini_array_start = .)
 *(SORT_BY_NAME(.fini_array.*))
 *(.fini_array*)
 .fini_array    0x3419178c        0x4 C:/ST/STM32CubeIDE_2.1.1/STM32CubeIDE/plugins/com.st.stm32cube.ide.mcu.externaltools.gnu-tools-for-stm32.14.3.rel1.win32_1.0.100.202602081740/tools/bin/../lib/gcc/arm-none-eabi/14.3.1/thumb/v8-m.main+dp/hard/crtbegin.o
                [!provide]                        PROVIDE (__fini_array_end = .)
                0x34191790                        . = ALIGN (0x4)
                0x34191790                        _sidata = LOADADDR (.data)

.rel.dyn        0x34191790        0x0
 .rel.iplt      0x34191790        0x0 C:/ST/STM32CubeIDE_2.1.1/STM32CubeIDE/plugins/com.st.stm32cube.ide.mcu.externaltools.gnu-tools-for-stm32.14.3.rel1.win32_1.0.100.202602081740/tools/bin/../lib/gcc/arm-none-eabi/14.3.1/thumb/v8-m.main+dp/hard/crtbegin.o

.data           0x341c0000        0xc load address 0x34191790
                0x341c0000                        . = ALIGN (0x4)
                0x341c0000                        _sdata = .
 *(.data)
 *(.data*)
 .data.SystemCoreClock
                0x341c0000        0x4 ./Core/Src/system_stm32n6xx_fsbl.o
                0x341c0000                SystemCoreClock
 .data.uwTickPrio
                0x341c0004        0x4 ./Drivers/STM32N6xx_HAL_Driver/stm32n6xx_hal.o
                0x341c0004                uwTickPrio
 .data.uwTickFreq
                0x341c0008        0x1 ./Drivers/STM32N6xx_HAL_Driver/stm32n6xx_hal.o
                0x341c0008                uwTickFreq
                0x341c000c                        . = ALIGN (0x4)
 *fill*         0x341c0009        0x3 
                0x341c000c                        _edata = .

.igot.plt       0x341c000c        0x0 load address 0x3419179c
 .igot.plt      0x341c000c        0x0 C:/ST/STM32CubeIDE_2.1.1/STM32CubeIDE/plugins/com.st.stm32cube.ide.mcu.externaltools.gnu-tools-for-stm32.14.3.rel1.win32_1.0.100.202602081740/tools/bin/../lib/gcc/arm-none-eabi/14.3.1/thumb/v8-m.main+dp/hard/crtbegin.o

.noncacheable   0x341c000c        0x4 load address 0x3419179c
                0x341c0010                        . = ALIGN (0x8)
 *fill*         0x341c000c        0x4 
                0x341c0010                        __snoncacheable = .
 *(.noncacheable)
                0x341c0010                        . = ALIGN (0x8)
                0x341c0010                        __enoncacheable = .

.gnu.sgstubs    0x341917a0       0x20
                0x341917a0                        . = ALIGN (0x4)
 *(.gnu.sgstubs*)
                0x341917a0                        . = ALIGN (0x4)
 .gnu.sgstubs.__stub
                0x341917a0        0x8 linker stubs
                0x341917a0                SECURE_SystemCoreClockUpdate
                0x341917a8                        . = ALIGN (0x4)

.bss            0x341c0010      0x93c
                0x341c0010                        _sbss = .
                0x341c0010                        __bss_start__ = _sbss
 *(.bss)
 .bss           0x341c0010       0x1c C:/ST/STM32CubeIDE_2.1.1/STM32CubeIDE/plugins/com.st.stm32cube.ide.mcu.externaltools.gnu-tools-for-stm32.14.3.rel1.win32_1.0.100.202602081740/tools/bin/../lib/gcc/arm-none-eabi/14.3.1/thumb/v8-m.main+dp/hard/crtbegin.o
 *(.bss*)
 .bss.hadc1     0x341c002c       0x60 ./Core/Src/main.o
                0x341c002c                hadc1
 .bss.hi2c1     0x341c008c       0x54 ./Core/Src/main.o
                0x341c008c                hi2c1
 .bss.hi2c2     0x341c00e0       0x54 ./Core/Src/main.o
                0x341c00e0                hi2c2
 .bss.MdfHandle0
                0x341c0134       0x44 ./Core/Src/main.o
                0x341c0134                MdfHandle0
 .bss.MdfFilterConfig0
                0x341c0178       0x7c ./Core/Src/main.o
                0x341c0178                MdfFilterConfig0
 .bss.hsai_BlockA1
                0x341c01f4       0x98 ./Core/Src/main.o
                0x341c01f4                hsai_BlockA1
 .bss.hsai_BlockB1
                0x341c028c       0x98 ./Core/Src/main.o
                0x341c028c                hsai_BlockB1
 .bss.hsd2      0x341c0324       0x7c ./Core/Src/main.o
                0x341c0324                hsd2
 .bss.huart1    0x341c03a0       0x94 ./Core/Src/main.o
                0x341c03a0                huart1
 .bss.hhcd_USB_OTG_HS2
                0x341c0434      0x420 ./Core/Src/main.o
                0x341c0434                hhcd_USB_OTG_HS2
 .bss.hxspi1    0x341c0854       0x64 ./Core/Src/main.o
                0x341c0854                hxspi1
 .bss.hxspi2    0x341c08b8       0x64 ./Core/Src/main.o
                0x341c08b8                hxspi2
 .bss.HAL_RCC_XSPIM_CLK_ENABLED
                0x341c091c        0x4 ./Core/Src/stm32n6xx_hal_msp.o
 .bss.SAI1_client
                0x341c0920        0x4 ./Core/Src/stm32n6xx_hal_msp.o
 .bss.uwTick    0x341c0924        0x4 ./Drivers/STM32N6xx_HAL_Driver/stm32n6xx_hal.o
                0x341c0924                uwTick
 .bss.v_mdf1InstanceCounter
                0x341c0928        0x4 ./Drivers/STM32N6xx_HAL_Driver/stm32n6xx_hal_mdf.o
 .bss.v_adf1InstanceCounter
                0x341c092c        0x4 ./Drivers/STM32N6xx_HAL_Driver/stm32n6xx_hal_mdf.o
 .bss.a_mdfHandle
                0x341c0930       0x1c ./Drivers/STM32N6xx_HAL_Driver/stm32n6xx_hal_mdf.o
 *(COMMON)
                0x341c094c                        . = ALIGN (0x4)
                0x341c094c                        _ebss = .
                0x341c094c                        __bss_end__ = _ebss

._user_heap_stack
                0x341c094c      0xa04
                0x341c0950                        . = ALIGN (0x8)
 *fill*         0x341c094c        0x4 
                [!provide]                        PROVIDE (end = .)
                0x341c0950                        PROVIDE (_end = .)
                0x341c0b50                        . = (. + _Min_Heap_Size)
 *fill*         0x341c0950      0x200 
                0x341c1350                        . = (. + _Min_Stack_Size)
 *fill*         0x341c0b50      0x800 
                0x341c1350                        . = ALIGN (0x8)

/DISCARD/
 libc.a(*)
 libm.a(*)
 libgcc.a(*)

.ARM.attributes
                0x00000000       0x3a
 *(.ARM.attributes)
 .ARM.attributes
                0x00000000       0x24 C:/ST/STM32CubeIDE_2.1.1/STM32CubeIDE/plugins/com.st.stm32cube.ide.mcu.externaltools.gnu-tools-for-stm32.14.3.rel1.win32_1.0.100.202602081740/tools/bin/../lib/gcc/arm-none-eabi/14.3.1/thumb/v8-m.main+dp/hard/crti.o
 .ARM.attributes
                0x00000024       0x36 C:/ST/STM32CubeIDE_2.1.1/STM32CubeIDE/plugins/com.st.stm32cube.ide.mcu.externaltools.gnu-tools-for-stm32.14.3.rel1.win32_1.0.100.202602081740/tools/bin/../lib/gcc/arm-none-eabi/14.3.1/thumb/v8-m.main+dp/hard/crtbegin.o
 .ARM.attributes
                0x0000005a       0x3e ./Core/Src/main.o
 .ARM.attributes
                0x00000098       0x3e ./Core/Src/stm32n6xx_hal_msp.o
 .ARM.attributes
                0x000000d6       0x3e ./Core/Src/stm32n6xx_it.o
 .ARM.attributes
                0x00000114       0x3e ./Core/Src/system_stm32n6xx_fsbl.o
 .ARM.attributes
                0x00000152       0x22 ./Core/Startup/startup_stm32n657x0hxq_fsbl.o
 .ARM.attributes
                0x00000174       0x3e ./Drivers/STM32N6xx_HAL_Driver/stm32n6xx_hal.o
 .ARM.attributes
                0x000001b2       0x3e ./Drivers/STM32N6xx_HAL_Driver/stm32n6xx_hal_adc.o
 .ARM.attributes
                0x000001f0       0x3e ./Drivers/STM32N6xx_HAL_Driver/stm32n6xx_hal_adc_ex.o
 .ARM.attributes
                0x0000022e       0x3e ./Drivers/STM32N6xx_HAL_Driver/stm32n6xx_hal_cortex.o
 .ARM.attributes
                0x0000026c       0x3e ./Drivers/STM32N6xx_HAL_Driver/stm32n6xx_hal_dma.o
 .ARM.attributes
                0x000002aa       0x3e ./Drivers/STM32N6xx_HAL_Driver/stm32n6xx_hal_exti.o
 .ARM.attributes
                0x000002e8       0x3e ./Drivers/STM32N6xx_HAL_Driver/stm32n6xx_hal_gpio.o
 .ARM.attributes
                0x00000326       0x3e ./Drivers/STM32N6xx_HAL_Driver/stm32n6xx_hal_hcd.o
 .ARM.attributes
                0x00000364       0x3e ./Drivers/STM32N6xx_HAL_Driver/stm32n6xx_hal_i2c.o
 .ARM.attributes
                0x000003a2       0x3e ./Drivers/STM32N6xx_HAL_Driver/stm32n6xx_hal_i2c_ex.o
 .ARM.attributes
                0x000003e0       0x3e ./Drivers/STM32N6xx_HAL_Driver/stm32n6xx_hal_mdf.o
 .ARM.attributes
                0x0000041e       0x3e ./Drivers/STM32N6xx_HAL_Driver/stm32n6xx_hal_pwr_ex.o
 .ARM.attributes
                0x0000045c       0x3e ./Drivers/STM32N6xx_HAL_Driver/stm32n6xx_hal_rcc.o
 .ARM.attributes
                0x0000049a       0x3e ./Drivers/STM32N6xx_HAL_Driver/stm32n6xx_hal_rcc_ex.o
 .ARM.attributes
                0x000004d8       0x3e ./Drivers/STM32N6xx_HAL_Driver/stm32n6xx_hal_sai.o
 .ARM.attributes
                0x00000516       0x3e ./Drivers/STM32N6xx_HAL_Driver/stm32n6xx_hal_sd.o
 .ARM.attributes
                0x00000554       0x3e ./Drivers/STM32N6xx_HAL_Driver/stm32n6xx_hal_uart.o
 .ARM.attributes
                0x00000592       0x3e ./Drivers/STM32N6xx_HAL_Driver/stm32n6xx_hal_uart_ex.o
 .ARM.attributes
                0x000005d0       0x3e ./Drivers/STM32N6xx_HAL_Driver/stm32n6xx_hal_xspi.o
 .ARM.attributes
                0x0000060e       0x3e ./Drivers/STM32N6xx_HAL_Driver/stm32n6xx_ll_sdmmc.o
 .ARM.attributes
                0x0000064c       0x3e ./Drivers/STM32N6xx_HAL_Driver/stm32n6xx_ll_usb.o
 .ARM.attributes