C:/Users/Dousik/Workspace/TRON/sessions/session_12/FSBL/Src/ui/registration_ui.c:42:13:draw_btn	40	static
C:/Users/Dousik/Workspace/TRON/sessions/session_12/FSBL/Src/ui/registration_ui.c:90:13:draw_name_box	56	static
C:/Users/Dousik/Workspace/TRON/sessions/session_12/FSBL/Src/ui/registration_ui.c:310:13:draw_pillcount_number	24	static
C:/Users/Dousik/Workspace/TRON/sessions/session_12/FSBL/Src/ui/registration_ui.c:20:6:registration_ui_reset	8	static
C:/Users/Dousik/Workspace/TRON/sessions/session_12/FSBL/Src/ui/registration_ui.c:27:6:registration_ui_set_embedding	8	static
C:/Users/Dousik/Workspace/TRON/sessions/session_12/FSBL/Src/ui/registration_ui.c:108:6:registration_ui_draw_keyboard	48	static
C:/Users/Dousik/Workspace/TRON/sessions/session_12/FSBL/Src/ui/registration_ui.c:159:6:registration_ui_handle_keyboard_touch	16	static
C:/Users/Dousik/Workspace/TRON/sessions/session_12/FSBL/Src/ui/registration_ui.c:324:6:registration_ui_draw_pillcount	40	static
C:/Users/Dousik/Workspace/TRON/sessions/session_12/FSBL/Src/ui/registration_ui.c:340:6:registration_ui_handle_pillcount_touch	8	static
C:/Users/Dousik/Workspace/TRON/sessions/session_12/FSBL/Src/ui/registration_ui.c:381:6:registration_ui_draw_confirm	88	static
C:/Users/Dousik/Workspace/TRON/sessions/session_12/FSBL/Src/ui/registration_ui.c:401:22:registration_ui_handle_confirm_touch	8	static
