Archive member included to satisfy reference by file (symbol)

C:/Users/Dousik/STM32Cube/Repository/STM32Cube_FW_N6_V1.4.0/Middlewares/ST/STM32_ISP_Library/evision/Lib\libn6-evision-awb_iar.a(evision-awb.o)
                              ./Middlewares/STM32_ISP/isp_algo.o (evision_api_awb_delete)
C:/Users/Dousik/STM32Cube/Repository/STM32Cube_FW_N6_V1.4.0/Middlewares/ST/STM32_ISP_Library/evision/Lib\libn6-evision-awb_iar.a(evision-utils.o)
                              C:/Users/Dousik/STM32Cube/Repository/STM32Cube_FW_N6_V1.4.0/Middlewares/ST/STM32_ISP_Library/evision/Lib\libn6-evision-awb_iar.a(evision-awb.o) (lFMMYTAFMF)
C:/Users/Dousik/STM32Cube/Repository/STM32Cube_FW_N6_V1.4.0/Middlewares/ST/STM32_ISP_Library/evision/Lib\libn6-evision-st-ae_iar.a(evision-st-ae.o)
                              ./Middlewares/STM32_ISP/isp_algo.o (evision_api_st_ae_delete)
C:/ST/STM32CubeIDE_2.1.1/STM32CubeIDE/plugins/com.st.stm32cube.ide.mcu.externaltools.gnu-tools-for-stm32.14.3.rel1.win32_1.0.100.202602081740/tools/bin/../lib/gcc/arm-none-eabi/14.3.1/../../../../arm-none-eabi/lib/thumb/v8-m.main+dp/hard\libc_nano.a(libc_a-exit.o)
                              C:/ST/STM32CubeIDE_2.1.1/STM32CubeIDE/plugins/com.st.stm32cube.ide.mcu.externaltools.gnu-tools-for-stm32.14.3.rel1.win32_1.0.100.202602081740/tools/bin/../lib/gcc/arm-none-eabi/14.3.1/../../../../arm-none-eabi/lib/thumb/v8-m.main+dp/hard/crt0.o (exit)
C:/ST/STM32CubeIDE_2.1.1/STM32CubeIDE/plugins/com.st.stm32cube.ide.mcu.externaltools.gnu-tools-for-stm32.14.3.rel1.win32_1.0.100.202602081740/tools/bin/../lib/gcc/arm-none-eabi/14.3.1/../../../../arm-none-eabi/lib/thumb/v8-m.main+dp/hard\libc_nano.a(libc_a-findfp.o)
                              C:/ST/STM32CubeIDE_2.1.1/STM32CubeIDE/plugins/com.st.stm32cube.ide.mcu.externaltools.gnu-tools-for-stm32.14.3.rel1.win32_1.0.100.202602081740/tools/bin/../lib/gcc/arm-none-eabi/14.3.1/../../../../arm-none-eabi/lib/thumb/v8-m.main+dp/hard\libc_nano.a(libc_a-exit.o) (__stdio_exit_handler)
C:/ST/STM32CubeIDE_2.1.1/STM32CubeIDE/plugins/com.st.stm32cube.ide.mcu.externaltools.gnu-tools-for-stm32.14.3.rel1.win32_1.0.100.202602081740/tools/bin/../lib/gcc/arm-none-eabi/14.3.1/../../../../arm-none-eabi/lib/thumb/v8-m.main+dp/hard\libc_nano.a(libc_a-fwalk.o)
                              C:/ST/STM32CubeIDE_2.1.1/STM32CubeIDE/plugins/com.st.stm32cube.ide.mcu.externaltools.gnu-tools-for-stm32.14.3.rel1.win32_1.0.100.202602081740/tools/bin/../lib/gcc/arm-none-eabi/14.3.1/../../../../arm-none-eabi/lib/thumb/v8-m.main+dp/hard\libc_nano.a(libc_a-findfp.o) (_fwalk_sglue)
C:/ST/STM32CubeIDE_2.1.1/STM32CubeIDE/plugins/com.st.stm32cube.ide.mcu.externaltools.gnu-tools-for-stm32.14.3.rel1.win32_1.0.100.202602081740/tools/bin/../lib/gcc/arm-none-eabi/14.3.1/../../../../arm-none-eabi/lib/thumb/v8-m.main+dp/hard\libc_nano.a(libc_a-printf.o)
                              ./Middlewares/STM32_ISP/isp_algo.o (printf)
C:/ST/STM32CubeIDE_2.1.1/STM32CubeIDE/plugins/com.st.stm32cube.ide.mcu.externaltools.gnu-tools-for-stm32.14.3.rel1.win32_1.0.100.202602081740/tools/bin/../lib/gcc/arm-none-eabi/14.3.1/../../../../arm-none-eabi/lib/thumb/v8-m.main+dp/hard\libc_nano.a(libc_a-puts.o)
                              ./Middlewares/STM32_ISP/isp_algo.o (puts)
C:/ST/STM32CubeIDE_2.1.1/STM32CubeIDE/plugins/com.st.stm32cube.ide.mcu.externaltools.gnu-tools-for-stm32.14.3.rel1.win32_1.0.100.202602081740/tools/bin/../lib/gcc/arm-none-eabi/14.3.1/../../../../arm-none-eabi/lib/thumb/v8-m.main+dp/hard\libc_nano.a(libc_a-snprintf.o)
                              C:/Users/Dousik/STM32Cube/Repository/STM32Cube_FW_N6_V1.4.0/Middlewares/ST/STM32_ISP_Library/evision/Lib\libn6-evision-awb_iar.a(evision-awb.o) (snprintf)
C:/ST/STM32CubeIDE_2.1.1/STM32CubeIDE/plugins/com.st.stm32cube.ide.mcu.externaltools.gnu-tools-for-stm32.14.3.rel1.win32_1.0.100.202602081740/tools/bin/../lib/gcc/arm-none-eabi/14.3.1/../../../../arm-none-eabi/lib/thumb/v8-m.main+dp/hard\libc_nano.a(libc_a-stdio.o)
                              C:/ST/STM32CubeIDE_2.1.1/STM32CubeIDE/plugins/com.st.stm32cube.ide.mcu.externaltools.gnu-tools-for-stm32.14.3.rel1.win32_1.0.100.202602081740/tools/bin/../lib/gcc/arm-none-eabi/14.3.1/../../../../arm-none-eabi/lib/thumb/v8-m.main+dp/hard\libc_nano.a(libc_a-findfp.o) (__sread)
C:/ST/STM32CubeIDE_2.1.1/STM32CubeIDE/plugins/com.st.stm32cube.ide.mcu.externaltools.gnu-tools-for-stm32.14.3.rel1.win32_1.0.100.202602081740/tools/bin/../lib/gcc/arm-none-eabi/14.3.1/../../../../arm-none-eabi/lib/thumb/v8-m.main+dp/hard\libc_nano.a(libc_a-wbuf.o)
                              C:/ST/STM32CubeIDE_2.1.1/STM32CubeIDE/plugins/com.st.stm32cube.ide.mcu.externaltools.gnu-tools-for-stm32.14.3.rel1.win32_1.0.100.202602081740/tools/bin/../lib/gcc/arm-none-eabi/14.3.1/../../../../arm-none-eabi/lib/thumb/v8-m.main+dp/hard\libc_nano.a(libc_a-puts.o) (__swbuf_r)
[...]
Memory Configuration

Name             Origin             Length             Attributes
ROM              0x34180400         0x0003fc00         xrw
RAM              0x341c0000         0x00040000         xrw
*default*        0x00000000         0xffffffff

Linker script and memory map

LOAD C:/ST/STM32CubeIDE_2.1.1/STM32CubeIDE/plugins/com.st.stm32cube.ide.mcu.externaltools.gnu-tools-for-stm32.14.3.rel1.win32_1.0.100.202602081740/tools/bin/../lib/gcc/arm-none-eabi/14.3.1/thumb/v8-m.main+dp/hard/crti.o
LOAD C:/ST/STM32CubeIDE_2.1.1/STM32CubeIDE/plugins/com.st.stm32cube.ide.mcu.externaltools.gnu-tools-for-stm32.14.3.rel1.win32_1.0.100.202602081740/tools/bin/../lib/gcc/arm-none-eabi/14.3.1/thumb/v8-m.main+dp/hard/crtbegin.o
LOAD C:/ST/STM32CubeIDE_2.1.1/STM32CubeIDE/plugins/com.st.stm32cube.ide.mcu.externaltools.gnu-tools-for-stm32.14.3.rel1.win32_1.0.100.202602081740/tools/bin/../lib/gcc/arm-none-eabi/14.3.1/../../../../arm-none-eabi/lib/thumb/v8-m.main+dp/hard/crt0.o
LOAD ./Application/Startup/startup_stm32n657x0hxq_fsbl.o
LOAD ./Application/User/main.o
LOAD ./Application/User/stm32n6xx_hal_msp.o
LOAD ./Application/User/stm32n6xx_it.o
LOAD ./Application/User/syscalls.o
LOAD ./Application/User/sysmem.o
LOAD ./Drivers/BSP/Components/IMX335/imx335.o
LOAD ./Drivers/BSP/Components/IMX335/imx335_reg.o
LOAD ./Drivers/BSP/Components/aps256xx/aps256xx.o
LOAD ./Drivers/BSP/STM32N6570-DK/stm32n6570_discovery.o
LOAD ./Drivers/BSP/STM32N6570-DK/stm32n6570_discovery_bus.o
LOAD ./Drivers/BSP/STM32N6570-DK/stm32n6570_discovery_xspi.o
LOAD ./Drivers/CMSIS/system_stm32n6xx_fsbl.o
LOAD ./Drivers/STM32N6xx_HAL_Driver/stm32n6xx_hal.o
LOAD ./Drivers/STM32N6xx_HAL_Driver/stm32n6xx_hal_cortex.o
LOAD ./Drivers/STM32N6xx_HAL_Driver/stm32n6xx_hal_dcmipp.o
LOAD ./Drivers/STM32N6xx_HAL_Driver/stm32n6xx_hal_dma.o
LOAD ./Drivers/STM32N6xx_HAL_Driver/stm32n6xx_hal_dma_ex.o
LOAD ./Drivers/STM32N6xx_HAL_Driver/stm32n6xx_hal_exti.o
LOAD ./Drivers/STM32N6xx_HAL_Driver/stm32n6xx_hal_gpio.o
LOAD ./Drivers/STM32N6xx_HAL_Driver/stm32n6xx_hal_i2c.o
LOAD ./Drivers/STM32N6xx_HAL_Driver/stm32n6xx_hal_i2c_ex.o
LOAD ./Drivers/STM32N6xx_HAL_Driver/stm32n6xx_hal_icache.o
LOAD ./Drivers/STM32N6xx_HAL_Driver/stm32n6xx_hal_ltdc.o
LOAD ./Drivers/STM32N6xx_HAL_Driver/stm32n6xx_hal_pwr.o
LOAD ./Drivers/STM32N6xx_HAL_Driver/stm32n6xx_hal_pwr_ex.o
LOAD ./Drivers/STM32N6xx_HAL_Driver/stm32n6xx_hal_ramcfg.o
LOAD ./Drivers/STM32N6xx_HAL_Driver/stm32n6xx_hal_rcc.o
LOAD ./Drivers/STM32N6xx_HAL_Driver/stm32n6xx_hal_rcc_ex.o
LOAD ./Drivers/STM32N6xx_HAL_Driver/stm32n6xx_hal_rif.o
LOAD ./Drivers/STM32N6xx_HAL_Driver/stm32n6xx_hal_uart.o
LOAD ./Drivers/STM32N6xx_HAL_Driver/stm32n6xx_hal_uart_ex.o
LOAD ./Drivers/STM32N6xx_HAL_Driver/stm32n6xx_hal_xspi.o
LOAD ./Middlewares/STM32_ISP/isp_algo.o
LOAD ./Middlewares/STM32_ISP/isp_core.o
LOAD ./Middlewares/STM32_ISP/isp_services.o
LOAD ./Src/camera_lcd.o
LOAD C:/Users/Dousik/STM32Cube/Repository/STM32Cube_FW_N6_V1.4.0/Middlewares/ST/STM32_ISP_Library/evision/Lib\libn6-evision-awb_iar.a
LOAD C:/Users/Dousik/STM32Cube/Repository/STM32Cube_FW_N6_V1.4.0/Middlewares/ST/STM32_ISP_Library/evision/Lib\libn6-evision-st-ae_iar.a
START GROUP
LOAD C:/ST/STM32CubeIDE_2.1.1/STM32CubeIDE/plugins/com.st.stm32cube.ide.mcu.externaltools.gnu-tools-for-stm32.14.3.rel1.win32_1.0.100.202602081740/tools/bin/../lib/gcc/arm-none-eabi/14.3.1/../../../../arm-none-eabi/lib/thumb/v8-m.main+dp/hard\libc_nano.a
LOAD C:/ST/STM32CubeIDE_2.1.1/STM32CubeIDE/plugins/com.st.stm32cube.ide.mcu.externaltools.gnu-tools-for-stm32.14.3.rel1.win32_1.0.100.202602081740/tools/bin/../lib/gcc/arm-none-eabi/14.3.1/../../../../arm-none-eabi/lib/thumb/v8-m.main+dp/hard\libm.a
END GROUP
START GROUP
LOAD C:/ST/STM32CubeIDE_2.1.1/STM32CubeIDE/plugins/com.st.stm32cube.ide.mcu.externaltools.gnu-tools-for-stm32.14.3.rel1.win32_1.0.100.202602081740/tools/bin/../lib/gcc/arm-none-eabi/14.3.1/thumb/v8-m.main+dp/hard\libgcc.a
LOAD C:/ST/STM32CubeIDE_2.1.1/STM32CubeIDE/plugins/com.st.stm32cube.ide.mcu.externaltools.gnu-tools-for-stm32.14.3.rel1.win32_1.0.100.202602081740/tools/bin/../lib/gcc/arm-none-eabi/14.3.1/../../../../arm-none-eabi/lib/thumb/v8-m.main+dp/hard\libc_nano.a
END GROUP
START GROUP
LOAD C:/ST/STM32CubeIDE_2.1.1/STM32CubeIDE/plugins/com.st.stm32cube.ide.mcu.externaltools.gnu-tools-for-stm32.14.3.rel1.win32_1.0.100.202602081740/tools/bin/../lib/gcc/arm-none-eabi/14.3.1/thumb/v8-m.main+dp/hard\libgcc.a
LOAD C:/ST/STM32CubeIDE_2.1.1/STM32CubeIDE/plugins/com.st.stm32cube.ide.mcu.externaltools.gnu-tools-for-stm32.14.3.rel1.win32_1.0.100.202602081740/tools/bin/../lib/gcc/arm-none-eabi/14.3.1/../../../../arm-none-eabi/lib/thumb/v8-m.main+dp/hard\libc_nano.a
LOAD C:/ST/STM32CubeIDE_2.1.1/STM32CubeIDE/plugins/com.st.stm32cube.ide.mcu.externaltools.gnu-tools-for-stm32.14.3.rel1.win32_1.0.100.202602081740/tools/bin/../lib/gcc/arm-none-eabi/14.3.1/../../../../arm-none-eabi/lib/thumb/v8-m.main+dp/hard\libnosys.a
END GROUP
START GROUP
LOAD C:/ST/STM32CubeIDE_2.1.1/STM32CubeIDE/plugins/com.st.stm32cube.ide.mcu.externaltools.gnu-tools-for-stm32.14.3.rel1.win32_1.0.100.202602081740/tools/bin/../lib/gcc/arm-none-eabi/14.3.1/thumb/v8-m.main+dp/hard\libgcc.a
LOAD C:/ST/STM32CubeIDE_2.1.1/STM32CubeIDE/plugins/com.st.stm32cube.ide.mcu.externaltools.gnu-tools-for-stm32.14.3.rel1.win32_1.0.100.202602081740/tools/bin/../lib/gcc/arm-none-eabi/14.3.1/../../../../arm-none-eabi/lib/thumb/v8-m.main+dp/hard\libc_nano.a
LOAD C:/ST/STM32CubeIDE_2.1.1/STM32CubeIDE/plugins/com.st.stm32cube.ide.mcu.externaltools.gnu-tools-for-stm32.14.3.rel1.win32_1.0.100.202602081740/tools/bin/../lib/gcc/arm-none-eabi/14.3.1/../../../../arm-none-eabi/lib/thumb/v8-m.main+dp/hard\libnosys.a
END GROUP
LOAD C:/ST/STM32CubeIDE_2.1.1/STM32CubeIDE/plugins/com.st.stm32cube.ide.mcu.externaltools.gnu-tools-for-stm32.14.3.rel1.win32_1.0.100.202602081740/tools/bin/../lib/gcc/arm-none-eabi/14.3.1/thumb/v8-m.main+dp/hard/crtend.o
LOAD C:/ST/STM32CubeIDE_2.1.1/STM32CubeIDE/plugins/com.st.stm32cube.ide.mcu.externaltools.gnu-tools-for-stm32.14.3.rel1.win32_1.0.100.202602081740/tools/bin/../lib/gcc/arm-none-eabi/14.3.1/thumb/v8-m.main+dp/hard/crtn.o
                0x34200000                        _estack = (ORIGIN (RAM) + LENGTH (RAM))
                0x341ff800                        _sstack = (_estack - _Min_Stack_Size)
                0x00000200                        _Min_Heap_Size = 0x200
                0x00000800                        _Min_Stack_Size = 0x800

.isr_vector     0x34180400      0x34c
                0x34180400                        . = ALIGN (0x4)
 *(.isr_vector)
 .isr_vector    0x34180400      0x34c ./Application/Startup/startup_stm32n657x0hxq_fsbl.o
                0x34180400                g_pfnVectors
                0x3418074c                        . = ALIGN (0x4)

.text           0x34180750    0x20350
                0x34180750                        . = ALIGN (0x4)
 *(.text)
 .text          0x34180750       0x40 C:/ST/STM32CubeIDE_2.1.1/STM32CubeIDE/plugins/com.st.stm32cube.ide.mcu.externaltools.gnu-tools-for-stm32.14.3.rel1.win32_1.0.100.202602081740/tools/bin/../lib/gcc/arm-none-eabi/14.3.1/thumb/v8-m.main+dp/hard/crtbegin.o
 .text          0x34180790      0x9f8 C:/Users/Dousik/STM32Cube/Repository/STM32Cube_FW_N6_V1.4.0/Middlewares/ST/STM32_ISP_Library/evision/Lib\libn6-evision-awb_iar.a(evision-awb.o)
                0x34180790                FjMVFzrolo
                0x34180b76                bFoakDMIhY
                0x34180cc0                evision_api_awb_new
                0x34180cf6                evision_api_awb_delete
                0x34180d02                evision_api_awb_set_profile
                0x34180d4a                evision_api_awb_init_profiles
                0x3418109e                evision_api_awb_run_average
 .text          0x34181188      0x174 C:/Users/Dousik/STM32Cube/Repository/STM32Cube_FW_N6_V1.4.0/Middlewares/ST/STM32_ISP_Library/evision/Lib\libn6-evision-awb_iar.a(evision-utils.o)
                0x34181188                lFMMYTAFMF
 .text          0x341812fc      0x4c0 C:/Users/Dousik/STM32Cube/Repository/STM32Cube_FW_N6_V1.4.0/Middlewares/ST/STM32_ISP_Library/evision/Lib\libn6-evision-st-ae_iar.a(evision-st-ae.o)
                0x341812fc                evision_api_st_ae_new
                0x3418132e                evision_api_st_ae_delete
                0x3418133a                xwMKQPMJvh
                0x34181394                evision_api_st_ae_init
                0x341814e8                evision_api_st_ae_process
 .text          0x341817bc       0xa0 C:/ST/STM32CubeIDE_2.1.1/STM32CubeIDE/plugins/com.st.stm32cube.ide.mcu.externaltools.gnu-tools-for-stm32.14.3.rel1.win32_1.0.100.202602081740/tools/bin/../lib/gcc/arm-none-eabi/14.3.1/thumb/v8-m.main+dp/hard\libgcc.a(_aeabi_ldivmod.o)
                0x341817bc                __aeabi_ldivmod
 .text          0x3418185c       0x30 C:/ST/STM32CubeIDE_2.1.1/STM32CubeIDE/plugins/com.st.stm32cube.ide.mcu.externaltools.gnu-tools-for-stm32.14.3.rel1.win32_1.0.100.202602081740/tools/bin/../lib/gcc/arm-none-eabi/14.3.1/thumb/v8-m.main+dp/hard\libgcc.a(_aeabi_uldivmod.o)
                0x3418185c                __aeabi_uldivmod
 .text          0x3418188c      0x34c C:/ST/STM32CubeIDE_2.1.1/STM32CubeIDE/plugins/com.st.stm32cube.ide.mcu.externaltools.gnu-tools-for-stm32.14.3.rel1.win32_1.0.100.202602081740/tools/bin/../lib/gcc/arm-none-eabi/14.3.1/thumb/v8-m.main+dp/hard\libgcc.a(_udivmoddi4.o)
                0x3418188c                __udivmoddi4
 .text          0x34181bd8        0x4 C:/ST/STM32CubeIDE_2.1.1/STM32CubeIDE/plugins/com.st.stm32cube.ide.mcu.externaltools.gnu-tools-for-stm32.14.3.rel1.win32_1.0.100.202602081740/tools/bin/../lib/gcc/arm-none-eabi/14.3.1/thumb/v8-m.main+dp/hard\libgcc.a(_dvmd_tls.o)
                0x34181bd8                __aeabi_idiv0
                0x34181bd8                __aeabi_ldiv0
 *(.text*)
 .text.Reset_Handler
                0x34181bdc       0x5c ./Application/Startup/startup_stm32n657x0hxq_fsbl.o
                0x34181bdc                Reset_Handler
 .text.Default_Handler
                0x34181c38        0x2 ./Application/Startup/startup_stm32n657x0hxq_fsbl.o
                0x34181c38                HPDMA1_Channel13_IRQHandler
                0x34181c38                EXTI2_IRQHandler
                0x34181c38                MCE2_IRQHandler
                0x34181c38                TIM8_CC_IRQHandler
                0x34181c38                USB2_OTG_HS_IRQHandler
                0x34181c38                SAI1_A_IRQHandler
                0x34181c38                EXTI5_IRQHandler
                0x34181c38                I3C1_ER_IRQHandler
                0x34181c38                UART8_IRQHandler
                0x34181c38                CTI_INT0_IRQHandler
                0x34181c38                SPI4_IRQHandler
                0x34181c38                LTDC_LO_IRQHandler
                0x34181c38                NPU2_IRQHandler
                0x34181c38                FDCAN3_IT0_IRQHandler
                0x34181c38                EXTI13_IRQHandler
                0x34181c38                TIM1_CC_IRQHandler
                0x34181c38                XSPI1_IRQHandler
                0x34181c38                TIM10_IRQHandler
                0x34181c38                JPEG_IRQHandler
                0x34181c38                TAMP_IRQHandler
                0x34181c38                CACHE_ECC_IRQHandler
                0x34181c38                TIM6_IRQHandler
                0x34181c38                EXTI12_IRQHandler
                0x34181c38                GFXTIM_IRQHandler
                0x34181c38                EXTI3_IRQHandler
                0x34181c38                LPTIM4_IRQHandler
                0x34181c38                GPDMA1_Channel5_IRQHandler
                0x34181c38                EXTI8_IRQHandler
                0x34181c38                LPTIM2_IRQHandler
                0x34181c38                GFXMMU_IRQHandler
                0x34181c38                LTDC_LO_ERR_IRQHandler
                0x34181c38                I2C3_ER_IRQHandler
                0x34181c38                RIFSC_TAMPER_IRQHandler
                0x34181c38                USART10_IRQHandler
                0x34181c38                MDF1_FLT2_IRQHandler
                0x34181c38                LPTIM3_IRQHandler
                0x34181c38                SAI2_A_IRQHandler
                0x34181c38                EXTI0_IRQHandler
                0x34181c38                HPDMA1_Channel9_IRQHandler
                0x34181c38                I2C2_EV_IRQHandler
                0x34181c38                GPU2D_IRQHandler
                0x34181c38                FPU_IRQHandler
                0x34181c38                GPDMA1_Channel3_IRQHandler
                0x34181c38                GPDMA1_Channel7_IRQHandler
                0x34181c38                MDF1_FLT4_IRQHandler
                0x34181c38                FDCAN1_IT1_IRQHandler
                0x34181c38                HPDMA1_Channel3_IRQHandler
                0x34181c38                ADC1_2_IRQHandler
                0x34181c38                GPDMA1_Channel9_IRQHandler
                0x34181c38                SPI1_IRQHandler
                0x34181c38                CACHEAXI_IRQHandler
                0x34181c38                SAI1_B_IRQHandler
                0x34181c38                GPDMA1_Channel2_IRQHandler
                0x34181c38                PAHB_ERR_IRQHandler
                0x34181c38                TIM8_UP_IRQHandler
                0x34181c38                RCC_S_IRQHandler
                0x34181c38                MDF1_FLT1_IRQHandler
                0x34181c38                LTDC_UP_IRQHandler
                0x34181c38                LOCKUP_IRQHandler
                0x34181c38                PKA_IRQHandler
                0x34181c38                USART6_IRQHandler
                0x34181c38                HPDMA1_Channel2_IRQHandler
                0x34181c38                MDF1_FLT5_IRQHandler
                0x34181c38                MCE4_IRQHandler
                0x34181c38                I3C2_ER_IRQHandler
                0x34181c38                EXTI15_IRQHandler
                0x34181c38                TIM17_IRQHandler
                0x34181c38                USART3_IRQHandler
                0x34181c38                HPDMA1_Channel6_IRQHandler
                0x34181c38                CRYP_IRQHandler
                0x34181c38                RTC_IRQHandler
                0x34181c38                XSPI2_IRQHandler
                0x34181c38                EXTI9_IRQHandler
                0x34181c38                IAC_IRQHandler
                0x34181c38                HPDMA1_Channel0_IRQHandler
                0x34181c38                LPTIM5_IRQHandler
                0x34181c38                HPDMA1_Channel1_IRQHandler
                0x34181c38                UART5_IRQHandler
                0x34181c38                TIM4_IRQHandler
                0x34181c38                NPU3_IRQHandler
                0x34181c38                I3C2_EV_IRQHandler
                0x34181c38                I2C1_EV_IRQHandler
                0x34181c38                FDCAN_CU_IRQHandler
                0x34181c38                GPDMA1_Channel12_IRQHandler
                0x34181c38                HPDMA1_Channel7_IRQHandler
                0x34181c38                GPDMA1_Channel1_IRQHandler
                0x34181c38                TIM16_IRQHandler
                0x34181c38                GPDMA1_Channel15_IRQHandler
                0x34181c38                UART4_IRQHandler
                0x34181c38                TCM_ECC_IRQHandler
                0x34181c38                TIM3_IRQHandler
                0x34181c38                RCC_IRQHandler
                0x34181c38                UART9_IRQHandler
                0x34181c38                NPU1_IRQHandler
                0x34181c38                SAI2_B_IRQHandler
                0x34181c38                Default_Handler
                0x34181c38                GPDMA1_Channel8_IRQHandler
                0x34181c38                HPDMA1_Channel8_IRQHandler
                0x34181c38                TIM18_IRQHandler
                0x34181c38                TIM14_IRQHandler
                0x34181c38                TIM13_IRQHandler
                0x34181c38                CTI_INT1_IRQHandler
                0x34181c38                GPDMA1_Channel11_IRQHandler
                0x34181c38                GPU2D_ER_IRQHandler
                0x34181c38                SPI5_IRQHandler
                0x34181c38                TIM12_IRQHandler
                0x34181c38                TIM7_IRQHandler
                0x34181c38                FDCAN3_IT1_IRQHandler
                0x34181c38                HPDMA1_Channel10_IRQHandler
                0x34181c38                SDMMC1_IRQHandler
                0x34181c38                SAES_IRQHandler
                0x34181c38                TIM5_IRQHandler
                0x34181c38                UCPD1_IRQHandler
                0x34181c38                GPDMA1_Channel0_IRQHandler
                0x34181c38                I3C1_EV_IRQHandler
                0x34181c38                HPDMA1_Channel5_IRQHandler
                0x34181c38                TIM15_IRQHandler
                0x34181c38                I2C3_EV_IRQHandler
                0x34181c38                HPDMA1_Channel4_IRQHandler
                0x34181c38                HPDMA1_Channel15_IRQHandler
                0x34181c38                TIM9_IRQHandler
                0x34181c38                ETH1_IRQHandler
                0x34181c38                USB1_OTG_HS_IRQHandler
                0x34181c38                PVD_PVM_IRQHandler
                0x34181c38                SPI2_IRQHandler
                0x34181c38                TIM1_TRG_CCU_IRQHandler
                0x34181c38                HPDMA1_Channel11_IRQHandler
                0x34181c38                EXTI14_IRQHandler
                0x34181c38                EXTI11_IRQHandler
                0x34181c38                VENC_IRQHandler
                0x34181c38                GPDMA1_Channel14_IRQHandler
                0x34181c38                EXTI4_IRQHandler
                0x34181c38                RTC_S_IRQHandler
                0x34181c38                GPDMA1_Channel13_IRQHandler
                0x34181c38                RNG_IRQHandler
                0x34181c38                XSPI3_IRQHandler
                0x34181c38                FDCAN2_IT1_IRQHandler
                0x34181c38                TIM1_UP_IRQHandler
                0x34181c38                NPU0_IRQHandler
                0x34181c38                BCK_ECC_IRQHandler
                0x34181c38                WWDG_IRQHandler
                0x34181c38                SPI6_IRQHandler
                0x34181c38                MDIOS_IRQHandler
                0x34181c38                I2C4_EV_IRQHandler
                0x34181c38                FDCAN2_IT0_IRQHandler
                0x34181c38                IWDG_IRQHandler
                0x34181c38                HPDMA1_Channel14_IRQHandler
                0x34181c38                LPUART1_IRQHandler
                0x34181c38                FDCAN1_IT0_IRQHandler
                0x34181c38                MDF1_FLT0_IRQHandler
                0x34181c38                TIM2_IRQHandler
                0x34181c38                MCE3_IRQHandler
                0x34181c38                GPDMA1_Channel4_IRQHandler
                0x34181c38                EXTI7_IRQHandler
                0x34181c38                DMA2D_IRQHandler
                0x34181c38                TIM1_BRK_IRQHandler
                0x34181c38                EXTI1_IRQHandler
                0x34181c38                SDMMC2_IRQHandler
                0x34181c38                TIM11_IRQHandler
                0x34181c38                LTDC_UP_ERR_IRQHandler
                0x34181c38                UART7_IRQHandler
                0x34181c38                DTS_IRQHandler
                0x34181c38                MDF1_FLT3_IRQHandler
                0x34181c38                USART2_IRQHandler
                0x34181c38                GPDMA1_Channel6_IRQHandler
                0x34181c38                ADF1_FLT0_IRQHandler
                0x34181c38                I2C2_ER_IRQHandler
                0x34181c38                MCE1_IRQHandler
                0x34181c38                SPDIFRX_IRQHandler
                0x34181c38                TIM8_BRK_IRQHandler
                0x34181c38                HPDMA1_Channel12_IRQHandler
                0x34181c38                USART1_IRQHandler
                0x34181c38                EXTI10_IRQHandler
                0x34181c38                SPI3_IRQHandler
                0x34181c38                WAKEUP_PIN_IRQHandler
                0x34181c38                I2C1_ER_IRQHandler
                0x34181c38                FMC_IRQHandler
                0x34181c38                EXTI6_IRQHandler
                0x34181c38                LPTIM1_IRQHandler
                0x34181c38                DCMI_PSSI_IRQHandler
                0x34181c38                TIM8_TRG_CCU_IRQHandler
                0x34181c38                I2C4_ER_IRQHandler
                0x34181c38                GPDMA1_Channel10_IRQHandler
                0x34181c38                ICACHE_IRQHandler
                0x34181c38                HASH_IRQHandler
 *fill*         0x34181c3a        0x2 
 .text.main     0x34181c3c      0x1d8 ./Application/User/main.o
                0x34181c3c                main
 .text.SystemClock_Config
                0x34181e14      0x166 ./Application/User/main.o
                0x34181e14                SystemClock_Config
 *fill*         0x34181f7a        0x2 
 .text.MX_DCMIPP_Init
                0x34181f7c      0x1d8 ./Application/User/main.o
 .text.LCD_Init
                0x34182154      0x10c ./Application/User/main.o
 .text.IMX335_Probe
                0x34182260       0xbc ./Application/User/main.o
 .text.GetSensorInfoHelper
                0x3418231c       0x24 ./Application/User/main.o
 .text.SetSensorGainHelper
                0x34182340       0x2c ./Application/User/main.o
 .text.GetSensorGainHelper
                0x3418236c       0x24 ./Application/User/main.o
 .text.SetSensorExposureHelper
                0x34182390       0x2c ./Application/User/main.o
 .text.GetSensorExposureHelper
                0x341823bc       0x24 ./Application/User/main.o
 .text.HAL_DCMIPP_PIPE_FrameEventCallback
                0x341823e0       0x24 ./Application/User/main.o
                0x341823e0                HAL_DCMIPP_PIPE_FrameEventCallback
 .text.HAL_DCMIPP_PIPE_VsyncEventCallback
                0x34182404       0x50 ./Application/User/main.o
                0x34182404                HAL_DCMIPP_PIPE_VsyncEventCallback
 .text.Error_Handler
                0x34182454       0x14 ./Application/User/main.o
                0x34182454                Error_Handler
 .text.assert_failed
                0x34182468        0xe ./Application/User/main.o
                0x34182468                assert_failed
 *fill*         0x34182476        0x2 
 .text.LL_MEM_EnableClock
                0x34182478       0x2c ./Application/User/stm32n6xx_hal_msp.o
 .text.LL_AHB3_GRP1_EnableClock
                0x341824a4       0x2c ./Application/User/stm32n6xx_hal_msp.o
 .text.LL_AHB4_GRP1_EnableClock
                0x341824d0       0x2c ./Application/User/stm32n6xx_hal_msp.o
 .text.LL_APB5_GRP1_EnableClock
                0x341824fc       0x2c ./Application/User/stm32n6xx_hal_msp.o
 .text.LL_APB5_GRP1_ForceReset
                0x34182528       0x20 ./Application/User/stm32n6xx_hal_msp.o
 .text.LL_APB5_GRP1_ReleaseReset
                0x34182548       0x28 ./Application/User/stm32n6xx_hal_msp.o
 .text.HAL_MspInit
                0x34182570        0xe ./Application/User/stm32n6xx_hal_msp.o
                0x34182570                HAL_MspInit
 *fill*         0x3418257e        0x2 
 .text.HAL_DCMIPP_MspInit
                0x34182580      0x290 ./Application/User/stm32n6xx_hal_msp.o
                0x34182580                HAL_DCMIPP_MspInit
 .text.HAL_LTDC_MspInit
                0x34182810      0x25c ./Application/User/stm32n6xx_hal_msp.o
                0x34182810                HAL_LTDC_MspInit
 .text.NMI_Handler
                0x34182a6c        0x8 ./Application/User/stm32n6xx_it.o
                0x34182a6c                NMI_Handler
 .text.HardFault_Handler
                0x34182a74        0x8 ./Application/User/stm32n6xx_it.o
                0x34182a74                HardFault_Handler
 .text.MemManage_Handler
                0x34182a7c        0x8 ./Application/User/stm32n6xx_it.o
                0x34182a7c                MemManage_Handler
 .text.BusFault_Handler
                0x34182a84        0x8 ./Application/User/stm32n6xx_it.o
                0x34182a84                BusFault_Handler
 .text.UsageFault_Handler
                0x34182a8c        0x8 ./Application/User/stm32n6xx_it.o
                0x34182a8c                UsageFault_Handler
 .text.SecureFault_Handler
                0x34182a94        0x8 ./Application/User/stm32n6xx_it.o
                0x34182a94                SecureFault_Handler
 .text.SVC_Handler
                0x34182a9c        0xe ./Application/User/stm32n6xx_it.o
                0x34182a9c                SVC_Handler
 .text.DebugMon_Handler
                0x34182aaa        0xe ./Application/User/stm32n6xx_it.o
                0x34182aaa                DebugMon_Handler
 .text.PendSV_Handler
                0x34182ab8        0xe ./Application/User/stm32n6xx_it.o
                0x34182ab8                PendSV_Handler
 .text.SysTick_Handler
                0x34182ac6        0xc ./Application/User/stm32n6xx_it.o
                0x34182ac6                SysTick_Handler
 *fill*         0x34182ad2        0x2 
 .text.CSI_IRQHandler
                0x34182ad4       0x14 ./Application/User/stm32n6xx_it.o
                0x34182ad4                CSI_IRQHandler
 .text.DCMIPP_IRQHandler
                0x34182ae8       0x14 ./Application/User/stm32n6xx_it.o
                0x34182ae8                DCMIPP_IRQHandler
 .text._read    0x34182afc       0x3a ./Application/User/syscalls.o
                0x34182afc                _read
 .text._write   0x34182b36       0x38 ./Application/User/syscalls.o
                0x34182b36                _write
 .text._close   0x34182b6e       0x18 ./Application/User/syscalls.o
                0x34182b6e                _close
 .text._fstat   0x34182b86       0x20 ./Application/User/syscalls.o
                0x34182b86                _fstat
 .text._isatty  0x34182ba6       0x16 ./Application/User/syscalls.o
                0x34182ba6                _isatty
 .text._lseek   0x34182bbc       0x1a ./Application/User/syscalls.o
                0x34182bbc                _lseek
 *fill*         0x34182bd6        0x2 
 .text._sbrk    0x34182bd8       0x6c ./Application/User/sysmem.o
                0x34182bd8                _sbrk
 .text.IMX335_WriteTable
                0x34182c44       0x62 ./Drivers/BSP/Components/IMX335/imx335.o
 .text.IMX335_Delay
                0x34182ca6       0x34 ./Drivers/BSP/Components/IMX335/imx335.o
 .text.IMX335_ReadRegWrap
                0x34182cda       0x32 ./Drivers/BSP/Components/IMX335/imx335.o
 .text.IMX335_WriteRegWrap
                0x34182d0c       0x32 ./Drivers/BSP/Components/IMX335/imx335.o
 *fill*         0x34182d3e        0x2 
 .text.IMX335_RegisterBusIO
                0x34182d40       0x84 ./Drivers/BSP/Components/IMX335/imx335.o
                0x34182d40                IMX335_RegisterBusIO
 .text.IMX335_Init
                0x34182dc4       0xa8 ./Drivers/BSP/Components/IMX335/imx335.o
                0x34182dc4                IMX335_Init
 .text.IMX335_ReadID
                0x34182e6c       0x48 ./Drivers/BSP/Components/IMX335/imx335.o
                0x34182e6c                IMX335_ReadID
 .text.IMX335_GetSensorInfo
                0x34182eb4       0x7c ./Drivers/BSP/Components/IMX335/imx335.o
                0x34182eb4                IMX335_GetSensorInfo
 .text.IMX335_SetGain
                0x34182f30       0xb0 ./Drivers/BSP/Components/IMX335/imx335.o
                0x34182f30                IMX335_SetGain
 .text.IMX335_SetExposure
                0x34182fe0       0xd0 ./Drivers/BSP/Components/IMX335/imx335.o
                0x34182fe0                IMX335_SetExposure
 .text.IMX335_SetFrequency
                0x341830b0       0xd4 ./Drivers/BSP/Components/IMX335/imx335.o
                0x341830b0                IMX335_SetFrequency
 .text.IMX335_MirrorFlipConfig
                0x34183184       0x7c ./Drivers/BSP/Components/IMX335/imx335.o
                0x34183184                IMX335_MirrorFlipConfig
 .text.imx335_read_reg
                0x34183200       0x2e ./Drivers/BSP/Components/IMX335/imx335_reg.o
                0x34183200                imx335_read_reg
 .text.imx335_write_reg
                0x3418322e       0x2e ./Drivers/BSP/Components/IMX335/imx335_reg.o
                0x3418322e                imx335_write_reg
 .text.LL_AHB4_GRP1_EnableClock
                0x3418325c       0x2c ./Drivers/BSP/STM32N6570-DK/stm32n6570_discovery.o
 .text.LL_APB1_GRP1_EnableClock
                0x34183288       0x2c ./Drivers/BSP/STM32N6570-DK/stm32n6570_discovery.o
 .text.LL_APB2_GRP1_EnableClock
                0x341832b4       0x2c ./Drivers/BSP/STM32N6570-DK/stm32n6570_discovery.o
 .text.BSP_LED_Init
                0x341832e0       0x84 ./Drivers/BSP/STM32N6570-DK/stm32n6570_discovery.o
                0x341832e0                BSP_LED_Init
 .text.BSP_LED_Off
                0x34183364       0x58 ./Drivers/BSP/STM32N6570-DK/stm32n6570_discovery.o
                0x34183364                BSP_LED_Off
 .text.BSP_LED_Toggle
                0x341833bc       0x34 ./Drivers/BSP/STM32N6570-DK/stm32n6570_discovery.o
                0x341833bc                BSP_LED_Toggle
 .text.BSP_COM_Init
                0x341833f0       0xb4 ./Drivers/BSP/STM32N6570-DK/stm32n6570_discovery.o
                0x341833f0                BSP_COM_Init
 .text.BSP_COM_SelectLogPort
                0x341834a4       0x2c ./Drivers/BSP/STM32N6570-DK/stm32n6570_discovery.o
                0x341834a4                BSP_COM_SelectLogPort
 .text.__io_putchar
                0x341834d0       0x38 ./Drivers/BSP/STM32N6570-DK/stm32n6570_discovery.o
                0x341834d0                __io_putchar
 .text.MX_USART1_Init
                0x34183508       0x64 ./Drivers/BSP/STM32N6570-DK/stm32n6570_discovery.o
                0x34183508                MX_USART1_Init
 .text.MX_USART2_Init
                0x3418356c       0x64 ./Drivers/BSP/STM32N6570-DK/stm32n6570_discovery.o
                0x3418356c                MX_USART2_Init
 .text.UART_MspInit
                0x341835d0      0x124 ./Drivers/BSP/STM32N6570-DK/stm32n6570_discovery.o
 .text.LL_AHB4_GRP1_EnableClock
                0x341836f4       0x2c ./Drivers/BSP/STM32N6570-DK/stm32n6570_discovery_bus.o
 .text.LL_APB1_GRP1_EnableClock
                0x34183720       0x2c ./Drivers/BSP/STM32N6570-DK/stm32n6570_discovery_bus.o
 .text.LL_APB1_GRP1_DisableClock
                0x3418374c       0x28 ./Drivers/BSP/STM32N6570-DK/stm32n6570_discovery_bus.o
 .text.LL_APB1_GRP1_ForceReset
                0x34183774       0x20 ./Drivers/BSP/STM32N6570-DK/stm32n6570_discovery_bus.o
 .text.LL_APB1_GRP1_ReleaseReset
                0x34183794       0x28 ./Drivers/BSP/STM32N6570-DK/stm32n6570_discovery_bus.o
 .text.BSP_I2C1_Init
                0x341837bc       0x74 ./Drivers/BSP/STM32N6570-DK/stm32n6570_discovery_bus.o
                0x341837bc                BSP_I2C1_Init
 .text.BSP_I2C1_DeInit
                0x34183830       0x48 ./Drivers/BSP/STM32N6570-DK/stm32n6570_discovery_bus.o
                0x34183830                BSP_I2C1_DeInit
 .text.MX_I2C1_Init
                0x34183878       0x84 ./Drivers/BSP/STM32N6570-DK/stm32n6570_discovery_bus.o
                0x34183878                MX_I2C1_Init
 .text.BSP_I2C1_WriteReg16
                0x341838fc       0x5c ./Drivers/BSP/STM32N6570-DK/stm32n6570_discovery_bus.o
                0x341838fc                BSP_I2C1_WriteReg16
 .text.BSP_I2C1_ReadReg16
                0x34183958       0x5c ./Drivers/BSP/STM32N6570-DK/stm32n6570_discovery_bus.o
                0x34183958                BSP_I2C1_ReadReg16
 .text.I2C1_MspInit
                0x341839b4       0x84 ./Drivers/BSP/STM32N6570-DK/stm32n6570_discovery_bus.o
 .text.I2C1_MspDeInit
                0x34183a38       0x40 ./Drivers/BSP/STM32N6570-DK/stm32n6570_discovery_bus.o
 .text.I2C1_WriteReg
                0x34183a78       0x4c ./Drivers/BSP/STM32N6570-DK/stm32n6570_discovery_bus.o
 .text.I2C1_ReadReg
                0x34183ac4       0x4c ./Drivers/BSP/STM32N6570-DK/stm32n6570_discovery_bus.o
 .text.BSP_GetTick
                0x34183b10        0xe ./Drivers/BSP/STM32N6570-DK/stm32n6570_discovery_bus.o
                0x34183b10                BSP_GetTick
 *fill*         0x34183b1e        0x2 
 .text.I2C_GetTiming
                0x34183b20      0x100 ./Drivers/BSP/STM32N6570-DK/stm32n6570_discovery_bus.o
 .text.I2C_Compute_PRESC_SCLDEL_SDADEL
                0x34183c20      0x1dc ./Drivers/BSP/STM32N6570-DK/stm32n6570_discovery_bus.o
 .text.I2C_Compute_SCLL_SCLH
                0x34183dfc      0x210 ./Drivers/BSP/STM32N6570-DK/stm32n6570_discovery_bus.o
 .text.SystemInit
                0x3418400c      0x218 ./Drivers/CMSIS/system_stm32n6xx_fsbl.o
                0x3418400c                SystemInit
 .text.SystemCoreClockUpdate
                0x34184224      0x350 ./Drivers/CMSIS/system_stm32n6xx_fsbl.o
                0x34184224                SystemCoreClockUpdate
 .text.SECURE_SystemCoreClockUpdate
                0x34184574       0x2c ./Drivers/CMSIS/system_stm32n6xx_fsbl.o
                0x34184574                __acle_se_SECURE_SystemCoreClockUpdate
 .text.HAL_Init
                0x341845a0       0x28 ./Drivers/STM32N6xx_HAL_Driver/stm32n6xx_hal.o
                0x341845a0                HAL_Init
 .text.HAL_InitTick
                0x341845c8       0x6c ./Drivers/STM32N6xx_HAL_Driver/stm32n6xx_hal.o
                0x341845c8                HAL_InitTick
 .text.HAL_IncTick
                0x34184634       0x28 ./Drivers/STM32N6xx_HAL_Driver/stm32n6xx_hal.o
                0x34184634                HAL_IncTick
 .text.HAL_GetTick
                0x3418465c       0x18 ./Drivers/STM32N6xx_HAL_Driver/stm32n6xx_hal.o
                0x3418465c                HAL_GetTick
 .text.HAL_Delay
                0x34184674       0x48 ./Drivers/STM32N6xx_HAL_Driver/stm32n6xx_hal.o
                0x34184674                HAL_Delay
 .text.__NVIC_SetPriorityGrouping
                0x341846bc       0x48 ./Drivers/STM32N6xx_HAL_Driver/stm32n6xx_hal_cortex.o
 .text.__NVIC_GetPriorityGrouping
                0x34184704       0x1c ./Drivers/STM32N6xx_HAL_Driver/stm32n6xx_hal_cortex.o
 .text.__NVIC_EnableIRQ
                0x34184720       0x3c ./Drivers/STM32N6xx_HAL_Driver/stm32n6xx_hal_cortex.o
 .text.__NVIC_SetPriority
                0x3418475c       0x54 ./Drivers/STM32N6xx_HAL_Driver/stm32n6xx_hal_cortex.o
 .text.NVIC_EncodePriority
                0x341847b0       0x66 ./Drivers/STM32N6xx_HAL_Driver/stm32n6xx_hal_cortex.o
 *fill*         0x34184816        0x2 
 .text.SysTick_Config
                0x34184818       0x44 ./Drivers/STM32N6xx_HAL_Driver/stm32n6xx_hal_cortex.o
 .text.HAL_NVIC_SetPriorityGrouping
                0x3418485c       0x40 ./Drivers/STM32N6xx_HAL_Driver/stm32n6xx_hal_cortex.o
                0x3418485c                HAL_NVIC_SetPriorityGrouping
 .text.HAL_NVIC_SetPriority
                0x3418489c       0xb4 ./Drivers/STM32N6xx_HAL_Driver/stm32n6xx_hal_cortex.o
                0x3418489c                HAL_NVIC_SetPriority
 .text.HAL_NVIC_EnableIRQ
                0x34184950       0x34 ./Drivers/STM32N6xx_HAL_Driver/stm32n6xx_hal_cortex.o
                0x34184950                HAL_NVIC_EnableIRQ
 .text.HAL_SYSTICK_Config
                0x34184984       0x18 ./Drivers/STM32N6xx_HAL_Driver/stm32n6xx_hal_cortex.o
                0x34184984                HAL_SYSTICK_Config
 .text.HAL_DCMIPP_Init
                0x3418499c       0x88 ./Drivers/STM32N6xx_HAL_Driver/stm32n6xx_hal_dcmipp.o
                0x3418499c                HAL_DCMIPP_Init
 .text.HAL_DCMIPP_CSI_SetConfig
                0x34184a24      0x374 ./Drivers/STM32N6xx_HAL_Driver/stm32n6xx_hal_dcmipp.o
                0x34184a24                HAL_DCMIPP_CSI_SetConfig
 .text.HAL_DCMIPP_CSI_PIPE_SetConfig
                0x34184d98      0x2e0 ./Drivers/STM32N6xx_HAL_Driver/stm32n6xx_hal_dcmipp.o
                0x34184d98                HAL_DCMIPP_CSI_PIPE_SetConfig
 .text.HAL_DCMIPP_CSI_SetVCConfig
                0x34185078       0xd8 ./Drivers/STM32N6xx_HAL_Driver/stm32n6xx_hal_dcmipp.o
                0x34185078                HAL_DCMIPP_CSI_SetVCConfig
 .text.HAL_DCMIPP_PIPE_SetConfig
                0x34185150      0x184 ./Drivers/STM32N6xx_HAL_Driver/stm32n6xx_hal_dcmipp.o
                0x34185150                HAL_DCMIPP_PIPE_SetConfig
 .text.HAL_DCMIPP_CSI_PIPE_Start
                0x341852d4       0xd4 ./Drivers/STM32N6xx_HAL_Driver/stm32n6xx_hal_dcmipp.o
                0x341852d4                HAL_DCMIPP_CSI_PIPE_Start
 .text.HAL_DCMIPP_IRQHandler
                0x341853a8      0x3c8 ./Drivers/STM32N6xx_HAL_Driver/stm32n6xx_hal_dcmipp.o
                0x341853a8                HAL_DCMIPP_IRQHandler
 .text.HAL_DCMIPP_CSI_IRQHandler
                0x34185770      0x954 ./Drivers/STM32N6xx_HAL_Driver/stm32n6xx_hal_dcmipp.o
                0x34185770                HAL_DCMIPP_CSI_IRQHandler
 .text.HAL_DCMIPP_PIPE_LineEventCallback
                0x341860c4       0x16 ./Drivers/STM32N6xx_HAL_Driver/stm32n6xx_hal_dcmipp.o
                0x341860c4                HAL_DCMIPP_PIPE_LineEventCallback
 .text.HAL_DCMIPP_PIPE_LimitEventCallback
                0x341860da       0x16 ./Drivers/STM32N6xx_HAL_Driver/stm32n6xx_hal_dcmipp.o
                0x341860da                HAL_DCMIPP_PIPE_LimitEventCallback
 .text.HAL_DCMIPP_PIPE_ErrorCallback
                0x341860f0       0x16 ./Drivers/STM32N6xx_HAL_Driver/stm32n6xx_hal_dcmipp.o
                0x341860f0                HAL_DCMIPP_PIPE_ErrorCallback
 .text.HAL_DCMIPP_ErrorCallback
                0x34186106       0x14 ./Drivers/STM32N6xx_HAL_Driver/stm32n6xx_hal_dcmipp.o
                0x34186106                HAL_DCMIPP_ErrorCallback
 .text.HAL_DCMIPP_CSI_LineErrorCallback
                0x3418611a       0x16 ./Drivers/STM32N6xx_HAL_Driver/stm32n6xx_hal_dcmipp.o
                0x3418611a                HAL_DCMIPP_CSI_LineErrorCallback
 .text.HAL_DCMIPP_CSI_ClockChangerFifoFullEventCallback
                0x34186130       0x14 ./Drivers/STM32N6xx_HAL_Driver/stm32n6xx_hal_dcmipp.o
                0x34186130                HAL_DCMIPP_CSI_ClockChangerFifoFullEventCallback
 .text.HAL_DCMIPP_CSI_ShortPacketDetectionEventCallback
                0x34186144       0x14 ./Drivers/STM32N6xx_HAL_Driver/stm32n6xx_hal_dcmipp.o
                0x34186144                HAL_DCMIPP_CSI_ShortPacketDetectionEventCallback
 .text.HAL_DCMIPP_CSI_EndOfFrameEventCallback
                0x34186158       0x16 ./Drivers/STM32N6xx_HAL_Driver/stm32n6xx_hal_dcmipp.o
                0x34186158                HAL_DCMIPP_CSI_EndOfFrameEventCallback
 .text.HAL_DCMIPP_CSI_StartOfFrameEventCallback
                0x3418616e       0x16 ./Drivers/STM32N6xx_HAL_Driver/stm32n6xx_hal_dcmipp.o
                0x3418616e                HAL_DCMIPP_CSI_StartOfFrameEventCallback
 .text.HAL_DCMIPP_CSI_TimerCounterEventCallback
                0x34186184       0x16 ./Drivers/STM32N6xx_HAL_Driver/stm32n6xx_hal_dcmipp.o
                0x34186184                HAL_DCMIPP_CSI_TimerCounterEventCallback
 .text.HAL_DCMIPP_CSI_LineByteEventCallback
                0x3418619a       0x16 ./Drivers/STM32N6xx_HAL_Driver/stm32n6xx_hal_dcmipp.o
                0x3418619a                HAL_DCMIPP_CSI_LineByteEventCallback
 .text.HAL_DCMIPP_PIPE_SetISPDecimationConfig
                0x341861b0       0xd4 ./Drivers/STM32N6xx_HAL_Driver/stm32n6xx_hal_dcmipp.o
                0x341861b0                HAL_DCMIPP_PIPE_SetISPDecimationConfig
 .text.HAL_DCMIPP_PIPE_EnableISPDecimation
                0x34186284       0x5c ./Drivers/STM32N6xx_HAL_Driver/stm32n6xx_hal_dcmipp.o
                0x34186284                HAL_DCMIPP_PIPE_EnableISPDecimation
 .text.HAL_DCMIPP_PIPE_SetDownsizeConfig
                0x341862e0      0x1a0 ./Drivers/STM32N6xx_HAL_Driver/stm32n6xx_hal_dcmipp.o
                0x341862e0                HAL_DCMIPP_PIPE_SetDownsizeConfig
 .text.HAL_DCMIPP_PIPE_EnableDownsize
                0x34186480       0x7c ./Drivers/STM32N6xx_HAL_Driver/stm32n6xx_hal_dcmipp.o
                0x34186480                HAL_DCMIPP_PIPE_EnableDownsize
 .text.HAL_DCMIPP_PIPE_EnableGammaConversion
                0x341864fc       0x7c ./Drivers/STM32N6xx_HAL_Driver/stm32n6xx_hal_dcmipp.o
                0x341864fc                HAL_DCMIPP_PIPE_EnableGammaConversion
 .text.HAL_DCMIPP_PIPE_DisableGammaConversion
                0x34186578       0x7c ./Drivers/STM32N6xx_HAL_Driver/stm32n6xx_hal_dcmipp.o
                0x34186578                HAL_DCMIPP_PIPE_DisableGammaConversion
 .text.HAL_DCMIPP_PIPE_IsEnabledGammaConversion
                0x341865f4       0x98 ./Drivers/STM32N6xx_HAL_Driver/stm32n6xx_hal_dcmipp.o
                0x341865f4                HAL_DCMIPP_PIPE_IsEnabledGammaConversion
 .text.HAL_DCMIPP_PIPE_SetISPRawBayer2RGBConfig
                0x3418668c      0x1e4 ./Drivers/STM32N6xx_HAL_Driver/stm32n6xx_hal_dcmipp.o
                0x3418668c                HAL_DCMIPP_PIPE_SetISPRawBayer2RGBConfig
 .text.HAL_DCMIPP_PIPE_EnableISPRawBayer2RGB
                0x34186870       0x5c ./Drivers/STM32N6xx_HAL_Driver/stm32n6xx_hal_dcmipp.o
                0x34186870                HAL_DCMIPP_PIPE_EnableISPRawBayer2RGB
 .text.HAL_DCMIPP_PIPE_DisableISPRawBayer2RGB
                0x341868cc       0x5c ./Drivers/STM32N6xx_HAL_Driver/stm32n6xx_hal_dcmipp.o
                0x341868cc                HAL_DCMIPP_PIPE_DisableISPRawBayer2RGB
 .text.HAL_DCMIPP_PIPE_SetISPRemovalStatisticConfig
                0x34186928       0x94 ./Drivers/STM32N6xx_HAL_Driver/stm32n6xx_hal_dcmipp.o
                0x34186928                HAL_DCMIPP_PIPE_SetISPRemovalStatisticConfig
 .text.HAL_DCMIPP_PIPE_EnableISPRemovalStatistic
                0x341869bc       0x40 ./Drivers/STM32N6xx_HAL_Driver/stm32n6xx_hal_dcmipp.o
                0x341869bc                HAL_DCMIPP_PIPE_EnableISPRemovalStatistic
 .text.HAL_DCMIPP_PIPE_DisableISPRemovalStatistic
                0x341869fc       0x40 ./Drivers/STM32N6xx_HAL_Driver/stm32n6xx_hal_dcmipp.o
                0x341869fc                HAL_DCMIPP_PIPE_DisableISPRemovalStatistic
 .text.HAL_DCMIPP_PIPE_SetISPBadPixelRemovalConfig
                0x34186a3c       0xa0 ./Drivers/STM32N6xx_HAL_Driver/stm32n6xx_hal_dcmipp.o
                0x34186a3c                HAL_DCMIPP_PIPE_SetISPBadPixelRemovalConfig
 .text.HAL_DCMIPP_PIPE_EnableISPBadPixelRemoval
                0x34186adc       0x5c ./Drivers/STM32N6xx_HAL_Driver/stm32n6xx_hal_dcmipp.o
                0x34186adc                HAL_DCMIPP_PIPE_EnableISPBadPixelRemoval
 .text.HAL_DCMIPP_PIPE_DisableISPBadPixelRemoval
                0x34186b38       0x5c ./Drivers/STM32N6xx_HAL_Driver/stm32n6xx_hal_dcmipp.o
                0x34186b38                HAL_DCMIPP_PIPE_DisableISPBadPixelRemoval
 .text.HAL_DCMIPP_PIPE_GetISPBadPixelRemovalConfig
                0x34186b94       0x40 ./Drivers/STM32N6xx_HAL_Driver/stm32n6xx_hal_dcmipp.o
                0x34186b94                HAL_DCMIPP_PIPE_GetISPBadPixelRemovalConfig
 .text.HAL_DCMIPP_PIPE_IsEnabledISPBadPixelRemoval
                0x34186bd4       0x78 ./Drivers/STM32N6xx_HAL_Driver/stm32n6xx_hal_dcmipp.o
                0x34186bd4                HAL_DCMIPP_PIPE_IsEnabledISPBadPixelRemoval
 .text.HAL_DCMIPP_PIPE_GetISPRemovedBadPixelCounter
                0x34186c4c       0x64 ./Drivers/STM32N6xx_HAL_Driver/stm32n6xx_hal_dcmipp.o
                0x34186c4c                HAL_DCMIPP_PIPE_GetISPRemovedBadPixelCounter
 .text.HAL_DCMIPP_PIPE_SetISPColorConversionConfig
                0x34186cb0      0x420 ./Drivers/STM32N6xx_HAL_Driver/stm32n6xx_hal_dcmipp.o
                0x34186cb0                HAL_DCMIPP_PIPE_SetISPColorConversionConfig
 .text.HAL_DCMIPP_PIPE_EnableISPColorConversion
                0x341870d0       0x5c ./Drivers/STM32N6xx_HAL_Driver/stm32n6xx_hal_dcmipp.o
                0x341870d0                HAL_DCMIPP_PIPE_EnableISPColorConversion
 .text.HAL_DCMIPP_PIPE_DisableISPColorConversion
                0x3418712c       0x5c ./Drivers/STM32N6xx_HAL_Driver/stm32n6xx_hal_dcmipp.o
                0x3418712c                HAL_DCMIPP_PIPE_DisableISPColorConversion
 .text.HAL_DCMIPP_PIPE_SetISPBlackLevelCalibrationConfig
                0x34187188       0x7c ./Drivers/STM32N6xx_HAL_Driver/stm32n6xx_hal_dcmipp.o
                0x34187188                HAL_DCMIPP_PIPE_SetISPBlackLevelCalibrationConfig
 .text.HAL_DCMIPP_PIPE_EnableISPBlackLevelCalibration
                0x34187204       0x5c ./Drivers/STM32N6xx_HAL_Driver/stm32n6xx_hal_dcmipp.o
                0x34187204                HAL_DCMIPP_PIPE_EnableISPBlackLevelCalibration
 .text.HAL_DCMIPP_PIPE_DisableISPBlackLevelCalibration
                0x34187260       0x5c ./Drivers/STM32N6xx_HAL_Driver/stm32n6xx_hal_dcmipp.o
                0x34187260                HAL_DCMIPP_PIPE_DisableISPBlackLevelCalibration
 .text.HAL_DCMIPP_PIPE_GetISPBlackLevelCalibrationConfig
                0x341872bc       0x64 ./Drivers/STM32N6xx_HAL_Driver/stm32n6xx_hal_dcmipp.o
                0x341872bc                HAL_DCMIPP_PIPE_GetISPBlackLevelCalibrationConfig
 .text.HAL_DCMIPP_PIPE_IsEnabledISPBlackLevelCalibration
                0x34187320       0x78 ./Drivers/STM32N6xx_HAL_Driver/stm32n6xx_hal_dcmipp.o
                0x34187320                HAL_DCMIPP_PIPE_IsEnabledISPBlackLevelCalibration
 .text.HAL_DCMIPP_PIPE_SetISPStatisticExtractionConfig
                0x34187398      0x18c ./Drivers/STM32N6xx_HAL_Driver/stm32n6xx_hal_dcmipp.o
                0x34187398                HAL_DCMIPP_PIPE_SetISPStatisticExtractionConfig
 .text.HAL_DCMIPP_PIPE_SetISPAreaStatisticExtractionConfig
                0x34187524       0xe4 ./Drivers/STM32N6xx_HAL_Driver/stm32n6xx_hal_dcmipp.o
                0x34187524                HAL_DCMIPP_PIPE_SetISPAreaStatisticExtractionConfig
 .text.HAL_DCMIPP_PIPE_EnableISPStatisticExtraction
                0x34187608       0xb8 ./Drivers/STM32N6xx_HAL_Driver/stm32n6xx_hal_dcmipp.o
                0x34187608                HAL_DCMIPP_PIPE_EnableISPStatisticExtraction
 .text.HAL_DCMIPP_PIPE_EnableISPAreaStatisticExtraction
                0x341876c0       0x5c ./Drivers/STM32N6xx_HAL_Driver/stm32n6xx_hal_dcmipp.o
                0x341876c0                HAL_DCMIPP_PIPE_EnableISPAreaStatisticExtraction
 .text.HAL_DCMIPP_PIPE_SetISPExposureConfig
                0x3418771c       0xd8 ./Drivers/STM32N6xx_HAL_Driver/stm32n6xx_hal_dcmipp.o
                0x3418771c                HAL_DCMIPP_PIPE_SetISPExposureConfig
 .text.HAL_DCMIPP_PIPE_EnableISPExposure
                0x341877f4       0x5c ./Drivers/STM32N6xx_HAL_Driver/stm32n6xx_hal_dcmipp.o
                0x341877f4                HAL_DCMIPP_PIPE_EnableISPExposure
 .text.HAL_DCMIPP_PIPE_DisableISPExposure
                0x34187850       0x5c ./Drivers/STM32N6xx_HAL_Driver/stm32n6xx_hal_dcmipp.o
                0x34187850                HAL_DCMIPP_PIPE_DisableISPExposure
 .text.HAL_DCMIPP_PIPE_SetISPCtrlContrastConfig
                0x341878ac      0x160 ./Drivers/STM32N6xx_HAL_Driver/stm32n6xx_hal_dcmipp.o
                0x341878ac                HAL_DCMIPP_PIPE_SetISPCtrlContrastConfig
 .text.HAL_DCMIPP_PIPE_EnableISPCtrlContrast
                0x34187a0c       0x5c ./Drivers/STM32N6xx_HAL_Driver/stm32n6xx_hal_dcmipp.o
                0x34187a0c                HAL_DCMIPP_PIPE_EnableISPCtrlContrast
 .text.HAL_DCMIPP_PIPE_DisableISPCtrlContrast
                0x34187a68       0x5c ./Drivers/STM32N6xx_HAL_Driver/stm32n6xx_hal_dcmipp.o
                0x34187a68                HAL_DCMIPP_PIPE_DisableISPCtrlContrast
 .text.HAL_DCMIPP_PIPE_GetISPAccumulatedStatisticsCounter
                0x34187ac4       0xbc ./Drivers/STM32N6xx_HAL_Driver/stm32n6xx_hal_dcmipp.o
                0x34187ac4                HAL_DCMIPP_PIPE_GetISPAccumulatedStatisticsCounter
 .text.HAL_DCMIPP_PIPE_GetISPExposureConfig
                0x34187b80       0x9c ./Drivers/STM32N6xx_HAL_Driver/stm32n6xx_hal_dcmipp.o
                0x34187b80                HAL_DCMIPP_PIPE_GetISPExposureConfig
 .text.HAL_DCMIPP_PIPE_GetISPColorConversionConfig
                0x34187c1c      0x2c8 ./Drivers/STM32N6xx_HAL_Driver/stm32n6xx_hal_dcmipp.o
                0x34187c1c                HAL_DCMIPP_PIPE_GetISPColorConversionConfig
 .text.HAL_DCMIPP_PIPE_IsEnabledISPExposure
                0x34187ee4       0x78 ./Drivers/STM32N6xx_HAL_Driver/stm32n6xx_hal_dcmipp.o
                0x34187ee4                HAL_DCMIPP_PIPE_IsEnabledISPExposure
 .text.HAL_DCMIPP_PIPE_IsEnabledISPColorConversion
                0x34187f5c       0x78 ./Drivers/STM32N6xx_HAL_Driver/stm32n6xx_hal_dcmipp.o
                0x34187f5c                HAL_DCMIPP_PIPE_IsEnabledISPColorConversion
 .text.HAL_DCMIPP_GetState
                0x34187fd4       0x1a ./Drivers/STM32N6xx_HAL_Driver/stm32n6xx_hal_dcmipp.o
                0x34187fd4                HAL_DCMIPP_GetState
 .text.Pipe_Config
                0x34187fee      0x13e ./Drivers/STM32N6xx_HAL_Driver/stm32n6xx_hal_dcmipp.o
 .text.DCMIPP_CSI_WritePHYReg
                0x3418812c      0x134 ./Drivers/STM32N6xx_HAL_Driver/stm32n6xx_hal_dcmipp.o
 .text.DCMIPP_SetConfig
                0x34188260       0xfc ./Drivers/STM32N6xx_HAL_Driver/stm32n6xx_hal_dcmipp.o
 .text.DCMIPP_EnableCapture
                0x3418835c       0xaa ./Drivers/STM32N6xx_HAL_Driver/stm32n6xx_hal_dcmipp.o
 *fill*         0x34188406        0x2 
 .text.DCMIPP_CSI_SetVCConfig
                0x34188408      0x134 ./Drivers/STM32N6xx_HAL_Driver/stm32n6xx_hal_dcmipp.o
 .text.HAL_GPIO_Init
                0x3418853c      0x6c0 ./Drivers/STM32N6xx_HAL_Driver/stm32n6xx_hal_gpio.o
                0x3418853c                HAL_GPIO_Init
 .text.HAL_GPIO_DeInit
                0x34188bfc      0x39c ./Drivers/STM32N6xx_HAL_Driver/stm32n6xx_hal_gpio.o
                0x34188bfc                HAL_GPIO_DeInit
 .text.HAL_GPIO_WritePin
                0x34188f98       0x58 ./Drivers/STM32N6xx_HAL_Driver/stm32n6xx_hal_gpio.o
                0x34188f98                HAL_GPIO_WritePin
 .text.HAL_GPIO_TogglePin
                0x34188ff0       0x44 ./Drivers/STM32N6xx_HAL_Driver/stm32n6xx_hal_gpio.o
                0x34188ff0                HAL_GPIO_TogglePin
 .text.HAL_I2C_Init
                0x34189034      0x294 ./Drivers/STM32N6xx_HAL_Driver/stm32n6xx_hal_i2c.o
                0x34189034                HAL_I2C_Init
 .text.HAL_I2C_DeInit
                0x341892c8       0xdc ./Drivers/STM32N6xx_HAL_Driver/stm32n6xx_hal_i2c.o
                0x341892c8                HAL_I2C_DeInit
 .text.HAL_I2C_MspInit
                0x341893a4       0x14 ./Drivers/STM32N6xx_HAL_Driver/stm32n6xx_hal_i2c.o
                0x341893a4                HAL_I2C_MspInit
 .text.HAL_I2C_MspDeInit
                0x341893b8       0x14 ./Drivers/STM32N6xx_HAL_Driver/stm32n6xx_hal_i2c.o
                0x341893b8                HAL_I2C_MspDeInit
 .text.HAL_I2C_Mem_Write
                0x341893cc      0x244 ./Drivers/STM32N6xx_HAL_Driver/stm32n6xx_hal_i2c.o
                0x341893cc                HAL_I2C_Mem_Write
 .text.HAL_I2C_Mem_Read
                0x34189610      0x250 ./Drivers/STM32N6xx_HAL_Driver/stm32n6xx_hal_i2c.o
                0x34189610                HAL_I2C_Mem_Read
 .text.HAL_I2C_GetState
                0x34189860       0x1c ./Drivers/STM32N6xx_HAL_Driver/stm32n6xx_hal_i2c.o
                0x34189860                HAL_I2C_GetState
 .text.HAL_I2C_GetError
                0x3418987c       0x18 ./Drivers/STM32N6xx_HAL_Driver/stm32n6xx_hal_i2c.o
                0x3418987c                HAL_I2C_GetError
 .text.I2C_RequestMemoryWrite
                0x34189894       0xa8 ./Drivers/STM32N6xx_HAL_Driver/stm32n6xx_hal_i2c.o
 .text.I2C_RequestMemoryRead
                0x3418993c       0xa8 ./Drivers/STM32N6xx_HAL_Driver/stm32n6xx_hal_i2c.o
 .text.I2C_Flush_TXDR
                0x341899e4       0x48 ./Drivers/STM32N6xx_HAL_Driver/stm32n6xx_hal_i2c.o
 .text.I2C_WaitOnFlagUntilTimeout
                0x34189a2c       0xb2 ./Drivers/STM32N6xx_HAL_Driver/stm32n6xx_hal_i2c.o
 .text.I2C_WaitOnTXISFlagUntilTimeout
                0x34189ade       0x8e ./Drivers/STM32N6xx_HAL_Driver/stm32n6xx_hal_i2c.o
 .text.I2C_WaitOnSTOPFlagUntilTimeout
                0x34189b6c       0x86 ./Drivers/STM32N6xx_HAL_Driver/stm32n6xx_hal_i2c.o
 *fill*         0x34189bf2        0x2 
 .text.I2C_IsErrorOccurred
                0x34189bf4      0x1c0 ./Drivers/STM32N6xx_HAL_Driver/stm32n6xx_hal_i2c.o
 .text.I2C_TransferConfig
                0x34189db4      0x130 ./Drivers/STM32N6xx_HAL_Driver/stm32n6xx_hal_i2c.o
 .text.HAL_I2CEx_ConfigAnalogFilter
                0x34189ee4      0x124 ./Drivers/STM32N6xx_HAL_Driver/stm32n6xx_hal_i2c_ex.o
                0x34189ee4                HAL_I2CEx_ConfigAnalogFilter
 .text.HAL_I2CEx_ConfigDigitalFilter
                0x3418a008      0x120 ./Drivers/STM32N6xx_HAL_Driver/stm32n6xx_hal_i2c_ex.o
                0x3418a008                HAL_I2CEx_ConfigDigitalFilter
 .text.HAL_LTDC_Init
                0x3418a128      0x280 ./Drivers/STM32N6xx_HAL_Driver/stm32n6xx_hal_ltdc.o
                0x3418a128                HAL_LTDC_Init
 .text.HAL_LTDC_ConfigLayer
                0x3418a3a8      0x21c ./Drivers/STM32N6xx_HAL_Driver/stm32n6xx_hal_ltdc.o
                0x3418a3a8                HAL_LTDC_ConfigLayer
 .text.LTDC_SetConfig
                0x3418a5c4      0xd18 ./Drivers/STM32N6xx_HAL_Driver/stm32n6xx_hal_ltdc.o
 .text.LTDC_SetCompositionConfig
                0x3418b2dc      0x154 ./Drivers/STM32N6xx_HAL_Driver/stm32n6xx_hal_ltdc.o
 .text.LTDC_SetPredefFormat
                0x3418b430      0x20c ./Drivers/STM32N6xx_HAL_Driver/stm32n6xx_hal_ltdc.o
 .text.HAL_PWREx_ConfigSupply
                0x3418b63c       0x68 ./Drivers/STM32N6xx_HAL_Driver/stm32n6xx_hal_pwr_ex.o
                0x3418b63c                HAL_PWREx_ConfigSupply
 .text.HAL_PWREx_EnableVddIO2
                0x3418b6a4       0x20 ./Drivers/STM32N6xx_HAL_Driver/stm32n6xx_hal_pwr_ex.o
                0x3418b6a4                HAL_PWREx_EnableVddIO2
 .text.HAL_PWREx_EnableVddIO4
                0x3418b6c4       0x20 ./Drivers/STM32N6xx_HAL_Driver/stm32n6xx_hal_pwr_ex.o
                0x3418b6c4                HAL_PWREx_EnableVddIO4
 .text.HAL_RAMCFG_EnableAXISRAM
                0x3418b6e4       0xbc ./Drivers/STM32N6xx_HAL_Driver/stm32n6xx_hal_ramcfg.o
                0x3418b6e4                HAL_RAMCFG_EnableAXISRAM
 .text.LL_RCC_HSE_IsReady
                0x3418b7a0       0x24 ./Drivers/STM32N6xx_HAL_Driver/stm32n6xx_hal_rcc.o
 .text.LL_RCC_HSI_Enable
                0x3418b7c4       0x1c ./Drivers/STM32N6xx_HAL_Driver/stm32n6xx_hal_rcc.o
 .text.LL_RCC_HSI_Disable
                0x3418b7e0       0x20 ./Drivers/STM32N6xx_HAL_Driver/stm32n6xx_hal_rcc.o
 .text.LL_RCC_HSI_IsReady
                0x3418b800       0x24 ./Drivers/STM32N6xx_HAL_Driver/stm32n6xx_hal_rcc.o
 .text.LL_RCC_HSI_SetDivider
                0x3418b824       0x28 ./Drivers/STM32N6xx_HAL_Driver/stm32n6xx_hal_rcc.o
 .text.LL_RCC_HSI_GetDivider
                0x3418b84c       0x1c ./Drivers/STM32N6xx_HAL_Driver/stm32n6xx_hal_rcc.o
 .text.LL_RCC_HSI_SetCalibTrimming
                0x3418b868       0x2c ./Drivers/STM32N6xx_HAL_Driver/stm32n6xx_hal_rcc.o
 .text.LL_RCC_MSI_Enable
                0x3418b894       0x1c ./Drivers/STM32N6xx_HAL_Driver/stm32n6xx_hal_rcc.o
 .text.LL_RCC_MSI_Disable
                0x3418b8b0       0x20 ./Drivers/STM32N6xx_HAL_Driver/stm32n6xx_hal_rcc.o
 .text.LL_RCC_MSI_IsReady
                0x3418b8d0       0x24 ./Drivers/STM32N6xx_HAL_Driver/stm32n6xx_hal_rcc.o
 .text.LL_RCC_MSI_SetFrequency
                0x3418b8f4       0x28 ./Drivers/STM32N6xx_HAL_Driver/stm32n6xx_hal_rcc.o
 .text.LL_RCC_MSI_SetCalibTrimming
                0x3418b91c       0x2c ./Drivers/STM32N6xx_HAL_Driver/stm32n6xx_hal_rcc.o
 .text.LL_RCC_LSE_IsReady
                0x3418b948       0x24 ./Drivers/STM32N6xx_HAL_Driver/stm32n6xx_hal_rcc.o
 .text.LL_RCC_LSI_Enable
                0x3418b96c       0x1c ./Drivers/STM32N6xx_HAL_Driver/stm32n6xx_hal_rcc.o
 .text.LL_RCC_LSI_Disable
                0x3418b988       0x20 ./Drivers/STM32N6xx_HAL_Driver/stm32n6xx_hal_rcc.o
 .text.LL_RCC_LSI_IsReady
                0x3418b9a8       0x1c ./Drivers/STM32N6xx_HAL_Driver/stm32n6xx_hal_rcc.o
 .text.LL_RCC_GetCpuClkSource
                0x3418b9c4       0x1c ./Drivers/STM32N6xx_HAL_Driver/stm32n6xx_hal_rcc.o
 .text.LL_RCC_GetSysClkSource
                0x3418b9e0       0x1c ./Drivers/STM32N6xx_HAL_Driver/stm32n6xx_hal_rcc.o
 .text.LL_RCC_GetAHBPrescaler
                0x3418b9fc       0x1c ./Drivers/STM32N6xx_HAL_Driver/stm32n6xx_hal_rcc.o
 .text.LL_RCC_GetAPB1Prescaler
                0x3418ba18       0x1c ./Drivers/STM32N6xx_HAL_Driver/stm32n6xx_hal_rcc.o
 .text.LL_RCC_PLL1_GetSource
                0x3418ba34       0x1c ./Drivers/STM32N6xx_HAL_Driver/stm32n6xx_hal_rcc.o
 .text.LL_RCC_PLL1_IsReady
                0x3418ba50       0x28 ./Drivers/STM32N6xx_HAL_Driver/stm32n6xx_hal_rcc.o
 .text.LL_RCC_PLL1_IsEnabledBypass
                0x3418ba78       0x28 ./Drivers/STM32N6xx_HAL_Driver/stm32n6xx_hal_rcc.o
 .text.LL_RCC_PLL2_GetSource
                0x3418baa0       0x1c ./Drivers/STM32N6xx_HAL_Driver/stm32n6xx_hal_rcc.o
 .text.LL_RCC_PLL2_IsReady
                0x3418babc       0x28 ./Drivers/STM32N6xx_HAL_Driver/stm32n6xx_hal_rcc.o
 .text.LL_RCC_PLL2_IsEnabledBypass
                0x3418bae4       0x28 ./Drivers/STM32N6xx_HAL_Driver/stm32n6xx_hal_rcc.o
 .text.LL_RCC_PLL3_GetSource
                0x3418bb0c       0x1c ./Drivers/STM32N6xx_HAL_Driver/stm32n6xx_hal_rcc.o
 .text.LL_RCC_PLL3_IsReady
                0x3418bb28       0x28 ./Drivers/STM32N6xx_HAL_Driver/stm32n6xx_hal_rcc.o
 .text.LL_RCC_PLL3_IsEnabledBypass
                0x3418bb50       0x28 ./Drivers/STM32N6xx_HAL_Driver/stm32n6xx_hal_rcc.o
 .text.LL_RCC_PLL4_GetSource
                0x3418bb78       0x1c ./Drivers/STM32N6xx_HAL_Driver/stm32n6xx_hal_rcc.o
 .text.LL_RCC_PLL4_IsReady
                0x3418bb94       0x28 ./Drivers/STM32N6xx_HAL_Driver/stm32n6xx_hal_rcc.o
 .text.LL_RCC_PLL4_IsEnabledBypass
                0x3418bbbc       0x28 ./Drivers/STM32N6xx_HAL_Driver/stm32n6xx_hal_rcc.o
 .text.LL_RCC_IC1_Enable
                0x3418bbe4       0x1c ./Drivers/STM32N6xx_HAL_Driver/stm32n6xx_hal_rcc.o
 .text.LL_RCC_IC1_GetSource
                0x3418bc00       0x1c ./Drivers/STM32N6xx_HAL_Driver/stm32n6xx_hal_rcc.o
 .text.LL_RCC_IC1_GetDivider
                0x3418bc1c       0x20 ./Drivers/STM32N6xx_HAL_Driver/stm32n6xx_hal_rcc.o
 .text.LL_RCC_IC2_GetSource
                0x3418bc3c       0x1c ./Drivers/STM32N6xx_HAL_Driver/stm32n6xx_hal_rcc.o
 .text.LL_RCC_IC2_GetDivider
                0x3418bc58       0x20 ./Drivers/STM32N6xx_HAL_Driver/stm32n6xx_hal_rcc.o
 .text.LL_RCC_IC6_GetSource
                0x3418bc78       0x1c ./Drivers/STM32N6xx_HAL_Driver/stm32n6xx_hal_rcc.o
 .text.LL_RCC_IC11_GetSource
                0x3418bc94       0x1c ./Drivers/STM32N6xx_HAL_Driver/stm32n6xx_hal_rcc.o
 .text.HAL_RCC_OscConfig
                0x3418bcb0      0xa8c ./Drivers/STM32N6xx_HAL_Driver/stm32n6xx_hal_rcc.o
                0x3418bcb0                HAL_RCC_OscConfig
 .text.HAL_RCC_ClockConfig
                0x3418c73c      0x904 ./Drivers/STM32N6xx_HAL_Driver/stm32n6xx_hal_rcc.o
                0x3418c73c                HAL_RCC_ClockConfig
 .text.HAL_RCC_GetCpuClockFreq
                0x3418d040      0x100 ./Drivers/STM32N6xx_HAL_Driver/stm32n6xx_hal_rcc.o
                0x3418d040                HAL_RCC_GetCpuClockFreq
 .text.HAL_RCC_GetSysClockFreq
                0x3418d140       0x1e ./Drivers/STM32N6xx_HAL_Driver/stm32n6xx_hal_rcc.o
                0x3418d140                HAL_RCC_GetSysClockFreq
 .text.HAL_RCC_GetPCLK1Freq
                0x3418d15e       0x2a ./Drivers/STM32N6xx_HAL_Driver/stm32n6xx_hal_rcc.o
                0x3418d15e                HAL_RCC_GetPCLK1Freq
 .text.HAL_RCC_GetClockConfig
                0x3418d188       0xec ./Drivers/STM32N6xx_HAL_Driver/stm32n6xx_hal_rcc.o
                0x3418d188                HAL_RCC_GetClockConfig
 .text.RCC_GetSysClockFreq
                0x3418d274      0x104 ./Drivers/STM32N6xx_HAL_Driver/stm32n6xx_hal_rcc.o
 .text.RCC_PLL_Config
                0x3418d378      0x348 ./Drivers/STM32N6xx_HAL_Driver/stm32n6xx_hal_rcc.o
 .text.RCC_PLL_Enable
                0x3418d6c0       0x58 ./Drivers/STM32N6xx_HAL_Driver/stm32n6xx_hal_rcc.o
 .text.RCC_PLL_IsNewConfig
                0x3418d718       0xf4 ./Drivers/STM32N6xx_HAL_Driver/stm32n6xx_hal_rcc.o
 .text.RCC_PLL_Source_IsReady
                0x3418d80c       0x74 ./Drivers/STM32N6xx_HAL_Driver/stm32n6xx_hal_rcc.o
 .text.RCC_IC_CheckPLLSources
                0x3418d880      0x170 ./Drivers/STM32N6xx_HAL_Driver/stm32n6xx_hal_rcc.o
 .text.LL_RCC_HSE_SelectHSEAsDiv2Clock
                0x3418d9f0       0x20 ./Drivers/STM32N6xx_HAL_Driver/stm32n6xx_hal_rcc_ex.o
 .text.LL_RCC_HSE_SelectHSEDiv2AsDiv2Clock
                0x3418da10       0x20 ./Drivers/STM32N6xx_HAL_Driver/stm32n6xx_hal_rcc_ex.o
 .text.LL_RCC_HSE_IsSelectedHSEDiv2AsDiv2Clock
                0x3418da30       0x24 ./Drivers/STM32N6xx_HAL_Driver/stm32n6xx_hal_rcc_ex.o
 .text.LL_RCC_HSE_IsReady
                0x3418da54       0x24 ./Drivers/STM32N6xx_HAL_Driver/stm32n6xx_hal_rcc_ex.o
 .text.LL_RCC_HSI_IsReady
                0x3418da78       0x24 ./Drivers/STM32N6xx_HAL_Driver/stm32n6xx_hal_rcc_ex.o
 .text.LL_RCC_HSI_GetDivider
                0x3418da9c       0x1c ./Drivers/STM32N6xx_HAL_Driver/stm32n6xx_hal_rcc_ex.o
 .text.LL_RCC_MSI_IsReady
                0x3418dab8       0x24 ./Drivers/STM32N6xx_HAL_Driver/stm32n6xx_hal_rcc_ex.o
 .text.LL_RCC_MSI_GetFrequency
                0x3418dadc       0x1c ./Drivers/STM32N6xx_HAL_Driver/stm32n6xx_hal_rcc_ex.o
 .text.LL_RCC_LSE_IsReady
                0x3418daf8       0x24 ./Drivers/STM32N6xx_HAL_Driver/stm32n6xx_hal_rcc_ex.o
 .text.LL_RCC_LSI_IsReady
                0x3418db1c       0x1c ./Drivers/STM32N6xx_HAL_Driver/stm32n6xx_hal_rcc_ex.o
 .text.LL_RCC_GetAHBPrescaler
                0x3418db38       0x1c ./Drivers/STM32N6xx_HAL_Driver/stm32n6xx_hal_rcc_ex.o
 .text.LL_RCC_GetAPB1Prescaler
                0x3418db54       0x1c ./Drivers/STM32N6xx_HAL_Driver/stm32n6xx_hal_rcc_ex.o
 .text.LL_RCC_GetAPB2Prescaler
                0x3418db70       0x1c ./Drivers/STM32N6xx_HAL_Driver/stm32n6xx_hal_rcc_ex.o
 .text.LL_RCC_GetAPB4Prescaler
                0x3418db8c       0x1c ./Drivers/STM32N6xx_HAL_Driver/stm32n6xx_hal_rcc_ex.o
 .text.LL_RCC_GetAPB5Prescaler
                0x3418dba8       0x1c ./Drivers/STM32N6xx_HAL_Driver/stm32n6xx_hal_rcc_ex.o
 .text.LL_RCC_SetClockSource
                0x3418dbc4       0x54 ./Drivers/STM32N6xx_HAL_Driver/stm32n6xx_hal_rcc_ex.o
 .text.LL_RCC_GetADCPrescaler
                0x3418dc18       0x1c ./Drivers/STM32N6xx_HAL_Driver/stm32n6xx_hal_rcc_ex.o
 .text.LL_RCC_SetADFClockSource
                0x3418dc34       0x2c ./Drivers/STM32N6xx_HAL_Driver/stm32n6xx_hal_rcc_ex.o
 .text.LL_RCC_SetCLKPClockSource
                0x3418dc60       0x2c ./Drivers/STM32N6xx_HAL_Driver/stm32n6xx_hal_rcc_ex.o
 .text.LL_RCC_SetDCMIPPClockSource
                0x3418dc8c       0x2c ./Drivers/STM32N6xx_HAL_Driver/stm32n6xx_hal_rcc_ex.o
 .text.LL_RCC_SetETHClockSource
                0x3418dcb8       0x2c ./Drivers/STM32N6xx_HAL_Driver/stm32n6xx_hal_rcc_ex.o
 .text.LL_RCC_SetETHPHYInterface
                0x3418dce4       0x2c ./Drivers/STM32N6xx_HAL_Driver/stm32n6xx_hal_rcc_ex.o
 .text.LL_RCC_GetETH1PTPDivider
                0x3418dd10       0x1c ./Drivers/STM32N6xx_HAL_Driver/stm32n6xx_hal_rcc_ex.o
 .text.LL_RCC_SetETHREFRXClockSource
                0x3418dd2c       0x2c ./Drivers/STM32N6xx_HAL_Driver/stm32n6xx_hal_rcc_ex.o
 .text.LL_RCC_SetETHREFTXClockSource
                0x3418dd58       0x2c ./Drivers/STM32N6xx_HAL_Driver/stm32n6xx_hal_rcc_ex.o
 .text.LL_RCC_SetFDCANClockSource
                0x3418dd84       0x2c ./Drivers/STM32N6xx_HAL_Driver/stm32n6xx_hal_rcc_ex.o
 .text.LL_RCC_SetFMCClockSource
                0x3418ddb0       0x2c ./Drivers/STM32N6xx_HAL_Driver/stm32n6xx_hal_rcc_ex.o
 .text.LL_RCC_SetI2CClockSource
                0x3418dddc       0x16 ./Drivers/STM32N6xx_HAL_Driver/stm32n6xx_hal_rcc_ex.o
 .text.LL_RCC_SetI3CClockSource
                0x3418ddf2       0x16 ./Drivers/STM32N6xx_HAL_Driver/stm32n6xx_hal_rcc_ex.o
 .text.LL_RCC_SetLPTIMClockSource
                0x3418de08       0x16 ./Drivers/STM32N6xx_HAL_Driver/stm32n6xx_hal_rcc_ex.o
 *fill*         0x3418de1e        0x2 
 .text.LL_RCC_SetLPUARTClockSource
                0x3418de20       0x2c ./Drivers/STM32N6xx_HAL_Driver/stm32n6xx_hal_rcc_ex.o
 .text.LL_RCC_SetLTDCClockSource
                0x3418de4c       0x2c ./Drivers/STM32N6xx_HAL_Driver/stm32n6xx_hal_rcc_ex.o
 .text.LL_RCC_SetMDFClockSource
                0x3418de78       0x2c ./Drivers/STM32N6xx_HAL_Driver/stm32n6xx_hal_rcc_ex.o
 .text.LL_RCC_SetOTGPHYClockSource
                0x3418dea4       0x16 ./Drivers/STM32N6xx_HAL_Driver/stm32n6xx_hal_rcc_ex.o
 .text.LL_RCC_SetOTGPHYCKREFClockSource
                0x3418deba       0x16 ./Drivers/STM32N6xx_HAL_Driver/stm32n6xx_hal_rcc_ex.o
 .text.LL_RCC_SetPSSIClockSource
                0x3418ded0       0x2c ./Drivers/STM32N6xx_HAL_Driver/stm32n6xx_hal_rcc_ex.o
 .text.LL_RCC_SetSAIClockSource
                0x3418defc       0x16 ./Drivers/STM32N6xx_HAL_Driver/stm32n6xx_hal_rcc_ex.o
 .text.LL_RCC_SetSDMMCClockSource
                0x3418df12       0x16 ./Drivers/STM32N6xx_HAL_Driver/stm32n6xx_hal_rcc_ex.o
 .text.LL_RCC_SetSPDIFRXClockSource
                0x3418df28       0x2c ./Drivers/STM32N6xx_HAL_Driver/stm32n6xx_hal_rcc_ex.o
 .text.LL_RCC_SetSPIClockSource
                0x3418df54       0x16 ./Drivers/STM32N6xx_HAL_Driver/stm32n6xx_hal_rcc_ex.o
 .text.LL_RCC_SetUSARTClockSource
                0x3418df6a       0x16 ./Drivers/STM32N6xx_HAL_Driver/stm32n6xx_hal_rcc_ex.o
 .text.LL_RCC_SetXSPIClockSource
                0x3418df80       0x16 ./Drivers/STM32N6xx_HAL_Driver/stm32n6xx_hal_rcc_ex.o
 *fill*         0x3418df96        0x2 
 .text.LL_RCC_GetClockSource
                0x3418df98       0x4c ./Drivers/STM32N6xx_HAL_Driver/stm32n6xx_hal_rcc_ex.o
 .text.LL_RCC_GetADCClockSource
                0x3418dfe4       0x24 ./Drivers/STM32N6xx_HAL_Driver/stm32n6xx_hal_rcc_ex.o
 .text.LL_RCC_GetADFClockSource
                0x3418e008       0x24 ./Drivers/STM32N6xx_HAL_Driver/stm32n6xx_hal_rcc_ex.o
 .text.LL_RCC_GetCLKPClockSource
                0x3418e02c       0x24 ./Drivers/STM32N6xx_HAL_Driver/stm32n6xx_hal_rcc_ex.o
 .text.LL_RCC_GetDCMIPPClockSource
                0x3418e050       0x24 ./Drivers/STM32N6xx_HAL_Driver/stm32n6xx_hal_rcc_ex.o
 .text.LL_RCC_GetETHClockSource
                0x3418e074       0x24 ./Drivers/STM32N6xx_HAL_Driver/stm32n6xx_hal_rcc_ex.o
 .text.LL_RCC_GetETHPTPClockSource
                0x3418e098       0x24 ./Drivers/STM32N6xx_HAL_Driver/stm32n6xx_hal_rcc_ex.o
 .text.LL_RCC_GetFDCANClockSource
                0x3418e0bc       0x24 ./Drivers/STM32N6xx_HAL_Driver/stm32n6xx_hal_rcc_ex.o
 .text.LL_RCC_GetFMCClockSource
                0x3418e0e0       0x24 ./Drivers/STM32N6xx_HAL_Driver/stm32n6xx_hal_rcc_ex.o
 .text.LL_RCC_GetI2CClockSource
                0x3418e104       0x18 ./Drivers/STM32N6xx_HAL_Driver/stm32n6xx_hal_rcc_ex.o
 .text.LL_RCC_GetI3CClockSource
                0x3418e11c       0x18 ./Drivers/STM32N6xx_HAL_Driver/stm32n6xx_hal_rcc_ex.o
 .text.LL_RCC_GetLPTIMClockSource
                0x3418e134       0x18 ./Drivers/STM32N6xx_HAL_Driver/stm32n6xx_hal_rcc_ex.o
 .text.LL_RCC_GetLPUARTClockSource
                0x3418e14c       0x24 ./Drivers/STM32N6xx_HAL_Driver/stm32n6xx_hal_rcc_ex.o
 .text.LL_RCC_GetLTDCClockSource
                0x3418e170       0x24 ./Drivers/STM32N6xx_HAL_Driver/stm32n6xx_hal_rcc_ex.o
 .text.LL_RCC_GetMDFClockSource
                0x3418e194       0x24 ./Drivers/STM32N6xx_HAL_Driver/stm32n6xx_hal_rcc_ex.o
 .text.LL_RCC_GetPSSIClockSource
                0x3418e1b8       0x24 ./Drivers/STM32N6xx_HAL_Driver/stm32n6xx_hal_rcc_ex.o
 .text.LL_RCC_GetSAIClockSource
                0x3418e1dc       0x18 ./Drivers/STM32N6xx_HAL_Driver/stm32n6xx_hal_rcc_ex.o
 .text.LL_RCC_GetSDMMCClockSource
                0x3418e1f4       0x18 ./Drivers/STM32N6xx_HAL_Driver/stm32n6xx_hal_rcc_ex.o
 .text.LL_RCC_GetSPDIFRXClockSource
                0x3418e20c       0x24 ./Drivers/STM32N6xx_HAL_Driver/stm32n6xx_hal_rcc_ex.o
 .text.LL_RCC_GetSPIClockSource
                0x3418e230       0x18 ./Drivers/STM32N6xx_HAL_Driver/stm32n6xx_hal_rcc_ex.o
 .text.LL_RCC_GetUSARTClockSource
                0x3418e248       0x18 ./Drivers/STM32N6xx_HAL_Driver/stm32n6xx_hal_rcc_ex.o
 .text.LL_RCC_GetUARTClockSource
                0x3418e260       0x18 ./Drivers/STM32N6xx_HAL_Driver/stm32n6xx_hal_rcc_ex.o
 .text.LL_RCC_GetUSBClockSource
                0x3418e278       0x18 ./Drivers/STM32N6xx_HAL_Driver/stm32n6xx_hal_rcc_ex.o
 .text.LL_RCC_GetXSPIClockSource
                0x3418e290       0x18 ./Drivers/STM32N6xx_HAL_Driver/stm32n6xx_hal_rcc_ex.o
 .text.LL_RCC_SetRTCClockSource
                0x3418e2a8       0x2c ./Drivers/STM32N6xx_HAL_Driver/stm32n6xx_hal_rcc_ex.o
 .text.LL_RCC_GetRTCClockSource
                0x3418e2d4       0x1c ./Drivers/STM32N6xx_HAL_Driver/stm32n6xx_hal_rcc_ex.o
 .text.LL_RCC_SetRTC_HSEPrescaler
                0x3418e2f0       0x2c ./Drivers/STM32N6xx_HAL_Driver/stm32n6xx_hal_rcc_ex.o
 .text.LL_RCC_SetTIMPrescaler
                0x3418e31c       0x2c ./Drivers/STM32N6xx_HAL_Driver/stm32n6xx_hal_rcc_ex.o
 .text.LL_RCC_GetTIMPrescaler
                0x3418e348       0x1c ./Drivers/STM32N6xx_HAL_Driver/stm32n6xx_hal_rcc_ex.o
 .text.LL_RCC_PLL1_GetSource
                0x3418e364       0x1c ./Drivers/STM32N6xx_HAL_Driver/stm32n6xx_hal_rcc_ex.o
 .text.LL_RCC_PLL1_IsReady
                0x3418e380       0x28 ./Drivers/STM32N6xx_HAL_Driver/stm32n6xx_hal_rcc_ex.o
 .text.LL_RCC_PLL1_IsEnabledBypass
                0x3418e3a8       0x28 ./Drivers/STM32N6xx_HAL_Driver/stm32n6xx_hal_rcc_ex.o
 .text.LL_RCC_PLL1_GetN
                0x3418e3d0       0x20 ./Drivers/STM32N6xx_HAL_Driver/stm32n6xx_hal_rcc_ex.o
 .text.LL_RCC_PLL1_GetM
                0x3418e3f0       0x20 ./Drivers/STM32N6xx_HAL_Driver/stm32n6xx_hal_rcc_ex.o
 .text.LL_RCC_PLL1_GetP1
                0x3418e410       0x20 ./Drivers/STM32N6xx_HAL_Driver/stm32n6xx_hal_rcc_ex.o
 .text.LL_RCC_PLL1_GetP2
                0x3418e430       0x20 ./Drivers/STM32N6xx_HAL_Driver/stm32n6xx_hal_rcc_ex.o
 .text.LL_RCC_PLL1P_IsEnabled
                0x3418e450       0x28 ./Drivers/STM32N6xx_HAL_Driver/stm32n6xx_hal_rcc_ex.o
 .text.LL_RCC_PLL1_GetFRACN
                0x3418e478       0x1c ./Drivers/STM32N6xx_HAL_Driver/stm32n6xx_hal_rcc_ex.o
 .text.LL_RCC_PLL2_GetSource
                0x3418e494       0x1c ./Drivers/STM32N6xx_HAL_Driver/stm32n6xx_hal_rcc_ex.o
 .text.LL_RCC_PLL2_IsReady
                0x3418e4b0       0x28 ./Drivers/STM32N6xx_HAL_Driver/stm32n6xx_hal_rcc_ex.o
 .text.LL_RCC_PLL2_IsEnabledBypass
                0x3418e4d8       0x28 ./Drivers/STM32N6xx_HAL_Driver/stm32n6xx_hal_rcc_ex.o
 .text.LL_RCC_PLL2_GetN
                0x3418e500       0x20 ./Drivers/STM32N6xx_HAL_Driver/stm32n6xx_hal_rcc_ex.o
 .text.LL_RCC_PLL2_GetM
                0x3418e520       0x20 ./Drivers/STM32N6xx_HAL_Driver/stm32n6xx_hal_rcc_ex.o
 .text.LL_RCC_PLL2_GetP1
                0x3418e540       0x20 ./Drivers/STM32N6xx_HAL_Driver/stm32n6xx_hal_rcc_ex.o
 .text.LL_RCC_PLL2_GetP2
                0x3418e560       0x20 ./Drivers/STM32N6xx_HAL_Driver/stm32n6xx_hal_rcc_ex.o
 .text.LL_RCC_PLL2P_IsEnabled
                0x3418e580       0x28 ./Drivers/STM32N6xx_HAL_Driver/stm32n6xx_hal_rcc_ex.o
 .text.LL_RCC_PLL2_GetFRACN
                0x3418e5a8       0x1c ./Drivers/STM32N6xx_HAL_Driver/stm32n6xx_hal_rcc_ex.o
 .text.LL_RCC_PLL3_GetSource
                0x3418e5c4       0x1c ./Drivers/STM32N6xx_HAL_Driver/stm32n6xx_hal_rcc_ex.o
 .text.LL_RCC_PLL3_IsReady
                0x3418e5e0       0x28 ./Drivers/STM32N6xx_HAL_Driver/stm32n6xx_hal_rcc_ex.o
 .text.LL_RCC_PLL3_IsEnabledBypass
                0x3418e608       0x28 ./Drivers/STM32N6xx_HAL_Driver/stm32n6xx_hal_rcc_ex.o
 .text.LL_RCC_PLL3_GetN
                0x3418e630       0x20 ./Drivers/STM32N6xx_HAL_Driver/stm32n6xx_hal_rcc_ex.o
 .text.LL_RCC_PLL3_GetM
                0x3418e650       0x20 ./Drivers/STM32N6xx_HAL_Driver/stm32n6xx_hal_rcc_ex.o
 .text.LL_RCC_PLL3_GetP1
                0x3418e670       0x20 ./Drivers/STM32N6xx_HAL_Driver/stm32n6xx_hal_rcc_ex.o
 .text.LL_RCC_PLL3_GetP2
                0x3418e690       0x20 ./Drivers/STM32N6xx_HAL_Driver/stm32n6xx_hal_rcc_ex.o
 .text.LL_RCC_PLL3P_IsEnabled
                0x3418e6b0       0x28 ./Drivers/STM32N6xx_HAL_Driver/stm32n6xx_hal_rcc_ex.o
 .text.LL_RCC_PLL3_GetFRACN
                0x3418e6d8       0x1c ./Drivers/STM32N6xx_HAL_Driver/stm32n6xx_hal_rcc_ex.o
 .text.LL_RCC_PLL4_GetSource
                0x3418e6f4       0x1c ./Drivers/STM32N6xx_HAL_Driver/stm32n6xx_hal_rcc_ex.o
 .text.LL_RCC_PLL4_IsReady
                0x3418e710       0x28 ./Drivers/STM32N6xx_HAL_Driver/stm32n6xx_hal_rcc_ex.o
 .text.LL_RCC_PLL4_IsEnabledBypass
                0x3418e738       0x28 ./Drivers/STM32N6xx_HAL_Driver/stm32n6xx_hal_rcc_ex.o
 .text.LL_RCC_PLL4_GetN
                0x3418e760       0x20 ./Drivers/STM32N6xx_HAL_Driver/stm32n6xx_hal_rcc_ex.o
 .text.LL_RCC_PLL4_GetM
                0x3418e780       0x20 ./Drivers/STM32N6xx_HAL_Driver/stm32n6xx_hal_rcc_ex.o
 .text.LL_RCC_PLL4_GetP1
                0x3418e7a0       0x20 ./Drivers/STM32N6xx_HAL_Driver/stm32n6xx_hal_rcc_ex.o
 .text.LL_RCC_PLL4_GetP2
                0x3418e7c0       0x20 ./Drivers/STM32N6xx_HAL_Driver/stm32n6xx_hal_rcc_ex.o
 .text.LL_RCC_PLL4P_IsEnabled
                0x3418e7e0       0x28 ./Drivers/STM32N6xx_HAL_Driver/stm32n6xx_hal_rcc_ex.o
 .text.LL_RCC_PLL4_GetFRACN
                0x3418e808       0x1c ./Drivers/STM32N6xx_HAL_Driver/stm32n6xx_hal_rcc_ex.o
 .text.LL_RCC_IC3_Enable
                0x3418e824       0x1c ./Drivers/STM32N6xx_HAL_Driver/stm32n6xx_hal_rcc_ex.o
 .text.LL_RCC_IC3_IsEnabled
                0x3418e840       0x28 ./Drivers/STM32N6xx_HAL_Driver/stm32n6xx_hal_rcc_ex.o
 .text.LL_RCC_IC3_GetSource
                0x3418e868       0x1c ./Drivers/STM32N6xx_HAL_Driver/stm32n6xx_hal_rcc_ex.o
 .text.LL_RCC_IC3_GetDivider
                0x3418e884       0x20 ./Drivers/STM32N6xx_HAL_Driver/stm32n6xx_hal_rcc_ex.o
 .text.LL_RCC_IC4_Enable
                0x3418e8a4       0x1c ./Drivers/STM32N6xx_HAL_Driver/stm32n6xx_hal_rcc_ex.o
 .text.LL_RCC_IC4_IsEnabled
                0x3418e8c0       0x28 ./Drivers/STM32N6xx_HAL_Driver/stm32n6xx_hal_rcc_ex.o
 .text.LL_RCC_IC4_GetSource
                0x3418e8e8       0x1c ./Drivers/STM32N6xx_HAL_Driver/stm32n6xx_hal_rcc_ex.o
 .text.LL_RCC_IC4_GetDivider
                0x3418e904       0x20 ./Drivers/STM32N6xx_HAL_Driver/stm32n6xx_hal_rcc_ex.o
 .text.LL_RCC_IC5_Enable
                0x3418e924       0x1c ./Drivers/STM32N6xx_HAL_Driver/stm32n6xx_hal_rcc_ex.o
 .text.LL_RCC_IC5_IsEnabled
                0x3418e940       0x28 ./Drivers/STM32N6xx_HAL_Driver/stm32n6xx_hal_rcc_ex.o
 .text.LL_RCC_IC5_GetSource
                0x3418e968       0x1c ./Drivers/STM32N6xx_HAL_Driver/stm32n6xx_hal_rcc_ex.o
 .text.LL_RCC_IC5_GetDivider
                0x3418e984       0x20 ./Drivers/STM32N6xx_HAL_Driver/stm32n6xx_hal_rcc_ex.o
 .text.LL_RCC_IC7_Enable
                0x3418e9a4       0x1c ./Drivers/STM32N6xx_HAL_Driver/stm32n6xx_hal_rcc_ex.o
 .text.LL_RCC_IC7_IsEnabled
                0x3418e9c0       0x28 ./Drivers/STM32N6xx_HAL_Driver/stm32n6xx_hal_rcc_ex.o
 .text.LL_RCC_IC7_GetSource
                0x3418e9e8       0x1c ./Drivers/STM32N6xx_HAL_Driver/stm32n6xx_hal_rcc_ex.o
 .text.LL_RCC_IC7_GetDivider
                0x3418ea04       0x20 ./Drivers/STM32N6xx_HAL_Driver/stm32n6xx_hal_rcc_ex.o
 .text.LL_RCC_IC8_Enable
                0x3418ea24       0x1c ./Drivers/STM32N6xx_HAL_Driver/stm32n6xx_hal_rcc_ex.o
 .text.LL_RCC_IC8_IsEnabled
                0x3418ea40       0x28 ./Drivers/STM32N6xx_HAL_Driver/stm32n6xx_hal_rcc_ex.o
 .text.LL_RCC_IC8_GetSource
                0x3418ea68       0x1c ./Drivers/STM32N6xx_HAL_Driver/stm32n6xx_hal_rcc_ex.o
 .text.LL_RCC_IC8_GetDivider
                0x3418ea84       0x20 ./Drivers/STM32N6xx_HAL_Driver/stm32n6xx_hal_rcc_ex.o
 .text.LL_RCC_IC9_Enable
                0x3418eaa4       0x1c ./Drivers/STM32N6xx_HAL_Driver/stm32n6xx_hal_rcc_ex.o
 .text.LL_RCC_IC9_IsEnabled
                0x3418eac0       0x28 ./Drivers/STM32N6xx_HAL_Driver/stm32n6xx_hal_rcc_ex.o
 .text.LL_RCC_IC9_GetSource
                0x3418eae8       0x1c ./Drivers/STM32N6xx_HAL_Driver/stm32n6xx_hal_rcc_ex.o
 .text.LL_RCC_IC9_GetDivider
                0x3418eb04       0x20 ./Drivers/STM32N6xx_HAL_Driver/stm32n6xx_hal_rcc_ex.o
 .text.LL_RCC_IC10_Enable
                0x3418eb24       0x1c ./Drivers/STM32N6xx_HAL_Driver/stm32n6xx_hal_rcc_ex.o
 .text.LL_RCC_IC10_IsEnabled
                0x3418eb40       0x28 ./Drivers/STM32N6xx_HAL_Driver/stm32n6xx_hal_rcc_ex.o
 .text.LL_RCC_IC10_GetSource
                0x3418eb68       0x1c ./Drivers/STM32N6xx_HAL_Driver/stm32n6xx_hal_rcc_ex.o
 .text.LL_RCC_IC10_GetDivider
                0x3418eb84       0x20 ./Drivers/STM32N6xx_HAL_Driver/stm32n6xx_hal_rcc_ex.o
 .text.LL_RCC_IC12_Enable
                0x3418eba4       0x1c ./Drivers/STM32N6xx_HAL_Driver/stm32n6xx_hal_rcc_ex.o
 .text.LL_RCC_IC12_IsEnabled
                0x3418ebc0       0x28 ./Drivers/STM32N6xx_HAL_Driver/stm32n6xx_hal_rcc_ex.o
 .text.LL_RCC_IC12_GetSource
                0x3418ebe8       0x1c ./Drivers/STM32N6xx_HAL_Driver/stm32n6xx_hal_rcc_ex.o
 .text.LL_RCC_IC12_GetDivider
                0x3418ec04       0x20 ./Drivers/STM32N6xx_HAL_Driver/stm32n6xx_hal_rcc_ex.o
 .text.LL_RCC_IC13_Enable
                0x3418ec24       0x1c ./Drivers/STM32N6xx_HAL_Driver/stm32n6xx_hal_rcc_ex.o
 .text.LL_RCC_IC13_IsEnabled
                0x3418ec40       0x28 ./Drivers/STM32N6xx_HAL_Driver/stm32n6xx_hal_rcc_ex.o
 .text.LL_RCC_IC13_GetSource
                0x3418ec68       0x1c ./Drivers/STM32N6xx_HAL_Driver/stm32n6xx_hal_rcc_ex.o
 .text.LL_RCC_IC13_GetDivider
                0x3418ec84       0x20 ./Drivers/STM32N6xx_HAL_Driver/stm32n6xx_hal_rcc_ex.o
 .text.LL_RCC_IC14_Enable
                0x3418eca4       0x1c ./Drivers/STM32N6xx_HAL_Driver/stm32n6xx_hal_rcc_ex.o
 .text.LL_RCC_IC14_IsEnabled
                0x3418ecc0       0x28 ./Drivers/STM32N6xx_HAL_Driver/stm32n6xx_hal_rcc_ex.o
 .text.LL_RCC_IC14_GetSource
                0x3418ece8       0x1c ./Drivers/STM32N6xx_HAL_Driver/stm32n6xx_hal_rcc_ex.o
 .text.LL_RCC_IC14_GetDivider
                0x3418ed04       0x20 ./Drivers/STM32N6xx_HAL_Driver/stm32n6xx_hal_rcc_ex.o
 .text.LL_RCC_IC15_Enable
                0x3418ed24       0x1c ./Drivers/STM32N6xx_HAL_Driver/stm32n6xx_hal_rcc_ex.o
 .text.LL_RCC_IC15_IsEnabled
                0x3418ed40       0x28 ./Drivers/STM32N6xx_HAL_Driver/stm32n6xx_hal_rcc_ex.o
 .text.LL_RCC_IC15_GetSource
                0x3418ed68       0x1c ./Drivers/STM32N6xx_HAL_Driver/stm32n6xx_hal_rcc_ex.o
 .text.LL_RCC_IC15_GetDivider
                0x3418ed84       0x20 ./Drivers/STM32N6xx_HAL_Driver/stm32n6xx_hal_rcc_ex.o
 .text.LL_RCC_IC16_Enable
                0x3418eda4       0x1c ./Drivers/STM32N6xx_HAL_Driver/stm32n6xx_hal_rcc_ex.o
 .text.LL_RCC_IC16_IsEnabled
                0x3418edc0       0x28 ./Drivers/STM32N6xx_HAL_Driver/stm32n6xx_hal_rcc_ex.o
 .text.LL_RCC_IC16_GetSource
                0x3418ede8       0x1c ./Drivers/STM32N6xx_HAL_Driver/stm32n6xx_hal_rcc_ex.o
 .text.LL_RCC_IC16_GetDivider
                0x3418ee04       0x20 ./Drivers/STM32N6xx_HAL_Driver/stm32n6xx_hal_rcc_ex.o
 .text.LL_RCC_IC17_Enable
                0x3418ee24       0x1c ./Drivers/STM32N6xx_HAL_Driver/stm32n6xx_hal_rcc_ex.o
 .text.LL_RCC_IC17_IsEnabled
                0x3418ee40       0x28 ./Drivers/STM32N6xx_HAL_Driver/stm32n6xx_hal_rcc_ex.o
 .text.LL_RCC_IC17_GetSource
                0x3418ee68       0x1c ./Drivers/STM32N6xx_HAL_Driver/stm32n6xx_hal_rcc_ex.o
 .text.LL_RCC_IC17_GetDivider
                0x3418ee84       0x20 ./Drivers/STM32N6xx_HAL_Driver/stm32n6xx_hal_rcc_ex.o
 .text.LL_RCC_IC18_Enable
                0x3418eea4       0x1c ./Drivers/STM32N6xx_HAL_Driver/stm32n6xx_hal_rcc_ex.o
 .text.LL_RCC_IC18_IsEnabled
                0x3418eec0       0x28 ./Drivers/STM32N6xx_HAL_Driver/stm32n6xx_hal_rcc_ex.o
 .text.LL_RCC_IC18_GetSource
                0x3418eee8       0x1c ./Drivers/STM32N6xx_HAL_Driver/stm32n6xx_hal_rcc_ex.o
 .text.LL_RCC_IC18_GetDivider
                0x3418ef04       0x20 ./Drivers/STM32N6xx_HAL_Driver/stm32n6xx_hal_rcc_ex.o
 .text.LL_RCC_IC19_Enable
                0x3418ef24       0x1c ./Drivers/STM32N6xx_HAL_Driver/stm32n6xx_hal_rcc_ex.o
 .text.LL_RCC_IC19_IsEnabled
                0x3418ef40       0x28 ./Drivers/STM32N6xx_HAL_Driver/stm32n6xx_hal_rcc_ex.o
 .text.LL_RCC_IC19_GetSource
                0x3418ef68       0x1c ./Drivers/STM32N6xx_HAL_Driver/stm32n6xx_hal_rcc_ex.o
 .text.LL_RCC_IC19_GetDivider
                0x3418ef84       0x20 ./Drivers/STM32N6xx_HAL_Driver/stm32n6xx_hal_rcc_ex.o
 .text.LL_RCC_IC20_Enable
                0x3418efa4       0x1c ./Drivers/STM32N6xx_HAL_Driver/stm32n6xx_hal_rcc_ex.o
 .text.LL_RCC_IC20_IsEnabled
                0x3418efc0       0x28 ./Drivers/STM32N6xx_HAL_Driver/stm32n6xx_hal_rcc_ex.o
 .text.LL_RCC_IC20_GetSource
                0x3418efe8       0x1c ./Drivers/STM32N6xx_HAL_Driver/stm32n6xx_hal_rcc_ex.o
 .text.LL_RCC_IC20_GetDivider
                0x3418f004       0x20 ./Drivers/STM32N6xx_HAL_Driver/stm32n6xx_hal_rcc_ex.o
 .text.LL_RCC_CLKP_Enable
                0x3418f024       0x1c ./Drivers/STM32N6xx_HAL_Driver/stm32n6xx_hal_rcc_ex.o
 .text.LL_RCC_CLKP_IsEnabled
                0x3418f040       0x28 ./Drivers/STM32N6xx_HAL_Driver/stm32n6xx_hal_rcc_ex.o
 .text.HAL_RCCEx_PeriphCLKConfig
                0x3418f068     0x6838 ./Drivers/STM32N6xx_HAL_Driver/stm32n6xx_hal_rcc_ex.o
                0x3418f068                HAL_RCCEx_PeriphCLKConfig
 .text.HAL_RCCEx_GetPeriphCLKFreq
                0x341958a0      0x938 ./Drivers/STM32N6xx_HAL_Driver/stm32n6xx_hal_rcc_ex.o
                0x341958a0                HAL_RCCEx_GetPeriphCLKFreq
 .text.HAL_RCCEx_GetPLL1CLKFreq
                0x341961d8       0x8c ./Drivers/STM32N6xx_HAL_Driver/stm32n6xx_hal_rcc_ex.o
                0x341961d8                HAL_RCCEx_GetPLL1CLKFreq
 .text.HAL_RCCEx_GetPLL2CLKFreq
                0x34196264       0x8c ./Drivers/STM32N6xx_HAL_Driver/stm32n6xx_hal_rcc_ex.o
                0x34196264                HAL_RCCEx_GetPLL2CLKFreq
 .text.HAL_RCCEx_GetPLL3CLKFreq
                0x341962f0       0x8c ./Drivers/STM32N6xx_HAL_Driver/stm32n6xx_hal_rcc_ex.o
                0x341962f0                HAL_RCCEx_GetPLL3CLKFreq
 .text.HAL_RCCEx_GetPLL4CLKFreq
                0x3419637c       0x8c ./Drivers/STM32N6xx_HAL_Driver/stm32n6xx_hal_rcc_ex.o
                0x3419637c                HAL_RCCEx_GetPLL4CLKFreq
 .text.RCCEx_GetHCLKFreq
                0x34196408       0x22 ./Drivers/STM32N6xx_HAL_Driver/stm32n6xx_hal_rcc_ex.o
 .text.RCCEx_GetPCLK1Freq
                0x3419642a       0x20 ./Drivers/STM32N6xx_HAL_Driver/stm32n6xx_hal_rcc_ex.o
 .text.RCCEx_GetPCLK2Freq
                0x3419644a       0x22 ./Drivers/STM32N6xx_HAL_Driver/stm32n6xx_hal_rcc_ex.o
 .text.RCCEx_GetPCLK4Freq
                0x3419646c       0x22 ./Drivers/STM32N6xx_HAL_Driver/stm32n6xx_hal_rcc_ex.o
 .text.RCCEx_GetPCLK5Freq
                0x3419648e       0x22 ./Drivers/STM32N6xx_HAL_Driver/stm32n6xx_hal_rcc_ex.o
 .text.RCCEx_GetPLLSourceFreq
                0x341964b0       0xbc ./Drivers/STM32N6xx_HAL_Driver/stm32n6xx_hal_rcc_ex.o
 .text.RCCEx_CalcPLLFreq
                0x3419656c       0x98 ./Drivers/STM32N6xx_HAL_Driver/stm32n6xx_hal_rcc_ex.o
 .text.RCCEx_GetADCCLKFreq
                0x34196604      0x204 ./Drivers/STM32N6xx_HAL_Driver/stm32n6xx_hal_rcc_ex.o
 .text.RCCEx_GetADFCLKFreq
                0x34196808      0x1d8 ./Drivers/STM32N6xx_HAL_Driver/stm32n6xx_hal_rcc_ex.o
 .text.RCCEx_GetCLKPCLKFreq
                0x341969e0      0x36c ./Drivers/STM32N6xx_HAL_Driver/stm32n6xx_hal_rcc_ex.o
 .text.RCCEx_GetCSICLKFreq
                0x34196d4c       0x98 ./Drivers/STM32N6xx_HAL_Driver/stm32n6xx_hal_rcc_ex.o
 .text.RCCEx_GetDCMIPPCLKFreq
                0x34196de4      0x114 ./Drivers/STM32N6xx_HAL_Driver/stm32n6xx_hal_rcc_ex.o
 .text.RCCEx_GetETH1CLKFreq
                0x34196ef8      0x100 ./Drivers/STM32N6xx_HAL_Driver/stm32n6xx_hal_rcc_ex.o
 .text.RCCEx_GetETH1PTPCLKFreq
                0x34196ff8      0x108 ./Drivers/STM32N6xx_HAL_Driver/stm32n6xx_hal_rcc_ex.o
 .text.RCCEx_GetFDCANCLKFreq
                0x34197100      0x100 ./Drivers/STM32N6xx_HAL_Driver/stm32n6xx_hal_rcc_ex.o
 .text.RCCEx_GetFMCCLKFreq
                0x34197200      0x16e ./Drivers/STM32N6xx_HAL_Driver/stm32n6xx_hal_rcc_ex.o
 *fill*         0x3419736e        0x2 
 .text.RCCEx_GetI2CCLKFreq
                0x34197370      0x350 ./Drivers/STM32N6xx_HAL_Driver/stm32n6xx_hal_rcc_ex.o
 .text.RCCEx_GetI3CCLKFreq
                0x341976c0      0x268 ./Drivers/STM32N6xx_HAL_Driver/stm32n6xx_hal_rcc_ex.o
 .text.RCCEx_GetLPTIMCLKFreq
                0x34197928      0x354 ./Drivers/STM32N6xx_HAL_Driver/stm32n6xx_hal_rcc_ex.o
 .text.RCCEx_GetLPUARTCLKFreq
                0x34197c7c      0x204 ./Drivers/STM32N6xx_HAL_Driver/stm32n6xx_hal_rcc_ex.o
 .text.RCCEx_GetLTDCCLKFreq
                0x34197e80      0x114 ./Drivers/STM32N6xx_HAL_Driver/stm32n6xx_hal_rcc_ex.o
 .text.RCCEx_GetMDFCLKFreq
                0x34197f94      0x214 ./Drivers/STM32N6xx_HAL_Driver/stm32n6xx_hal_rcc_ex.o
 .text.RCCEx_GetPSSICLKFreq
                0x341981a8      0x104 ./Drivers/STM32N6xx_HAL_Driver/stm32n6xx_hal_rcc_ex.o
 .text.RCCEx_GetRTCCLKFreq
                0x341982ac       0xa4 ./Drivers/STM32N6xx_HAL_Driver/stm32n6xx_hal_rcc_ex.o
 .text.RCCEx_GetSAICLKFreq
                0x34198350      0x2cc ./Drivers/STM32N6xx_HAL_Driver/stm32n6xx_hal_rcc_ex.o
 .text.RCCEx_GetSDMMCCLKFreq
                0x3419861c      0x1d4 ./Drivers/STM32N6xx_HAL_Driver/stm32n6xx_hal_rcc_ex.o
 .text.RCCEx_GetSPDIFRXCLKFreq
                0x341987f0      0x1c8 ./Drivers/STM32N6xx_HAL_Driver/stm32n6xx_hal_rcc_ex.o
 .text.RCCEx_GetSPICLKFreq
                0x341989b8      0x5a4 ./Drivers/STM32N6xx_HAL_Driver/stm32n6xx_hal_rcc_ex.o
 .text.RCCEx_GetUARTCLKFreq
                0x34198f5c      0x454 ./Drivers/STM32N6xx_HAL_Driver/stm32n6xx_hal_rcc_ex.o
 .text.RCCEx_GetUSARTCLKFreq
                0x341993b0      0x454 ./Drivers/STM32N6xx_HAL_Driver/stm32n6xx_hal_rcc_ex.o
 .text.RCCEx_GetOTGPHYCLKFreq
                0x34199804      0x16c ./Drivers/STM32N6xx_HAL_Driver/stm32n6xx_hal_rcc_ex.o
 .text.RCCEx_GetOTGPHYCKREFCLKFreq
                0x34199970       0xa0 ./Drivers/STM32N6xx_HAL_Driver/stm32n6xx_hal_rcc_ex.o
 .text.RCCEx_GetXSPICLKFreq
                0x34199a10      0x220 ./Drivers/STM32N6xx_HAL_Driver/stm32n6xx_hal_rcc_ex.o
 .text.HAL_RIF_RIMC_ConfigMasterAttributes
                0x34199c30      0x154 ./Drivers/STM32N6xx_HAL_Driver/stm32n6xx_hal_rif.o
                0x34199c30                HAL_RIF_RIMC_ConfigMasterAttributes
 .text.HAL_RIF_RISC_SetSlaveSecureAttributes
                0x34199d84      0x6c8 ./Drivers/STM32N6xx_HAL_Driver/stm32n6xx_hal_rif.o
                0x34199d84                HAL_RIF_RISC_SetSlaveSecureAttributes
 .text.HAL_UART_Init
                0x3419a44c      0x2f8 ./Drivers/STM32N6xx_HAL_Driver/stm32n6xx_hal_uart.o
                0x3419a44c                HAL_UART_Init
 .text.HAL_UART_MspInit
                0x3419a744       0x14 ./Drivers/STM32N6xx_HAL_Driver/stm32n6xx_hal_uart.o
                0x3419a744                HAL_UART_MspInit
 .text.HAL_UART_Transmit
                0x3419a758      0x132 ./Drivers/STM32N6xx_HAL_Driver/stm32n6xx_hal_uart.o
                0x3419a758                HAL_UART_Transmit
 *fill*         0x3419a88a        0x2 
 .text.UART_SetConfig
                0x3419a88c      0x598 ./Drivers/STM32N6xx_HAL_Driver/stm32n6xx_hal_uart.o
                0x3419a88c                UART_SetConfig
 .text.UART_AdvFeatureConfig
                0x3419ae24      0x394 ./Drivers/STM32N6xx_HAL_Driver/stm32n6xx_hal_uart.o
                0x3419ae24                UART_AdvFeatureConfig
 .text.UART_CheckIdleState
                0x3419b1b8      0x154 ./Drivers/STM32N6xx_HAL_Driver/stm32n6xx_hal_uart.o
                0x3419b1b8                UART_CheckIdleState
 .text.UART_WaitOnFlagUntilTimeout
                0x3419b30c       0xda ./Drivers/STM32N6xx_HAL_Driver/stm32n6xx_hal_uart.o
                0x3419b30c                UART_WaitOnFlagUntilTimeout
 .text.UART_EndRxTransfer
                0x3419b3e6       0xcc ./Drivers/STM32N6xx_HAL_Driver/stm32n6xx_hal_uart.o
 .text.ISP_Algo_BadPixel_Init
                0x3419b4b2       0x1e ./Middlewares/STM32_ISP/isp_algo.o
                0x3419b4b2                ISP_Algo_BadPixel_Init
 .text.ISP_Algo_BadPixel_DeInit
                0x3419b4d0       0x18 ./Middlewares/STM32_ISP/isp_algo.o
                0x3419b4d0                ISP_Algo_BadPixel_DeInit
 .text.ISP_Algo_BadPixel_Process
                0x3419b4e8      0x10c ./Middlewares/STM32_ISP/isp_algo.o
                0x3419b4e8                ISP_Algo_BadPixel_Process
 .text.log_cb   0x3419b5f4       0x28 ./Middlewares/STM32_ISP/isp_algo.o
 *fill*         0x3419b61c        0x4 
 .text.ISP_Algo_AEC_Init
                0x3419b620      0x178 ./Middlewares/STM32_ISP/isp_algo.o
                0x3419b620                ISP_Algo_AEC_Init
 .text.ISP_Algo_AEC_DeInit
                0x3419b798       0x2c ./Middlewares/STM32_ISP/isp_algo.o
                0x3419b798                ISP_Algo_AEC_DeInit
 .text.ISP_Algo_AEC_StatCb
                0x3419b7c4       0x1c ./Middlewares/STM32_ISP/isp_algo.o
                0x3419b7c4                ISP_Algo_AEC_StatCb
 .text.ISP_Algo_AEC_Process
                0x3419b7e0      0x1d0 ./Middlewares/STM32_ISP/isp_algo.o
                0x3419b7e0                ISP_Algo_AEC_Process
 .text.ISP_Algo_ApplyGammaInverse
                0x3419b9b0       0x84 ./Middlewares/STM32_ISP/isp_algo.o
                0x3419b9b0                ISP_Algo_ApplyGammaInverse
 .text.ISP_Algo_GetUpStat
                0x3419ba34      0x1a0 ./Middlewares/STM32_ISP/isp_algo.o
                0x3419ba34                ISP_Algo_GetUpStat
 *fill*         0x3419bbd4        0x4 
 .text.ISP_Algo_ApplyCConv
                0x3419bbd8      0x470 ./Middlewares/STM32_ISP/isp_algo.o
                0x3419bbd8                ISP_Algo_ApplyCConv
 .text.ISP_Algo_AWB_Init
                0x3419c048       0x40 ./Middlewares/STM32_ISP/isp_algo.o
                0x3419c048                ISP_Algo_AWB_Init
 .text.ISP_Algo_AWB_DeInit
                0x3419c088       0x2c ./Middlewares/STM32_ISP/isp_algo.o
                0x3419c088                ISP_Algo_AWB_DeInit
 .text.ISP_Algo_AWB_StatCb
                0x3419c0b4       0x24 ./Middlewares/STM32_ISP/isp_algo.o
                0x3419c0b4                ISP_Algo_AWB_StatCb
 .text.ISP_Algo_AWB_Process
                0x3419c0d8      0x7c8 ./Middlewares/STM32_ISP/isp_algo.o
                0x3419c0d8                ISP_Algo_AWB_Process
 .text.ISP_Algo_Init
                0x3419c8a0       0x64 ./Middlewares/STM32_ISP/isp_algo.o
                0x3419c8a0                ISP_Algo_Init
 .text.ISP_Algo_Process
                0x3419c904       0x58 ./Middlewares/STM32_ISP/isp_algo.o
                0x3419c904                ISP_Algo_Process
 .text.ISP_Init
                0x3419c95c      0x18c ./Middlewares/STM32_ISP/isp_core.o
                0x3419c95c                ISP_Init
 .text.ISP_Start
                0x3419cae8      0x210 ./Middlewares/STM32_ISP/isp_core.o
                0x3419cae8                ISP_Start
 .text.ISP_BackgroundProcess
                0x3419ccf8       0x44 ./Middlewares/STM32_ISP/isp_core.o
                0x3419ccf8                ISP_BackgroundProcess
 .text.ISP_GatherStatistics
                0x3419cd3c       0x16 ./Middlewares/STM32_ISP/isp_core.o
                0x3419cd3c                ISP_GatherStatistics
 .text.ISP_IncMainFrameId
                0x3419cd52       0x16 ./Middlewares/STM32_ISP/isp_core.o
                0x3419cd52                ISP_IncMainFrameId
 .text.ISP_IncAncillaryFrameId
                0x3419cd68       0x16 ./Middlewares/STM32_ISP/isp_core.o
                0x3419cd68                ISP_IncAncillaryFrameId
 .text.ISP_IncDumpFrameId
                0x3419cd7e       0x16 ./Middlewares/STM32_ISP/isp_core.o
                0x3419cd7e                ISP_IncDumpFrameId
 *fill*         0x3419cd94        0x4 
 .text.To_Shift_Multiplier
                0x3419cd98       0x80 ./Middlewares/STM32_ISP/isp_services.o
 .text.From_Shift_Multiplier
                0x3419ce18       0x7c ./Middlewares/STM32_ISP/isp_services.o
 .text.To_CConv_Reg
                0x3419ce94       0x3c ./Middlewares/STM32_ISP/isp_services.o
 .text.From_CConv_Reg
                0x3419ced0       0x50 ./Middlewares/STM32_ISP/isp_services.o
 .text.GetAvgStats
                0x3419cf20       0x88 ./Middlewares/STM32_ISP/isp_services.o
 .text.ReadStatHistogram
                0x3419cfa8       0x40 ./Middlewares/STM32_ISP/isp_services.o
 .text.SetStatConfig
                0x3419cfe8       0x42 ./Middlewares/STM32_ISP/isp_services.o
 *fill*         0x3419d02a        0x2 
 .text.GetNextStatStage
                0x3419d02c      0x1e0 ./Middlewares/STM32_ISP/isp_services.o
 .text.GetStatCycleStart
                0x3419d20c       0x70 ./Middlewares/STM32_ISP/isp_services.o
 .text.GetStatCycleEnd