Archive member included to satisfy reference by file (symbol)

C:/ST/STM32CubeIDE_2.1.1/STM32CubeIDE/plugins/com.st.stm32cube.ide.mcu.externaltools.gnu-tools-for-stm32.14.3.rel1.win32_1.0.100.202602081740/tools/bin/../lib/gcc/arm-none-eabi/14.3.1/../../../../arm-none-eabi/lib/thumb/v8-m.main+dp/hard\libc_nano.a(libc_a-exit.o)
                              C:/ST/STM32CubeIDE_2.1.1/STM32CubeIDE/plugins/com.st.stm32cube.ide.mcu.externaltools.gnu-tools-for-stm32.14.3.rel1.win32_1.0.100.202602081740/tools/bin/../lib/gcc/arm-none-eabi/14.3.1/../../../../arm-none-eabi/lib/thumb/v8-m.main+dp/hard/crt0.o (exit)
C:/ST/STM32CubeIDE_2.1.1/STM32CubeIDE/plugins/com.st.stm32cube.ide.mcu.externaltools.gnu-tools-for-stm32.14.3.rel1.win32_1.0.100.202602081740/tools/bin/../lib/gcc/arm-none-eabi/14.3.1/../../../../arm-none-eabi/lib/thumb/v8-m.main+dp/hard\libc_nano.a(libc_a-findfp.o)
                              C:/ST/STM32CubeIDE_2.1.1/STM32CubeIDE/plugins/com.st.stm32cube.ide.mcu.externaltools.gnu-tools-for-stm32.14.3.rel1.win32_1.0.100.202602081740/tools/bin/../lib/gcc/arm-none-eabi/14.3.1/../../../../arm-none-eabi/lib/thumb/v8-m.main+dp/hard\libc_nano.a(libc_a-exit.o) (__stdio_exit_handler)
C:/ST/STM32CubeIDE_2.1.1/STM32CubeIDE/plugins/com.st.stm32cube.ide.mcu.externaltools.gnu-tools-for-stm32.14.3.rel1.win32_1.0.100.202602081740/tools/bin/../lib/gcc/arm-none-eabi/14.3.1/../../../../arm-none-eabi/lib/thumb/v8-m.main+dp/hard\libc_nano.a(libc_a-fwalk.o)
                              C:/ST/STM32CubeIDE_2.1.1/STM32CubeIDE/plugins/com.st.stm32cube.ide.mcu.externaltools.gnu-tools-for-stm32.14.3.rel1.win32_1.0.100.202602081740/tools/bin/../lib/gcc/arm-none-eabi/14.3.1/../../../../arm-none-eabi/lib/thumb/v8-m.main+dp/hard\libc_nano.a(libc_a-findfp.o) (_fwalk_sglue)
C:/ST/STM32CubeIDE_2.1.1/STM32CubeIDE/plugins/com.st.stm32cube.ide.mcu.externaltools.gnu-tools-for-stm32.14.3.rel1.win32_1.0.100.202602081740/tools/bin/../lib/gcc/arm-none-eabi/14.3.1/../../../../arm-none-eabi/lib/thumb/v8-m.main+dp/hard\libc_nano.a(libc_a-stdio.o)
                              C:/ST/STM32CubeIDE_2.1.1/STM32CubeIDE/plugins/com.st.stm32cube.ide.mcu.externaltools.gnu-tools-for-stm32.14.3.rel1.win32_1.0.100.202602081740/tools/bin/../lib/gcc/arm-none-eabi/14.3.1/../../../../arm-none-eabi/lib/thumb/v8-m.main+dp/hard\libc_nano.a(libc_a-findfp.o) (__sread)
C:/ST/STM32CubeIDE_2.1.1/STM32CubeIDE/plugins/com.st.stm32cube.ide.mcu.externaltools.gnu-tools-for-stm32.14.3.rel1.win32_1.0.100.202602081740/tools/bin/../lib/gcc/arm-none-eabi/14.3.1/../../../../arm-none-eabi/lib/thumb/v8-m.main+dp/hard\libc_nano.a(libc_a-memset.o)
                              C:/ST/STM32CubeIDE_2.1.1/STM32CubeIDE/plugins/com.st.stm32cube.ide.mcu.externaltools.gnu-tools-for-stm32.14.3.rel1.win32_1.0.100.202602081740/tools/bin/../lib/gcc/arm-none-eabi/14.3.1/../../../../arm-none-eabi/lib/thumb/v8-m.main+dp/hard/crt0.o (memset)
C:/ST/STM32CubeIDE_2.1.1/STM32CubeIDE/plugins/com.st.stm32cube.ide.mcu.externaltools.gnu-tools-for-stm32.14.3.rel1.win32_1.0.100.202602081740/tools/bin/../lib/gcc/arm-none-eabi/14.3.1/../../../../arm-none-eabi/lib/thumb/v8-m.main+dp/hard\libc_nano.a(libc_a-closer.o)
                              C:/ST/STM32CubeIDE_2.1.1/STM32CubeIDE/plugins/com.st.stm32cube.ide.mcu.externaltools.gnu-tools-for-stm32.14.3.rel1.win32_1.0.100.202602081740/tools/bin/../lib/gcc/arm-none-eabi/14.3.1/../../../../arm-none-eabi/lib/thumb/v8-m.main+dp/hard\libc_nano.a(libc_a-stdio.o) (_close_r)
C:/ST/STM32CubeIDE_2.1.1/STM32CubeIDE/plugins/com.st.stm32cube.ide.mcu.externaltools.gnu-tools-for-stm32.14.3.rel1.win32_1.0.100.202602081740/tools/bin/../lib/gcc/arm-none-eabi/14.3.1/../../../../arm-none-eabi/lib/thumb/v8-m.main+dp/hard\libc_nano.a(libc_a-reent.o)
                              C:/ST/STM32CubeIDE_2.1.1/STM32CubeIDE/plugins/com.st.stm32cube.ide.mcu.externaltools.gnu-tools-for-stm32.14.3.rel1.win32_1.0.100.202602081740/tools/bin/../lib/gcc/arm-none-eabi/14.3.1/../../../../arm-none-eabi/lib/thumb/v8-m.main+dp/hard\libc_nano.a(libc_a-closer.o) (errno)
C:/ST/STM32CubeIDE_2.1.1/STM32CubeIDE/plugins/com.st.stm32cube.ide.mcu.externaltools.gnu-tools-for-stm32.14.3.rel1.win32_1.0.100.202602081740/tools/bin/../lib/gcc/arm-none-eabi/14.3.1/../../../../arm-none-eabi/lib/thumb/v8-m.main+dp/hard\libc_nano.a(libc_a-impure.o)
                              C:/ST/STM32CubeIDE_2.1.1/STM32CubeIDE/plugins/com.st.stm32cube.ide.mcu.externaltools.gnu-tools-for-stm32.14.3.rel1.win32_1.0.100.202602081740/tools/bin/../lib/gcc/arm-none-eabi/14.3.1/../../../../arm-none-eabi/lib/thumb/v8-m.main+dp/hard\libc_nano.a(libc_a-reent.o) (_impure_ptr)
C:/ST/STM32CubeIDE_2.1.1/STM32CubeIDE/plugins/com.st.stm32cube.ide.mcu.externaltools.gnu-tools-for-stm32.14.3.rel1.win32_1.0.100.202602081740/tools/bin/../lib/gcc/arm-none-eabi/14.3.1/../../../../arm-none-eabi/lib/thumb/v8-m.main+dp/hard\libc_nano.a(libc_a-lseekr.o)
[...]
Memory Configuration

Name             Origin             Length             Attributes
ROM              0x34000400         0x0007fc00         xrw
RAM              0x34080000         0x00180000         xrw
*default*        0x00000000         0xffffffff

Linker script and memory map

LOAD C:/ST/STM32CubeIDE_2.1.1/STM32CubeIDE/plugins/com.st.stm32cube.ide.mcu.externaltools.gnu-tools-for-stm32.14.3.rel1.win32_1.0.100.202602081740/tools/bin/../lib/gcc/arm-none-eabi/14.3.1/thumb/v8-m.main+dp/hard/crti.o
LOAD C:/ST/STM32CubeIDE_2.1.1/STM32CubeIDE/plugins/com.st.stm32cube.ide.mcu.externaltools.gnu-tools-for-stm32.14.3.rel1.win32_1.0.100.202602081740/tools/bin/../lib/gcc/arm-none-eabi/14.3.1/thumb/v8-m.main+dp/hard/crtbegin.o
LOAD C:/ST/STM32CubeIDE_2.1.1/STM32CubeIDE/plugins/com.st.stm32cube.ide.mcu.externaltools.gnu-tools-for-stm32.14.3.rel1.win32_1.0.100.202602081740/tools/bin/../lib/gcc/arm-none-eabi/14.3.1/../../../../arm-none-eabi/lib/thumb/v8-m.main+dp/hard/crt0.o
LOAD ./Core/Src/main.o
LOAD ./Core/Src/secure_nsc.o
LOAD ./Core/Src/stm32n6xx_hal_msp.o
LOAD ./Core/Src/stm32n6xx_it.o
LOAD ./Core/Src/syscalls.o
LOAD ./Core/Src/sysmem.o
LOAD ./Core/Src/system_stm32n6xx_s.o
LOAD ./Core/Startup/startup_stm32n657x0hxq.o
LOAD ./Drivers/STM32N6xx_HAL_Driver/stm32n6xx_hal.o
LOAD ./Drivers/STM32N6xx_HAL_Driver/stm32n6xx_hal_cortex.o
LOAD ./Drivers/STM32N6xx_HAL_Driver/stm32n6xx_hal_dma.o
LOAD ./Drivers/STM32N6xx_HAL_Driver/stm32n6xx_hal_dma_ex.o
LOAD ./Drivers/STM32N6xx_HAL_Driver/stm32n6xx_hal_exti.o
LOAD ./Drivers/STM32N6xx_HAL_Driver/stm32n6xx_hal_gpio.o
LOAD ./Drivers/STM32N6xx_HAL_Driver/stm32n6xx_hal_pwr.o
LOAD ./Drivers/STM32N6xx_HAL_Driver/stm32n6xx_hal_pwr_ex.o
LOAD ./Drivers/STM32N6xx_HAL_Driver/stm32n6xx_hal_rcc.o
LOAD ./Drivers/STM32N6xx_HAL_Driver/stm32n6xx_hal_rcc_ex.o
LOAD ./Drivers/STM32N6xx_HAL_Driver/stm32n6xx_hal_rif.o
LOAD ./Drivers/STM32N6xx_HAL_Driver/stm32n6xx_ll_exti.o
LOAD ./Drivers/STM32N6xx_HAL_Driver/stm32n6xx_ll_rcc.o
LOAD ./Drivers/STM32N6xx_HAL_Driver/stm32n6xx_ll_utils.o
START GROUP
LOAD C:/ST/STM32CubeIDE_2.1.1/STM32CubeIDE/plugins/com.st.stm32cube.ide.mcu.externaltools.gnu-tools-for-stm32.14.3.rel1.win32_1.0.100.202602081740/tools/bin/../lib/gcc/arm-none-eabi/14.3.1/../../../../arm-none-eabi/lib/thumb/v8-m.main+dp/hard\libc_nano.a
LOAD C:/ST/STM32CubeIDE_2.1.1/STM32CubeIDE/plugins/com.st.stm32cube.ide.mcu.externaltools.gnu-tools-for-stm32.14.3.rel1.win32_1.0.100.202602081740/tools/bin/../lib/gcc/arm-none-eabi/14.3.1/../../../../arm-none-eabi/lib/thumb/v8-m.main+dp/hard\libm.a
END GROUP
START GROUP
LOAD C:/ST/STM32CubeIDE_2.1.1/STM32CubeIDE/plugins/com.st.stm32cube.ide.mcu.externaltools.gnu-tools-for-stm32.14.3.rel1.win32_1.0.100.202602081740/tools/bin/../lib/gcc/arm-none-eabi/14.3.1/thumb/v8-m.main+dp/hard\libgcc.a
LOAD C:/ST/STM32CubeIDE_2.1.1/STM32CubeIDE/plugins/com.st.stm32cube.ide.mcu.externaltools.gnu-tools-for-stm32.14.3.rel1.win32_1.0.100.202602081740/tools/bin/../lib/gcc/arm-none-eabi/14.3.1/../../../../arm-none-eabi/lib/thumb/v8-m.main+dp/hard\libc_nano.a
END GROUP
START GROUP
LOAD C:/ST/STM32CubeIDE_2.1.1/STM32CubeIDE/plugins/com.st.stm32cube.ide.mcu.externaltools.gnu-tools-for-stm32.14.3.rel1.win32_1.0.100.202602081740/tools/bin/../lib/gcc/arm-none-eabi/14.3.1/thumb/v8-m.main+dp/hard\libgcc.a
LOAD C:/ST/STM32CubeIDE_2.1.1/STM32CubeIDE/plugins/com.st.stm32cube.ide.mcu.externaltools.gnu-tools-for-stm32.14.3.rel1.win32_1.0.100.202602081740/tools/bin/../lib/gcc/arm-none-eabi/14.3.1/../../../../arm-none-eabi/lib/thumb/v8-m.main+dp/hard\libc_nano.a
LOAD C:/ST/STM32CubeIDE_2.1.1/STM32CubeIDE/plugins/com.st.stm32cube.ide.mcu.externaltools.gnu-tools-for-stm32.14.3.rel1.win32_1.0.100.202602081740/tools/bin/../lib/gcc/arm-none-eabi/14.3.1/../../../../arm-none-eabi/lib/thumb/v8-m.main+dp/hard\libnosys.a
END GROUP
START GROUP
LOAD C:/ST/STM32CubeIDE_2.1.1/STM32CubeIDE/plugins/com.st.stm32cube.ide.mcu.externaltools.gnu-tools-for-stm32.14.3.rel1.win32_1.0.100.202602081740/tools/bin/../lib/gcc/arm-none-eabi/14.3.1/thumb/v8-m.main+dp/hard\libgcc.a
LOAD C:/ST/STM32CubeIDE_2.1.1/STM32CubeIDE/plugins/com.st.stm32cube.ide.mcu.externaltools.gnu-tools-for-stm32.14.3.rel1.win32_1.0.100.202602081740/tools/bin/../lib/gcc/arm-none-eabi/14.3.1/../../../../arm-none-eabi/lib/thumb/v8-m.main+dp/hard\libc_nano.a
LOAD C:/ST/STM32CubeIDE_2.1.1/STM32CubeIDE/plugins/com.st.stm32cube.ide.mcu.externaltools.gnu-tools-for-stm32.14.3.rel1.win32_1.0.100.202602081740/tools/bin/../lib/gcc/arm-none-eabi/14.3.1/../../../../arm-none-eabi/lib/thumb/v8-m.main+dp/hard\libnosys.a
END GROUP
LOAD C:/ST/STM32CubeIDE_2.1.1/STM32CubeIDE/plugins/com.st.stm32cube.ide.mcu.externaltools.gnu-tools-for-stm32.14.3.rel1.win32_1.0.100.202602081740/tools/bin/../lib/gcc/arm-none-eabi/14.3.1/thumb/v8-m.main+dp/hard/crtend.o
LOAD C:/ST/STM32CubeIDE_2.1.1/STM32CubeIDE/plugins/com.st.stm32cube.ide.mcu.externaltools.gnu-tools-for-stm32.14.3.rel1.win32_1.0.100.202602081740/tools/bin/../lib/gcc/arm-none-eabi/14.3.1/thumb/v8-m.main+dp/hard/crtn.o
                0x34200000                        _estack = (ORIGIN (RAM) + LENGTH (RAM))
                0x341ff800                        _sstack = (_estack - _Min_Stack_Size)
                0x00000200                        _Min_Heap_Size = 0x200
                0x00000800                        _Min_Stack_Size = 0x800

.isr_vector     0x34000400      0x34c
                0x34000400                        . = ALIGN (0x4)
 *(.isr_vector)
 .isr_vector    0x34000400      0x34c ./Core/Startup/startup_stm32n657x0hxq.o
                0x34000400                g_pfnVectors
                0x3400074c                        . = ALIGN (0x4)

.text           0x3400074c     0x12f0
                0x3400074c                        . = ALIGN (0x4)
 *(.text)
 .text          0x3400074c       0x40 C:/ST/STM32CubeIDE_2.1.1/STM32CubeIDE/plugins/com.st.stm32cube.ide.mcu.externaltools.gnu-tools-for-stm32.14.3.rel1.win32_1.0.100.202602081740/tools/bin/../lib/gcc/arm-none-eabi/14.3.1/thumb/v8-m.main+dp/hard/crtbegin.o
 *(.text*)
 .text.LL_AHB3_GRP1_EnableClock
                0x3400078c       0x2c ./Core/Src/main.o
 .text.LL_AHB4_GRP1_EnableClock
                0x340007b8       0x2c ./Core/Src/main.o
 .text.main     0x340007e4       0x28 ./Core/Src/main.o
                0x340007e4                main
 .text.SystemIsolation_Config
                0x3400080c      0x30c ./Core/Src/main.o
 .text.MX_GPIO_Init
                0x34000b18       0x54 ./Core/Src/main.o
 .text.SECURE_RegisterCallback
                0x34000b6c       0x54 ./Core/Src/secure_nsc.o
                0x34000b6c                __acle_se_SECURE_RegisterCallback
 .text.HAL_MspInit
                0x34000bc0       0x18 ./Core/Src/stm32n6xx_hal_msp.o
                0x34000bc0                HAL_MspInit
 .text.NMI_Handler
                0x34000bd8        0x8 ./Core/Src/stm32n6xx_it.o
                0x34000bd8                NMI_Handler
 .text.HardFault_Handler
                0x34000be0        0x8 ./Core/Src/stm32n6xx_it.o
                0x34000be0                HardFault_Handler
 .text.MemManage_Handler
                0x34000be8        0x8 ./Core/Src/stm32n6xx_it.o
                0x34000be8                MemManage_Handler
 .text.BusFault_Handler
                0x34000bf0        0x8 ./Core/Src/stm32n6xx_it.o
                0x34000bf0                BusFault_Handler
 .text.UsageFault_Handler
                0x34000bf8        0x8 ./Core/Src/stm32n6xx_it.o
                0x34000bf8                UsageFault_Handler
 .text.SecureFault_Handler
                0x34000c00        0x8 ./Core/Src/stm32n6xx_it.o
                0x34000c00                SecureFault_Handler
 .text.SVC_Handler
                0x34000c08        0xe ./Core/Src/stm32n6xx_it.o
                0x34000c08                SVC_Handler
 .text.DebugMon_Handler
                0x34000c16        0xe ./Core/Src/stm32n6xx_it.o
                0x34000c16                DebugMon_Handler
 .text.PendSV_Handler
                0x34000c24        0xe ./Core/Src/stm32n6xx_it.o
                0x34000c24                PendSV_Handler
 .text.SysTick_Handler
                0x34000c32        0xc ./Core/Src/stm32n6xx_it.o
                0x34000c32                SysTick_Handler
 *fill*         0x34000c3e        0x2 
 .text.TZ_SAU_Setup
                0x34000c40       0x74 ./Core/Src/system_stm32n6xx_s.o
 .text.SystemInit
                0x34000cb4       0x70 ./Core/Src/system_stm32n6xx_s.o
                0x34000cb4                SystemInit
 .text.SystemCoreClockUpdate
                0x34000d24      0x350 ./Core/Src/system_stm32n6xx_s.o
                0x34000d24                SystemCoreClockUpdate
 .text.SECURE_SystemCoreClockUpdate
                0x34001074       0x2c ./Core/Src/system_stm32n6xx_s.o
                0x34001074                __acle_se_SECURE_SystemCoreClockUpdate
 .text.Reset_Handler
                0x340010a0       0x5c ./Core/Startup/startup_stm32n657x0hxq.o
                0x340010a0                Reset_Handler
 .text.Default_Handler
                0x340010fc        0x2 ./Core/Startup/startup_stm32n657x0hxq.o
                0x340010fc                HPDMA1_Channel13_IRQHandler
                0x340010fc                EXTI2_IRQHandler
                0x340010fc                MCE2_IRQHandler
                0x340010fc                TIM8_CC_IRQHandler
                0x340010fc                USB2_OTG_HS_IRQHandler
                0x340010fc                SAI1_A_IRQHandler
                0x340010fc                EXTI5_IRQHandler
                0x340010fc                I3C1_ER_IRQHandler
                0x340010fc                UART8_IRQHandler
                0x340010fc                CTI_INT0_IRQHandler
                0x340010fc                SPI4_IRQHandler
                0x340010fc                LTDC_LO_IRQHandler
                0x340010fc                NPU2_IRQHandler
                0x340010fc                FDCAN3_IT0_IRQHandler
                0x340010fc                EXTI13_IRQHandler
                0x340010fc                TIM1_CC_IRQHandler
                0x340010fc                XSPI1_IRQHandler
                0x340010fc                TIM10_IRQHandler
                0x340010fc                JPEG_IRQHandler
                0x340010fc                TAMP_IRQHandler
                0x340010fc                CACHE_ECC_IRQHandler
                0x340010fc                TIM6_IRQHandler
                0x340010fc                CSI_IRQHandler
                0x340010fc                EXTI12_IRQHandler
                0x340010fc                GFXTIM_IRQHandler
                0x340010fc                EXTI3_IRQHandler
                0x340010fc                LPTIM4_IRQHandler
                0x340010fc                GPDMA1_Channel5_IRQHandler
                0x340010fc                EXTI8_IRQHandler
                0x340010fc                LPTIM2_IRQHandler
                0x340010fc                GFXMMU_IRQHandler
                0x340010fc                LTDC_LO_ERR_IRQHandler
                0x340010fc                I2C3_ER_IRQHandler
                0x340010fc                RIFSC_TAMPER_IRQHandler
                0x340010fc                USART10_IRQHandler
                0x340010fc                MDF1_FLT2_IRQHandler
                0x340010fc                LPTIM3_IRQHandler
                0x340010fc                SAI2_A_IRQHandler
                0x340010fc                EXTI0_IRQHandler
                0x340010fc                HPDMA1_Channel9_IRQHandler
                0x340010fc                I2C2_EV_IRQHandler
                0x340010fc                GPU2D_IRQHandler
                0x340010fc                FPU_IRQHandler
                0x340010fc                GPDMA1_Channel3_IRQHandler
                0x340010fc                GPDMA1_Channel7_IRQHandler
                0x340010fc                MDF1_FLT4_IRQHandler
                0x340010fc                FDCAN1_IT1_IRQHandler
                0x340010fc                HPDMA1_Channel3_IRQHandler
                0x340010fc                ADC1_2_IRQHandler
                0x340010fc                GPDMA1_Channel9_IRQHandler
                0x340010fc                SPI1_IRQHandler
                0x340010fc                CACHEAXI_IRQHandler
                0x340010fc                SAI1_B_IRQHandler
                0x340010fc                GPDMA1_Channel2_IRQHandler
                0x340010fc                PAHB_ERR_IRQHandler
                0x340010fc                TIM8_UP_IRQHandler
                0x340010fc                RCC_S_IRQHandler
                0x340010fc                MDF1_FLT1_IRQHandler
                0x340010fc                LTDC_UP_IRQHandler
                0x340010fc                LOCKUP_IRQHandler
                0x340010fc                PKA_IRQHandler
                0x340010fc                USART6_IRQHandler
                0x340010fc                HPDMA1_Channel2_IRQHandler
                0x340010fc                MDF1_FLT5_IRQHandler
                0x340010fc                MCE4_IRQHandler
                0x340010fc                I3C2_ER_IRQHandler
                0x340010fc                EXTI15_IRQHandler
                0x340010fc                TIM17_IRQHandler
                0x340010fc                USART3_IRQHandler
                0x340010fc                HPDMA1_Channel6_IRQHandler
                0x340010fc                CRYP_IRQHandler
                0x340010fc                RTC_IRQHandler
                0x340010fc                XSPI2_IRQHandler
                0x340010fc                EXTI9_IRQHandler
                0x340010fc                IAC_IRQHandler
                0x340010fc                HPDMA1_Channel0_IRQHandler
                0x340010fc                LPTIM5_IRQHandler
                0x340010fc                HPDMA1_Channel1_IRQHandler
                0x340010fc                UART5_IRQHandler
                0x340010fc                TIM4_IRQHandler
                0x340010fc                NPU3_IRQHandler
                0x340010fc                I3C2_EV_IRQHandler
                0x340010fc                I2C1_EV_IRQHandler
                0x340010fc                FDCAN_CU_IRQHandler
                0x340010fc                GPDMA1_Channel12_IRQHandler
                0x340010fc                HPDMA1_Channel7_IRQHandler
                0x340010fc                GPDMA1_Channel1_IRQHandler
                0x340010fc                TIM16_IRQHandler
                0x340010fc                GPDMA1_Channel15_IRQHandler
                0x340010fc                UART4_IRQHandler
                0x340010fc                TCM_ECC_IRQHandler
                0x340010fc                TIM3_IRQHandler
                0x340010fc                RCC_IRQHandler
                0x340010fc                UART9_IRQHandler
                0x340010fc                NPU1_IRQHandler
                0x340010fc                SAI2_B_IRQHandler
                0x340010fc                Default_Handler
                0x340010fc                GPDMA1_Channel8_IRQHandler
                0x340010fc                HPDMA1_Channel8_IRQHandler
                0x340010fc                TIM18_IRQHandler
                0x340010fc                TIM14_IRQHandler
                0x340010fc                TIM13_IRQHandler
                0x340010fc                CTI_INT1_IRQHandler
                0x340010fc                GPDMA1_Channel11_IRQHandler
                0x340010fc                GPU2D_ER_IRQHandler
                0x340010fc                SPI5_IRQHandler
                0x340010fc                TIM12_IRQHandler
                0x340010fc                TIM7_IRQHandler
                0x340010fc                FDCAN3_IT1_IRQHandler
                0x340010fc                HPDMA1_Channel10_IRQHandler
                0x340010fc                SDMMC1_IRQHandler
                0x340010fc                SAES_IRQHandler
                0x340010fc                TIM5_IRQHandler
                0x340010fc                UCPD1_IRQHandler
                0x340010fc                GPDMA1_Channel0_IRQHandler
                0x340010fc                I3C1_EV_IRQHandler
                0x340010fc                HPDMA1_Channel5_IRQHandler
                0x340010fc                TIM15_IRQHandler
                0x340010fc                I2C3_EV_IRQHandler
                0x340010fc                HPDMA1_Channel4_IRQHandler
                0x340010fc                HPDMA1_Channel15_IRQHandler
                0x340010fc                TIM9_IRQHandler
                0x340010fc                ETH1_IRQHandler
                0x340010fc                USB1_OTG_HS_IRQHandler
                0x340010fc                PVD_PVM_IRQHandler
                0x340010fc                SPI2_IRQHandler
                0x340010fc                TIM1_TRG_CCU_IRQHandler
                0x340010fc                HPDMA1_Channel11_IRQHandler
                0x340010fc                EXTI14_IRQHandler
                0x340010fc                EXTI11_IRQHandler
                0x340010fc                VENC_IRQHandler
                0x340010fc                GPDMA1_Channel14_IRQHandler
                0x340010fc                EXTI4_IRQHandler
                0x340010fc                RTC_S_IRQHandler
                0x340010fc                GPDMA1_Channel13_IRQHandler
                0x340010fc                RNG_IRQHandler
                0x340010fc                XSPI3_IRQHandler
                0x340010fc                FDCAN2_IT1_IRQHandler
                0x340010fc                TIM1_UP_IRQHandler
                0x340010fc                NPU0_IRQHandler
                0x340010fc                BCK_ECC_IRQHandler
                0x340010fc                WWDG_IRQHandler
                0x340010fc                SPI6_IRQHandler
                0x340010fc                MDIOS_IRQHandler
                0x340010fc                I2C4_EV_IRQHandler
                0x340010fc                FDCAN2_IT0_IRQHandler
                0x340010fc                IWDG_IRQHandler
                0x340010fc                HPDMA1_Channel14_IRQHandler
                0x340010fc                LPUART1_IRQHandler
                0x340010fc                FDCAN1_IT0_IRQHandler
                0x340010fc                MDF1_FLT0_IRQHandler
                0x340010fc                TIM2_IRQHandler
                0x340010fc                MCE3_IRQHandler
                0x340010fc                GPDMA1_Channel4_IRQHandler
                0x340010fc                EXTI7_IRQHandler
                0x340010fc                DMA2D_IRQHandler
                0x340010fc                TIM1_BRK_IRQHandler
                0x340010fc                EXTI1_IRQHandler
                0x340010fc                SDMMC2_IRQHandler
                0x340010fc                TIM11_IRQHandler
                0x340010fc                LTDC_UP_ERR_IRQHandler
                0x340010fc                UART7_IRQHandler
                0x340010fc                DTS_IRQHandler
                0x340010fc                MDF1_FLT3_IRQHandler
                0x340010fc                USART2_IRQHandler
                0x340010fc                GPDMA1_Channel6_IRQHandler
                0x340010fc                ADF1_FLT0_IRQHandler
                0x340010fc                I2C2_ER_IRQHandler
                0x340010fc                MCE1_IRQHandler
                0x340010fc                SPDIFRX_IRQHandler
                0x340010fc                TIM8_BRK_IRQHandler
                0x340010fc                HPDMA1_Channel12_IRQHandler
                0x340010fc                USART1_IRQHandler
                0x340010fc                EXTI10_IRQHandler
                0x340010fc                SPI3_IRQHandler
                0x340010fc                WAKEUP_PIN_IRQHandler
                0x340010fc                DCMIPP_IRQHandler
                0x340010fc                I2C1_ER_IRQHandler
                0x340010fc                FMC_IRQHandler
                0x340010fc                EXTI6_IRQHandler
                0x340010fc                LPTIM1_IRQHandler
                0x340010fc                DCMI_PSSI_IRQHandler
                0x340010fc                TIM8_TRG_CCU_IRQHandler
                0x340010fc                I2C4_ER_IRQHandler
                0x340010fc                GPDMA1_Channel10_IRQHandler
                0x340010fc                ICACHE_IRQHandler
                0x340010fc                HASH_IRQHandler
 .text.HAL_Init
                0x340010fe       0x28 ./Drivers/STM32N6xx_HAL_Driver/stm32n6xx_hal.o
                0x340010fe                HAL_Init
 *fill*         0x34001126        0x2 
 .text.HAL_InitTick
                0x34001128       0x6c ./Drivers/STM32N6xx_HAL_Driver/stm32n6xx_hal.o
                0x34001128                HAL_InitTick
 .text.HAL_IncTick
                0x34001194       0x28 ./Drivers/STM32N6xx_HAL_Driver/stm32n6xx_hal.o
                0x34001194                HAL_IncTick
 .text.HAL_GetTick
                0x340011bc       0x18 ./Drivers/STM32N6xx_HAL_Driver/stm32n6xx_hal.o
                0x340011bc                HAL_GetTick
 .text.HAL_Delay
                0x340011d4       0x48 ./Drivers/STM32N6xx_HAL_Driver/stm32n6xx_hal.o
                0x340011d4                HAL_Delay
 .text.__NVIC_SetPriorityGrouping
                0x3400121c       0x48 ./Drivers/STM32N6xx_HAL_Driver/stm32n6xx_hal_cortex.o
 .text.__NVIC_GetPriorityGrouping
                0x34001264       0x1c ./Drivers/STM32N6xx_HAL_Driver/stm32n6xx_hal_cortex.o
 .text.__NVIC_SetPriority
                0x34001280       0x54 ./Drivers/STM32N6xx_HAL_Driver/stm32n6xx_hal_cortex.o
 .text.NVIC_EncodePriority
                0x340012d4       0x66 ./Drivers/STM32N6xx_HAL_Driver/stm32n6xx_hal_cortex.o
 *fill*         0x3400133a        0x2 
 .text.SysTick_Config
                0x3400133c       0x44 ./Drivers/STM32N6xx_HAL_Driver/stm32n6xx_hal_cortex.o
 .text.HAL_NVIC_SetPriorityGrouping
                0x34001380       0x16 ./Drivers/STM32N6xx_HAL_Driver/stm32n6xx_hal_cortex.o
                0x34001380                HAL_NVIC_SetPriorityGrouping
 .text.HAL_NVIC_SetPriority
                0x34001396       0x3a ./Drivers/STM32N6xx_HAL_Driver/stm32n6xx_hal_cortex.o
                0x34001396                HAL_NVIC_SetPriority
 .text.HAL_SYSTICK_Config
                0x340013d0       0x18 ./Drivers/STM32N6xx_HAL_Driver/stm32n6xx_hal_cortex.o
                0x340013d0                HAL_SYSTICK_Config
 .text.HAL_GPIO_Init
                0x340013e8      0x364 ./Drivers/STM32N6xx_HAL_Driver/stm32n6xx_hal_gpio.o
                0x340013e8                HAL_GPIO_Init
 .text.HAL_GPIO_WritePin
                0x3400174c       0x30 ./Drivers/STM32N6xx_HAL_Driver/stm32n6xx_hal_gpio.o
                0x3400174c                HAL_GPIO_WritePin
 .text.HAL_GPIO_TogglePin
                0x3400177c       0x34 ./Drivers/STM32N6xx_HAL_Driver/stm32n6xx_hal_gpio.o
                0x3400177c                HAL_GPIO_TogglePin
 .text.HAL_GPIO_ConfigPinAttributes
                0x340017b0       0x8e ./Drivers/STM32N6xx_HAL_Driver/stm32n6xx_hal_gpio.o
                0x340017b0                HAL_GPIO_ConfigPinAttributes
 *fill*         0x3400183e        0x2 
 .text.HAL_PWREx_EnableVddIO2
                0x34001840       0x20 ./Drivers/STM32N6xx_HAL_Driver/stm32n6xx_hal_pwr_ex.o
                0x34001840                HAL_PWREx_EnableVddIO2
 .text.HAL_PWREx_EnableVddIO3
                0x34001860       0x20 ./Drivers/STM32N6xx_HAL_Driver/stm32n6xx_hal_pwr_ex.o
                0x34001860                HAL_PWREx_EnableVddIO3
 .text.HAL_PWREx_EnableVddIO4
                0x34001880       0x20 ./Drivers/STM32N6xx_HAL_Driver/stm32n6xx_hal_pwr_ex.o
                0x34001880                HAL_PWREx_EnableVddIO4
 .text.HAL_PWREx_EnableVddIO5
                0x340018a0       0x20 ./Drivers/STM32N6xx_HAL_Driver/stm32n6xx_hal_pwr_ex.o
                0x340018a0                HAL_PWREx_EnableVddIO5
 .text.HAL_RIF_RIMC_ConfigMasterAttributes
                0x340018c0       0x78 ./Drivers/STM32N6xx_HAL_Driver/stm32n6xx_hal_rif.o
                0x340018c0                HAL_RIF_RIMC_ConfigMasterAttributes
 .text.HAL_RIF_RISC_SetSlaveSecureAttributes
                0x34001938       0xa4 ./Drivers/STM32N6xx_HAL_Driver/stm32n6xx_hal_rif.o
                0x34001938                HAL_RIF_RISC_SetSlaveSecureAttributes
 .text.__libc_init_array
                0x340019dc       0x48 C:/ST/STM32CubeIDE_2.1.1/STM32CubeIDE/plugins/com.st.stm32cube.ide.mcu.externaltools.gnu-tools-for-stm32.14.3.rel1.win32_1.0.100.202602081740/tools/bin/../lib/gcc/arm-none-eabi/14.3.1/../../../../arm-none-eabi/lib/thumb/v8-m.main+dp/hard\libc_nano.a(libc_a-init.o)
                0x340019dc                __libc_init_array
 *(.glue_7)
 .glue_7        0x34001a24        0x0 linker stubs
 *(.glue_7t)
 .glue_7t       0x34001a24        0x0 linker stubs
 *(.eh_frame)
 .eh_frame      0x34001a24        0x0 C:/ST/STM32CubeIDE_2.1.1/STM32CubeIDE/plugins/com.st.stm32cube.ide.mcu.externaltools.gnu-tools-for-stm32.14.3.rel1.win32_1.0.100.202602081740/tools/bin/../lib/gcc/arm-none-eabi/14.3.1/thumb/v8-m.main+dp/hard/crtbegin.o
 *(.RamFunc)
 *(.RamFunc*)
 *(.init)
 .init          0x34001a24        0x4 C:/ST/STM32CubeIDE_2.1.1/STM32CubeIDE/plugins/com.st.stm32cube.ide.mcu.externaltools.gnu-tools-for-stm32.14.3.rel1.win32_1.0.100.202602081740/tools/bin/../lib/gcc/arm-none-eabi/14.3.1/thumb/v8-m.main+dp/hard/crti.o
                0x34001a24                _init
 .init          0x34001a28        0x8 C:/ST/STM32CubeIDE_2.1.1/STM32CubeIDE/plugins/com.st.stm32cube.ide.mcu.externaltools.gnu-tools-for-stm32.14.3.rel1.win32_1.0.100.202602081740/tools/bin/../lib/gcc/arm-none-eabi/14.3.1/thumb/v8-m.main+dp/hard/crtn.o
 *(.fini)
 .fini          0x34001a30        0x4 C:/ST/STM32CubeIDE_2.1.1/STM32CubeIDE/plugins/com.st.stm32cube.ide.mcu.externaltools.gnu-tools-for-stm32.14.3.rel1.win32_1.0.100.202602081740/tools/bin/../lib/gcc/arm-none-eabi/14.3.1/thumb/v8-m.main+dp/hard/crti.o
                0x34001a30                _fini
 .fini          0x34001a34        0x8 C:/ST/STM32CubeIDE_2.1.1/STM32CubeIDE/plugins/com.st.stm32cube.ide.mcu.externaltools.gnu-tools-for-stm32.14.3.rel1.win32_1.0.100.202602081740/tools/bin/../lib/gcc/arm-none-eabi/14.3.1/thumb/v8-m.main+dp/hard/crtn.o
                0x34001a3c                        . = ALIGN (0x4)
                0x34001a3c                        _etext = .

.vfp11_veneer   0x34001a3c        0x0
 .vfp11_veneer  0x34001a3c        0x0 linker stubs

.v4_bx          0x34001a3c        0x0
 .v4_bx         0x34001a3c        0x0 linker stubs

.iplt           0x34001a3c        0x0
 .iplt          0x34001a3c        0x0 C:/ST/STM32CubeIDE_2.1.1/STM32CubeIDE/plugins/com.st.stm32cube.ide.mcu.externaltools.gnu-tools-for-stm32.14.3.rel1.win32_1.0.100.202602081740/tools/bin/../lib/gcc/arm-none-eabi/14.3.1/thumb/v8-m.main+dp/hard/crtbegin.o

.rel.dyn        0x34001a3c        0x0
 .rel.iplt      0x34001a3c        0x0 C:/ST/STM32CubeIDE_2.1.1/STM32CubeIDE/plugins/com.st.stm32cube.ide.mcu.externaltools.gnu-tools-for-stm32.14.3.rel1.win32_1.0.100.202602081740/tools/bin/../lib/gcc/arm-none-eabi/14.3.1/thumb/v8-m.main+dp/hard/crtbegin.o

.rodata         0x34001a3c        0x0
                0x34001a3c                        . = ALIGN (0x4)
 *(.rodata)
 *(.rodata*)
                0x34001a3c                        . = ALIGN (0x4)

.ARM.extab      0x34001a3c        0x0
                0x34001a3c                        . = ALIGN (0x4)
 *(.ARM.extab* .gnu.linkonce.armextab.*)
                0x34001a3c                        . = ALIGN (0x4)

.ARM            0x34001a3c        0x0
                0x34001a3c                        . = ALIGN (0x4)
                0x34001a3c                        __exidx_start = .
 *(.ARM.exidx*)
                0x34001a3c                        __exidx_end = .
                0x34001a3c                        . = ALIGN (0x4)

.preinit_array  0x34001a3c        0x0
                0x34001a3c                        . = ALIGN (0x4)
                0x34001a3c                        PROVIDE (__preinit_array_start = .)
 *(.preinit_array*)
                0x34001a3c                        PROVIDE (__preinit_array_end = .)
                0x34001a3c                        . = ALIGN (0x4)

.init_array     0x34001a3c        0x4
                0x34001a3c                        . = ALIGN (0x4)
                0x34001a3c                        PROVIDE (__init_array_start = .)
 *(SORT_BY_NAME(.init_array.*))
 *(.init_array*)
 .init_array    0x34001a3c        0x4 C:/ST/STM32CubeIDE_2.1.1/STM32CubeIDE/plugins/com.st.stm32cube.ide.mcu.externaltools.gnu-tools-for-stm32.14.3.rel1.win32_1.0.100.202602081740/tools/bin/../lib/gcc/arm-none-eabi/14.3.1/thumb/v8-m.main+dp/hard/crtbegin.o
                0x34001a40                        PROVIDE (__init_array_end = .)
                0x34001a40                        . = ALIGN (0x4)

.fini_array     0x34001a40        0x4
                0x34001a40                        . = ALIGN (0x4)
                [!provide]                        PROVIDE (__fini_array_start = .)
 *(SORT_BY_NAME(.fini_array.*))
 *(.fini_array*)
 .fini_array    0x34001a40        0x4 C:/ST/STM32CubeIDE_2.1.1/STM32CubeIDE/plugins/com.st.stm32cube.ide.mcu.externaltools.gnu-tools-for-stm32.14.3.rel1.win32_1.0.100.202602081740/tools/bin/../lib/gcc/arm-none-eabi/14.3.1/thumb/v8-m.main+dp/hard/crtbegin.o
                [!provide]                        PROVIDE (__fini_array_end = .)
                0x34001a44                        . = ALIGN (0x4)
                0x34001a44                        _sidata = LOADADDR (.data)

.data           0x34080000        0xc load address 0x34001a44
                0x34080000                        . = ALIGN (0x4)
                0x34080000                        _sdata = .
 *(.data)
 *(.data*)
 .data.SystemCoreClock
                0x34080000        0x4 ./Core/Src/system_stm32n6xx_s.o
                0x34080000                SystemCoreClock
 .data.uwTickPrio
                0x34080004        0x4 ./Drivers/STM32N6xx_HAL_Driver/stm32n6xx_hal.o
                0x34080004                uwTickPrio
 .data.uwTickFreq
                0x34080008        0x1 ./Drivers/STM32N6xx_HAL_Driver/stm32n6xx_hal.o
                0x34080008                uwTickFreq
                0x3408000c                        . = ALIGN (0x4)
 *fill*         0x34080009        0x3 
                0x3408000c                        _edata = .

.igot.plt       0x3408000c        0x0 load address 0x34001a50
 .igot.plt      0x3408000c        0x0 C:/ST/STM32CubeIDE_2.1.1/STM32CubeIDE/plugins/com.st.stm32cube.ide.mcu.externaltools.gnu-tools-for-stm32.14.3.rel1.win32_1.0.100.202602081740/tools/bin/../lib/gcc/arm-none-eabi/14.3.1/thumb/v8-m.main+dp/hard/crtbegin.o

.noncacheable   0x3408000c        0x4 load address 0x34001a50
                0x34080010                        . = ALIGN (0x8)
 *fill*         0x3408000c        0x4 
                0x34080010                        __snoncacheable = .
 *(.noncacheable)
                0x34080010                        . = ALIGN (0x8)
                0x34080010                        __enoncacheable = .

.gnu.sgstubs    0x34001a60       0x20
                0x34001a60                        _sNSCVeneer = .
                0x34001a60                        . = ALIGN (0x4)
 *(.gnu.sgstubs*)
                0x34001a60                        . = ALIGN (0x4)
 .gnu.sgstubs.__stub
                0x34001a60       0x10 linker stubs
                0x34001a60                SECURE_SystemCoreClockUpdate
                0x34001a68                SECURE_RegisterCallback
                0x34001a80                        _eNSCVeneer = .
                0x34001a70                        . = ALIGN (0x4)

.bss            0x34080010       0x28
                0x34080010                        _sbss = .
                0x34080010                        __bss_start__ = _sbss
 *(.bss)
 .bss           0x34080010       0x1c C:/ST/STM32CubeIDE_2.1.1/STM32CubeIDE/plugins/com.st.stm32cube.ide.mcu.externaltools.gnu-tools-for-stm32.14.3.rel1.win32_1.0.100.202602081740/tools/bin/../lib/gcc/arm-none-eabi/14.3.1/thumb/v8-m.main+dp/hard/crtbegin.o
 *(.bss*)
 .bss.pSecureFaultCallback
                0x3408002c        0x4 ./Core/Src/secure_nsc.o
                0x3408002c                pSecureFaultCallback
 .bss.pSecureErrorCallback
                0x34080030        0x4 ./Core/Src/secure_nsc.o
                0x34080030                pSecureErrorCallback
 .bss.uwTick    0x34080034        0x4 ./Drivers/STM32N6xx_HAL_Driver/stm32n6xx_hal.o
                0x34080034                uwTick
 *(COMMON)
                0x34080038                        . = ALIGN (0x4)
                0x34080038                        _ebss = .
                0x34080038                        __bss_end__ = _ebss

._user_heap_stack
                0x34080038      0xa00
                0x34080038                        . = ALIGN (0x8)
                [!provide]                        PROVIDE (end = .)
                0x34080038                        PROVIDE (_end = .)
                0x34080238                        . = (. + _Min_Heap_Size)
 *fill*         0x34080038      0x200 
                0x34080a38                        . = (. + _Min_Stack_Size)
 *fill*         0x34080238      0x800 
                0x34080a38                        . = ALIGN (0x8)

/DISCARD/
 libc.a(*)
 libm.a(*)
 libgcc.a(*)

.ARM.attributes
                0x00000000       0x3a
 *(.ARM.attributes)
 .ARM.attributes
                0x00000000       0x24 C:/ST/STM32CubeIDE_2.1.1/STM32CubeIDE/plugins/com.st.stm32cube.ide.mcu.externaltools.gnu-tools-for-stm32.14.3.rel1.win32_1.0.100.202602081740/tools/bin/../lib/gcc/arm-none-eabi/14.3.1/thumb/v8-m.main+dp/hard/crti.o
 .ARM.attributes
                0x00000024       0x36 C:/ST/STM32CubeIDE_2.1.1/STM32CubeIDE/plugins/com.st.stm32cube.ide.mcu.externaltools.gnu-tools-for-stm32.14.3.rel1.win32_1.0.100.202602081740/tools/bin/../lib/gcc/arm-none-eabi/14.3.1/thumb/v8-m.main+dp/hard/crtbegin.o
 .ARM.attributes
                0x0000005a       0x3e ./Core/Src/main.o
 .ARM.attributes
                0x00000098       0x3e ./Core/Src/secure_nsc.o
 .ARM.attributes
                0x000000d6       0x3e ./Core/Src/stm32n6xx_hal_msp.o
 .ARM.attributes
                0x00000114       0x3e ./Core/Src/stm32n6xx_it.o
 .ARM.attributes
                0x00000152       0x3e ./Core/Src/system_stm32n6xx_s.o
 .ARM.attributes
                0x00000190       0x22 ./Core/Startup/startup_stm32n657x0hxq.o
 .ARM.attributes
                0x000001b2       0x3e ./Drivers/STM32N6xx_HAL_Driver/stm32n6xx_hal.o
 .ARM.attributes
                0x000001f0       0x3e ./Drivers/STM32N6xx_HAL_Driver/stm32n6xx_hal_cortex.o
 .ARM.attributes
                0x0000022e       0x3e ./Drivers/STM32N6xx_HAL_Driver/stm32n6xx_hal_gpio.o
 .ARM.attributes
                0x0000026c       0x3e ./Drivers/STM32N6xx_HAL_Driver/stm32n6xx_hal_pwr_ex.o
 .ARM.attributes
                0x000002aa       0x3e ./Drivers/STM32N6xx_HAL_Driver/stm32n6xx_hal_rif.o
 .ARM.attributes
                0x000002e8       0x36 C:/ST/STM32CubeIDE_2.1.1/STM32CubeIDE/plugins/com.st.stm32cube.ide.mcu.externaltools.gnu-tools-for-stm32.14.3.rel1.win32_1.0.100.202602081740/tools/bin/../lib/gcc/arm-none-eabi/14.3.1/../../../../arm-none-eabi/lib/thumb/v8-m.main+dp/hard\libc_nano.a(libc_a-init.o)
 .ARM.attributes
                0x0000031e       0x24 C:/ST/STM32CubeIDE_2.1.1/STM32CubeIDE/plugins/com.st.stm32cube.ide.mcu.externaltools.gnu-tools-for-stm32.14.3.rel1.win32_1.0.100.202602081740/tools/bin/../lib/gcc/arm-none-eabi/14.3.1/thumb/v8-m.main+dp/hard/crtn.o
OUTPUT(session_01_Appli.elf elf32-littlearm)
LOAD linker stubs
LOAD C:/ST/STM32CubeIDE_2.1.1/STM32CubeIDE/plugins/com.st.stm32cube.ide.mcu.externaltools.gnu-tools-for-stm32.14.3.rel1.win32_1.0.100.202602081740/tools/bin/../lib/gcc/arm-none-eabi/14.3.1/../../../../arm-none-eabi/lib/thumb/v8-m.main+dp/hard\libc.a
LOAD C:/ST/STM32CubeIDE_2.1.1/STM32CubeIDE/plugins/com.st.stm32cube.ide.mcu.externaltools.gnu-tools-for-stm32.14.3.rel1.win32_1.0.100.202602081740/tools/bin/../lib/gcc/arm-none-eabi/14.3.1/../../../../arm-none-eabi/lib/thumb/v8-m.main+dp/hard\libm.a
LOAD C:/ST/STM32CubeIDE_2.1.1/STM32CubeIDE/plugins/com.st.stm32cube.ide.mcu.externaltools.gnu-tools-for-stm32.14.3.rel1.win32_1.0.100.202602081740/tools/bin/../lib/gcc/arm-none-eabi/14.3.1/thumb/v8-m.main+dp/hard\libgcc.a

.debug_info     0x00000000     0x9ae8
 .debug_info    0x00000000     0x19e3 ./Core/Src/main.o
 .debug_info    0x000019e3      0x103 ./Core/Src/secure_nsc.o
 .debug_info    0x00001ae6       0xbb ./Core/Src/stm32n6xx_hal_msp.o
 .debug_info    0x00001ba1      0x138 ./Core/Src/stm32n6xx_it.o
 .debug_info    0x00001cd9     0x1ab2 ./Core/Src/system_stm32n6xx_s.o
 .debug_info    0x0000378b       0x30 ./Core/Startup/startup_stm32n657x0hxq.o
 .debug_info    0x000037bb     0x27e2 ./Drivers/STM32N6xx_HAL_Driver/stm32n6xx_hal.o
 .debug_info    0x00005f9d     0x1490 ./Drivers/STM32N6xx_HAL_Driver/stm32n6xx_hal_cortex.o
 .debug_info    0x0000742d      0xafd ./Drivers/STM32N6xx_HAL_Driver/stm32n6xx_hal_gpio.o
 .debug_info    0x00007f2a      0xd08 ./Drivers/STM32N6xx_HAL_Driver/stm32n6xx_hal_pwr_ex.o
 .debug_info    0x00008c32      0xeb6 ./Drivers/STM32N6xx_HAL_Driver/stm32n6xx_hal_rif.o

.debug_abbrev   0x00000000     0x12c0
 .debug_abbrev  0x00000000      0x25f ./Core/Src/main.o
 .debug_abbrev  0x0000025f       0x9f ./Core/Src/secure_nsc.o
 .debug_abbrev  0x000002fe       0x5a ./Core/Src/stm32n6xx_hal_msp.o
 .debug_abbrev  0x00000358       0x73 ./Core/Src/stm32n6xx_it.o
 .debug_abbrev  0x000003cb      0x177 ./Core/Src/system_stm32n6xx_s.o
 .debug_abbrev  0x00000542       0x24 ./Core/Startup/startup_stm32n657x0hxq.o
 .debug_abbrev  0x00000566      0x2bd ./Drivers/STM32N6xx_HAL_Driver/stm32n6xx_hal.o
 .debug_abbrev  0x00000823      0x346 ./Drivers/STM32N6xx_HAL_Driver/stm32n6xx_hal_cortex.o
 .debug_abbrev  0x00000b69      0x24d ./Drivers/STM32N6xx_HAL_Driver/stm32n6xx_hal_gpio.o
 .debug_abbrev  0x00000db6      0x265 ./Drivers/STM32N6xx_HAL_Driver/stm32n6xx_hal_pwr_ex.o
 .debug_abbrev  0x0000101b      0x2a5 ./Drivers/STM32N6xx_HAL_Driver/stm32n6xx_hal_rif.o

.debug_aranges  0x00000000      0xa98
 .debug_aranges
                0x00000000       0x50 ./Core/Src/main.o
 .debug_aranges
                0x00000050       0x20 ./Core/Src/secure_nsc.o
 .debug_aranges
                0x00000070       0x20 ./Core/Src/stm32n6xx_hal_msp.o
 .debug_aranges
                0x00000090       0x68 ./Core/Src/stm32n6xx_it.o
 .debug_aranges
                0x000000f8       0x38 ./Core/Src/system_stm32n6xx_s.o
 .debug_aranges
                0x00000130       0x28 ./Core/Startup/startup_stm32n657x0hxq.o
 .debug_aranges
                0x00000158      0x3d0 ./Drivers/STM32N6xx_HAL_Driver/stm32n6xx_hal.o
 .debug_aranges
                0x00000528      0x178 ./Drivers/STM32N6xx_HAL_Driver/stm32n6xx_hal_cortex.o
 .debug_aranges
                0x000006a0       0xa8 ./Drivers/STM32N6xx_HAL_Driver/stm32n6xx_hal_gpio.o
 .debug_aranges
                0x00000748      0x260 ./Drivers/STM32N6xx_HAL_Driver/stm32n6xx_hal_pwr_ex.o
 .debug_aranges
                0x000009a8       0xf0 ./Drivers/STM32N6xx_HAL_Driver/stm32n6xx_hal_rif.o

.debug_rnglists
                0x00000000      0x7d4
 .debug_rnglists
                0x00000000       0x38 ./Core/Src/main.o
 .debug_rnglists
                0x00000038       0x13 ./Core/Src/secure_nsc.o
 .debug_rnglists
                0x0000004b       0x13 ./Core/Src/stm32n6xx_hal_msp.o
 .debug_rnglists
                0x0000005e       0x49 ./Core/Src/stm32n6xx_it.o
 .debug_rnglists
                0x000000a7       0x26 ./Core/Src/system_stm32n6xx_s.o
 .debug_rnglists
                0x000000cd       0x19 ./Core/Startup/startup_stm32n657x0hxq.o
 .debug_rnglists
                0x000000e6      0x2da ./Drivers/STM32N6xx_HAL_Driver/stm32n6xx_hal.o
 .debug_rnglists
                0x000003c0      0x115 ./Drivers/STM32N6xx_HAL_Driver/stm32n6xx_hal_cortex.o
 .debug_rnglists
                0x000004d5       0x80 ./Drivers/STM32N6xx_HAL_Driver/stm32n6xx_hal_gpio.o
 .debug_rnglists
                0x00000555      0x1c9 ./Drivers/STM32N6xx_HAL_Driver/stm32n6xx_hal_pwr_ex.o
 .debug_rnglists
                0x0000071e       0xb6 ./Drivers/STM32N6xx_HAL_Driver/stm32n6xx_hal_rif.o

.debug_macro    0x00000000    0x51211
 .debug_macro   0x00000000      0x2a0 ./Core/Src/main.o
 .debug_macro   0x000002a0      0xb5c ./Core/Src/main.o
 .debug_macro   0x00000dfc       0x16 ./Core/Src/main.o
 .debug_macro   0x00000e12      0x1da ./Core/Src/main.o
 .debug_macro   0x00000fec      0x190 ./Core/Src/main.o
 .debug_macro   0x0000117c       0x63 ./Core/Src/main.o
 .debug_macro   0x000011df       0x2e ./Core/Src/main.o
 .debug_macro   0x0000120d       0x6c ./Core/Src/main.o
 .debug_macro   0x00001279       0x22 ./Core/Src/main.o
 .debug_macro   0x0000129b       0x8e ./Core/Src/main.o
 .debug_macro   0x00001329       0x51 ./Core/Src/main.o
 .debug_macro   0x0000137a      0x103 ./Core/Src/main.o
 .debug_macro   0x0000147d       0x6a ./Core/Src/main.o
 .debug_macro   0x000014e7      0x1df ./Core/Src/main.o
 .debug_macro   0x000016c6       0x2e ./Core/Src/main.o
 .debug_macro   0x000016f4       0x17 ./Core/Src/main.o
 .debug_macro   0x0000170b       0x58 ./Core/Src/main.o
 .debug_macro   0x00001763      0x26d ./Core/Src/main.o
 .debug_macro   0x000019d0       0x3a ./Core/Src/main.o
 .debug_macro   0x00001a0a     0x2f0c ./Core/Src/main.o
 .debug_macro   0x00004916      0x130 ./Core/Src/main.o
 .debug_macro   0x00004a46      0x344 ./Core/Src/main.o
 .debug_macro   0x00004d8a      0x146 ./Core/Src/main.o
 .debug_macro   0x00004ed0       0x22 ./Core/Src/main.o
 .debug_macro   0x00004ef2    0x3e927 ./Core/Src/main.o
 .debug_macro   0x00043819       0x6c ./Core/Src/main.o
 .debug_macro   0x00043885     0x349b ./Core/Src/main.o
 .debug_macro   0x00046d20       0x61 ./Core/Src/main.o
 .debug_macro   0x00046d81       0x29 ./Core/Src/main.o
 .debug_macro   0x00046daa       0x43 ./Core/Src/main.o
 .debug_macro   0x00046ded       0x34 ./Core/Src/main.o
 .debug_macro   0x00046e21      0x364 ./Core/Src/main.o
 .debug_macro   0x00047185       0x16 ./Core/Src/main.o
 .debug_macro   0x0004719b       0x4a ./Core/Src/main.o
 .debug_macro   0x000471e5       0x34 ./Core/Src/main.o
 .debug_macro   0x00047219       0x10 ./Core/Src/main.o
 .debug_macro   0x00047229       0x58 ./Core/Src/main.o
 .debug_macro   0x00047281       0x8e ./Core/Src/main.o
 .debug_macro   0x0004730f       0x1c ./Core/Src/main.o
 .debug_macro   0x0004732b      0x17e ./Core/Src/main.o
 .debug_macro   0x000474a9      0x19b ./Core/Src/main.o
 .debug_macro   0x00047644       0x72 ./Core/Src/main.o
 .debug_macro   0x000476b6      0x47a ./Core/Src/main.o
 .debug_macro   0x00047b30     0x10f7 ./Core/Src/main.o
 .debug_macro   0x00048c27     0x27e2 ./Core/Src/main.o
 .debug_macro   0x0004b409      0xfd4 ./Core/Src/main.o
 .debug_macro   0x0004c3dd      0x1af ./Core/Src/main.o
 .debug_macro   0x0004c58c      0x2c9 ./Core/Src/main.o
 .debug_macro   0x0004c855      0x2c4 ./Core/Src/main.o
 .debug_macro   0x0004cb19      0x781 ./Core/Src/main.o
 .debug_macro   0x0004d29a      0xa36 ./Core/Src/main.o
 .debug_macro   0x0004dcd0      0x7b2 ./Core/Src/main.o
 .debug_macro   0x0004e482       0xeb ./Core/Src/main.o
 .debug_macro   0x0004e56d      0x216 ./Core/Src/main.o
 .debug_macro   0x0004e783      0x36b ./Core/Src/main.o
 .debug_macro   0x0004eaee      0x303 ./Core/Src/main.o
 .debug_macro   0x0004edf1      0x46a ./Core/Src/main.o
 .debug_macro   0x0004f25b      0x5fb ./Core/Src/main.o
 .debug_macro   0x0004f856       0x28 ./Core/Src/main.o
 .debug_macro   0x0004f87e      0x2aa ./Core/Src/secure_nsc.o
 .debug_macro   0x0004fb28      0x2a0 ./Core/Src/stm32n6xx_hal_msp.o
 .debug_macro   0x0004fdc8      0x2aa ./Core/Src/stm32n6xx_it.o
 .debug_macro   0x00050072      0x2b8 ./Core/Src/system_stm32n6xx_s.o
 .debug_macro   0x0005032a      0x1a9 ./Core/Src/system_stm32n6xx_s.o
 .debug_macro   0x000504d3      0x298 ./Drivers/STM32N6xx_HAL_Driver/stm32n6xx_hal.o
 .debug_macro   0x0005076b      0x293 ./Drivers/STM32N6xx_HAL_Driver/stm32n6xx_hal_cortex.o
 .debug_macro   0x000509fe      0x299 ./Drivers/STM32N6xx_HAL_Driver/stm32n6xx_hal_gpio.o
 .debug_macro   0x00050c97      0x2e0 ./Drivers/STM32N6xx_HAL_Driver/stm32n6xx_hal_pwr_ex.o
 .debug_macro   0x00050f77      0x29a ./Drivers/STM32N6xx_HAL_Driver/stm32n6xx_hal_rif.o

.debug_line     0x00000000     0x8ae0
 .debug_line    0x00000000      0x9cb ./Core/Src/main.o
 .debug_line    0x000009cb      0x8dd ./Core/Src/secure_nsc.o
 .debug_line    0x000012a8      0x8af ./Core/Src/stm32n6xx_hal_msp.o
 .debug_line    0x00001b57      0x971 ./Core/Src/stm32n6xx_it.o
 .debug_line    0x000024c8      0xb33 ./Core/Src/system_stm32n6xx_s.o
 .debug_line    0x00002ffb       0x7e ./Core/Startup/startup_stm32n657x0hxq.o
 .debug_line    0x00003079     0x1674 ./Drivers/STM32N6xx_HAL_Driver/stm32n6xx_hal.o
 .debug_line    0x000046ed     0x1017 ./Drivers/STM32N6xx_HAL_Driver/stm32n6xx_hal_cortex.o
 .debug_line    0x00005704     0x1099 ./Drivers/STM32N6xx_HAL_Driver/stm32n6xx_hal_gpio.o
 .debug_line    0x0000679d     0x138b ./Drivers/STM32N6xx_HAL_Driver/stm32n6xx_hal_pwr_ex.o
 .debug_line    0x00007b28      0xfb8 ./Drivers/STM32N6xx_HAL_Driver/stm32n6xx_hal_rif.o

.debug_str      0x00000000   0x207e48
 .debug_str     0x00000000   0x207e48 ./Core/Src/main.o
                             0x204312 (size before relaxing)
 .debug_str     0x00207e48   0x203146 ./Core/Src/secure_nsc.o
 .debug_str     0x00207e48   0x203119 ./Core/Src/stm32n6xx_hal_msp.o
 .debug_str     0x00207e48   0x20316e ./Core/Src/stm32n6xx_it.o
 .debug_str     0x00207e48   0x2044b2 ./Core/Src/system_stm32n6xx_s.o
 .debug_str     0x00207e48       0x84 ./Core/Startup/startup_stm32n657x0hxq.o
 .debug_str     0x00207e48   0x20579d ./Drivers/STM32N6xx_HAL_Driver/stm32n6xx_hal.o
 .debug_str     0x00207e48   0x204271 ./Drivers/STM32N6xx_HAL_Driver/stm32n6xx_hal_cortex.o
 .debug_str     0x00207e48   0x2034cc ./Drivers/STM32N6xx_HAL_Driver/stm32n6xx_hal_gpio.o
 .debug_str     0x00207e48   0x203d06 ./Drivers/STM32N6xx_HAL_Driver/stm32n6xx_hal_pwr_ex.o
 .debug_str     0x00207e48   0x203705 ./Drivers/STM32N6xx_HAL_Driver/stm32n6xx_hal_rif.o

.comment        0x00000000       0x43
 .comment       0x00000000       0x43 ./Core/Src/main.o
                                 0x44 (size before relaxing)
 .comment       0x00000043       0x44 ./Core/Src/secure_nsc.o
 .comment       0x00000043       0x44 ./Core/Src/stm32n6xx_hal_msp.o
 .comment       0x00000043       0x44 ./Core/Src/stm32n6xx_it.o
 .comment       0x00000043       0x44 ./Core/Src/system_stm32n6xx_s.o
 .comment       0x00000043       0x44 ./Drivers/STM32N6xx_HAL_Driver/stm32n6xx_hal.o
 .comment       0x00000043       0x44 ./Drivers/STM32N6xx_HAL_Driver/stm32n6xx_hal_cortex.o
 .comment       0x00000043       0x44 ./Drivers/STM32N6xx_HAL_Driver/stm32n6xx_hal_gpio.o
 .comment       0x00000043       0x44 ./Drivers/STM32N6xx_HAL_Driver/stm32n6xx_hal_pwr_ex.o
 .comment       0x00000043       0x44 ./Drivers/STM32N6xx_HAL_Driver/stm32n6xx_hal_rif.o

.debug_frame    0x00000000     0x26ac
 .debug_frame   0x00000000       0xfc ./Core/Src/main.o
 .debug_frame   0x000000fc       0x38 ./Core/Src/secure_nsc.o
 .debug_frame   0x00000134       0x2c ./Core/Src/stm32n6xx_hal_msp.o
 .debug_frame   0x00000160      0x110 ./Core/Src/stm32n6xx_it.o
 .debug_frame   0x00000270       0x98 ./Core/Src/system_stm32n6xx_s.o
 .debug_frame   0x00000308      0xeac ./Drivers/STM32N6xx_HAL_Driver/stm32n6xx_hal.o
 .debug_frame   0x000011b4      0x5f4 ./Drivers/STM32N6xx_HAL_Driver/stm32n6xx_hal_cortex.o
 .debug_frame   0x000017a8      0x298 ./Drivers/STM32N6xx_HAL_Driver/stm32n6xx_hal_gpio.o
 .debug_frame   0x00001a40      0x874 ./Drivers/STM32N6xx_HAL_Driver/stm32n6xx_hal_pwr_ex.o
 .debug_frame   0x000022b4      0x3cc ./Drivers/STM32N6xx_HAL_Driver/stm32n6xx_hal_rif.o
 .debug_frame   0x00002680       0x2c C:/ST/STM32CubeIDE_2.1.1/STM32CubeIDE/plugins/com.st.stm32cube.ide.mcu.externaltools.gnu-tools-for-stm32.14.3.rel1.win32_1.0.100.202602081740/tools/bin/../lib/gcc/arm-none-eabi/14.3.1/../../../../arm-none-eabi/lib/thumb/v8-m.main+dp/hard\libc_nano.a(libc_a-init.o)

.debug_line_str
                0x00000000       0x68
 .debug_line_str
                0x00000000       0x68 ./Core/Startup/startup_stm32n657x0hxq.o
