C:/Users/Dousik/Workspace/TRON/sessions/session_08A/FSBL/Src/sd_logger.c:31:6:SD_Logger_Init	16	static
C:/Users/Dousik/Workspace/TRON/sessions/session_08A/FSBL/Src/sd_logger.c:44:6:SD_Log_Event	584	static
C:/Users/Dousik/Workspace/TRON/sessions/session_08A/FSBL/Src/sd_logger.c:67:6:SD_Log_Binary	576	static
C:/Users/Dousik/Workspace/TRON/sessions/session_08A/FSBL/Src/sd_logger.c:95:6:SD_Logger_Queue_Init	8	static
C:/Users/Dousik/Workspace/TRON/sessions/session_08A/FSBL/Src/sd_logger.c:101:6:SD_Log_Event_Async	152	static
C:/Users/Dousik/Workspace/TRON/sessions/session_08A/FSBL/Src/sd_logger.c:131:6:task_logger_fn	160	static
