../../../Drivers/STM32N6xx_HAL_Driver/Inc/stm32n6xx_ll_bus.h:679:22:LL_MEM_EnableClock	1
../../../Drivers/STM32N6xx_HAL_Driver/Inc/stm32n6xx_ll_bus.h:1407:22:LL_AHB4_GRP1_EnableClock	1
C:/Users/Dousik/Workspace/TRON/scratch/sample_model/.ai/run/run-1/FSBL/Core/Src/main.c:145:6:SystemClock_Config	9
C:/Users/Dousik/Workspace/TRON/scratch/sample_model/.ai/run/run-1/FSBL/Core/Src/main.c:72:5:main	6
C:/Users/Dousik/Workspace/TRON/scratch/sample_model/.ai/run/run-1/FSBL/Core/Src/main.c:571:6:Error_Handler	1
