../../../FSBL/mtk3_bsp2/sysdepend/stm32_cube/cpu/core/armv8m/cpu_status.h:69:13:knl_EnterTaskIndependent	4	static
../../../FSBL/mtk3_bsp2/sysdepend/stm32_cube/cpu/core/armv8m/cpu_status.h:73:13:knl_LeaveTaskIndependent	4	static
../../../FSBL/mtk3_bsp2/sysdepend/stm32_cube/cpu/core/armv8m/sysdepend.h:62:11:knl_get_ipsr	16	static,ignoring_inline_asm
C:/Users/Dousik/Workspace/TRON/sessions/session_16/FSBL/mtk3_bsp2/sysdepend/stm32_cube/cpu/core/armv8m/interrupt.c:38:13:knl_hll_inthdr	16	static
C:/Users/Dousik/Workspace/TRON/sessions/session_16/FSBL/mtk3_bsp2/sysdepend/stm32_cube/cpu/core/armv8m/interrupt.c:57:13:knl_systim_inthdr	8	static
C:/Users/Dousik/Workspace/TRON/sessions/session_16/FSBL/mtk3_bsp2/sysdepend/stm32_cube/cpu/core/armv8m/interrupt.c:70:11:knl_define_inthdr	32	static
C:/Users/Dousik/Workspace/TRON/sessions/session_16/FSBL/mtk3_bsp2/sysdepend/stm32_cube/cpu/core/armv8m/interrupt.c:92:13:knl_return_inthdr	4	static
C:/Users/Dousik/Workspace/TRON/sessions/session_16/FSBL/mtk3_bsp2/sysdepend/stm32_cube/cpu/core/armv8m/interrupt.c:98:6:knl_default_handler	8	static
C:/Users/Dousik/Workspace/TRON/sessions/session_16/FSBL/mtk3_bsp2/sysdepend/stm32_cube/cpu/core/armv8m/interrupt.c:116:11:knl_init_interrupt	8	static
