../../Drivers/STM32N6xx_HAL_Driver/Inc/stm32n6xx_ll_bus.h:1165:22:LL_AHB3_GRP1_EnableClock	24	static
../../Drivers/STM32N6xx_HAL_Driver/Inc/stm32n6xx_ll_bus.h:1407:22:LL_AHB4_GRP1_EnableClock	24	static
../../Drivers/STM32N6xx_HAL_Driver/Inc/stm32n6xx_ll_bus.h:2909:22:LL_APB2_GRP1_EnableClock	24	static
../../Drivers/STM32N6xx_HAL_Driver/Inc/stm32n6xx_ll_bus.h:2997:22:LL_APB2_GRP1_DisableClock	16	static
../Core/Src/main.c:65:5:main	8	static
../Core/Src/main.c:113:6:PeriphCommonClock_Config	408	static
../Core/Src/main.c:132:15:SystemIsolation_Config	16	static
../Core/Src/main.c:226:13:MX_USART1_UART_Init	8	static
../Core/Src/main.c:245:6:HAL_UART_MspInit	40	static
../Core/Src/main.c:267:6:HAL_UART_MspDeInit	16	static
../Core/Src/main.c:282:13:MX_GPIO_Init	32	static
../Core/Src/main.c:306:5:__io_putchar	16	static
../Core/Src/main.c:319:6:Error_Handler	4	static,ignoring_inline_asm
