C:/Users/Dousik/Workspace/TRON/sessions/session_13/FSBL/Src/main.c:220:13:task_camera_isp_fn	2
C:/Users/Dousik/Workspace/TRON/sessions/session_13/FSBL/Src/main.c:241:13:task_ui_fn	1
C:/Users/Dousik/Workspace/TRON/sessions/session_13/FSBL/Src/main.c:615:13:ms_configure_sleep_clocks	1
C:/Users/Dousik/Workspace/TRON/sessions/session_13/FSBL/Src/main.c:642:13:task_heartbeat_fn	4
C:/Users/Dousik/Workspace/TRON/sessions/session_13/FSBL/Src/main.c:713:5:main	9
C:/Users/Dousik/Workspace/TRON/sessions/session_13/FSBL/Src/main.c:1029:6:SystemClock_Config	7
C:/Users/Dousik/Workspace/TRON/sessions/session_13/FSBL/Src/main.c:1105:6:PeriphCommonClock_Config	1
C:/Users/Dousik/Workspace/TRON/sessions/session_13/FSBL/Src/main.c:1119:13:MX_DCMIPP_Init	7
C:/Users/Dousik/Workspace/TRON/sessions/session_13/FSBL/Src/main.c:1173:13:MX_SDMMC2_SD_Init	1
C:/Users/Dousik/Workspace/TRON/sessions/session_13/FSBL/Src/main.c:1186:13:LCD_Init	2
C:/Users/Dousik/Workspace/TRON/sessions/session_13/FSBL/Src/main.c:1265:13:IMX335_Probe	5
C:/Users/Dousik/Workspace/TRON/sessions/session_13/FSBL/Src/main.c:1298:26:GetSensorInfoHelper	1
C:/Users/Dousik/Workspace/TRON/sessions/session_13/FSBL/Src/main.c:1304:26:SetSensorGainHelper	1
C:/Users/Dousik/Workspace/TRON/sessions/session_13/FSBL/Src/main.c:1311:26:GetSensorGainHelper	1
C:/Users/Dousik/Workspace/TRON/sessions/session_13/FSBL/Src/main.c:1318:26:SetSensorExposureHelper	1
C:/Users/Dousik/Workspace/TRON/sessions/session_13/FSBL/Src/main.c:1325:26:GetSensorExposureHelper	1
C:/Users/Dousik/Workspace/TRON/sessions/session_13/FSBL/Src/main.c:1332:6:HAL_DCMIPP_PIPE_FrameEventCallback	1
C:/Users/Dousik/Workspace/TRON/sessions/session_13/FSBL/Src/main.c:1337:6:HAL_DCMIPP_PIPE_VsyncEventCallback	4
C:/Users/Dousik/Workspace/TRON/sessions/session_13/FSBL/Src/main.c:1359:6:Error_Handler	1
C:/Users/Dousik/Workspace/TRON/sessions/session_13/FSBL/Src/main.c:1370:6:assert_failed	1
C:\ST\STM32CubeIDE_2.1.1\STM32CubeIDE\plugins\com.st.stm32cube.ide.mcu.externaltools.gnu-tools-for-stm32.14.3.rel1.win32_1.0.100.202602081740\tools\bin/../lib/gcc/arm-none-eabi/14.3.1/../../../../arm-none-eabi/include/assert.h:41:6:__assert_func	5
