C:/Users/Dousik/Workspace/TRON/sessions/session_15/FSBL/Src/ui/gui_draw.c:141:6:gui_draw_init	16	static
C:/Users/Dousik/Workspace/TRON/sessions/session_15/FSBL/Src/ui/gui_draw.c:148:6:gui_draw_rect	32	static
C:/Users/Dousik/Workspace/TRON/sessions/session_15/FSBL/Src/ui/gui_draw.c:166:17:rr_inset	32	static
C:/Users/Dousik/Workspace/TRON/sessions/session_15/FSBL/Src/ui/gui_draw.c:175:17:rr_row_inset	16	static
C:/Users/Dousik/Workspace/TRON/sessions/session_15/FSBL/Src/ui/gui_draw.c:183:6:gui_fill_round_rect	40	static
C:/Users/Dousik/Workspace/TRON/sessions/session_15/FSBL/Src/ui/gui_draw.c:198:6:gui_stroke_round_rect	48	static
C:/Users/Dousik/Workspace/TRON/sessions/session_15/FSBL/Src/ui/gui_draw.c:240:17:shade565	40	static
C:/Users/Dousik/Workspace/TRON/sessions/session_15/FSBL/Src/ui/gui_draw.c:251:6:gui_draw_gem	120	static
C:/Users/Dousik/Workspace/TRON/sessions/session_15/FSBL/Src/ui/gui_draw.c:329:6:gui_blit_sprite	40	static
C:/Users/Dousik/Workspace/TRON/sessions/session_15/FSBL/Src/ui/gui_draw.c:356:24:blend565	56	static
C:/Users/Dousik/Workspace/TRON/sessions/session_15/FSBL/Src/ui/gui_draw.c:367:26:glyph_of	24	static
C:/Users/Dousik/Workspace/TRON/sessions/session_15/FSBL/Src/ui/gui_draw.c:375:17:line_width	24	static
C:/Users/Dousik/Workspace/TRON/sessions/session_15/FSBL/Src/ui/gui_draw.c:382:10:gui_font_width	16	static
C:/Users/Dousik/Workspace/TRON/sessions/session_15/FSBL/Src/ui/gui_draw.c:388:13:draw_glyph	56	static
C:/Users/Dousik/Workspace/TRON/sessions/session_15/FSBL/Src/ui/gui_draw.c:415:6:gui_font_text	48	static
C:/Users/Dousik/Workspace/TRON/sessions/session_15/FSBL/Src/ui/gui_draw.c:436:6:gui_font_text_centered_tracked	64	static
C:/Users/Dousik/Workspace/TRON/sessions/session_15/FSBL/Src/ui/gui_draw.c:461:6:gui_font_text_centered	56	static
C:/Users/Dousik/Workspace/TRON/sessions/session_15/FSBL/Src/ui/gui_draw.c:484:6:gui_draw_text	56	static
C:/Users/Dousik/Workspace/TRON/sessions/session_15/FSBL/Src/ui/gui_draw.c:507:6:gui_draw_text_centered	48	static
C:/Users/Dousik/Workspace/TRON/sessions/session_15/FSBL/Src/ui/gui_draw.c:519:13:flush_all	24	static,ignoring_inline_asm
C:/Users/Dousik/Workspace/TRON/sessions/session_15/FSBL/Src/ui/gui_draw.c:524:13:flush_rows	40	static,ignoring_inline_asm
C:/Users/Dousik/Workspace/TRON/sessions/session_15/FSBL/Src/ui/gui_draw.c:531:6:gui_draw_flush	8	static
C:/Users/Dousik/Workspace/TRON/sessions/session_15/FSBL/Src/ui/gui_draw.c:532:6:gui_draw_flush_rows	16	static
C:/Users/Dousik/Workspace/TRON/sessions/session_15/FSBL/Src/ui/gui_draw.c:534:6:gui_draw_mascot_bg	4	static
C:/Users/Dousik/Workspace/TRON/sessions/session_15/FSBL/Src/ui/gui_draw.c:539:6:gui_draw_frame	32	static
C:/Users/Dousik/Workspace/TRON/sessions/session_15/FSBL/Src/ui/gui_draw.c:558:6:gui_draw_title_bar	24	static
C:/Users/Dousik/Workspace/TRON/sessions/session_15/FSBL/Src/ui/gui_draw.c:570:17:fill_for_edge	16	static
C:/Users/Dousik/Workspace/TRON/sessions/session_15/FSBL/Src/ui/gui_draw.c:589:16:face_that_fits	24	static
C:/Users/Dousik/Workspace/TRON/sessions/session_15/FSBL/Src/ui/gui_draw.c:602:6:gui_font_text_ellipsis	176	static
C:/Users/Dousik/Workspace/TRON/sessions/session_15/FSBL/Src/ui/gui_draw.c:636:6:gui_draw_button	72	static
C:/Users/Dousik/Workspace/TRON/sessions/session_15/FSBL/Src/ui/gui_draw.c:679:13:draw_dialog_panel	48	static
C:/Users/Dousik/Workspace/TRON/sessions/session_15/FSBL/Src/ui/gui_draw.c:709:6:gui_draw_home_screen	24	static
C:/Users/Dousik/Workspace/TRON/sessions/session_15/FSBL/Src/ui/gui_draw.c:726:6:gui_draw_dialog_text	16	static
C:/Users/Dousik/Workspace/TRON/sessions/session_15/FSBL/Src/ui/gui_draw.c:732:6:gui_draw_ready_screen	40	static
C:/Users/Dousik/Workspace/TRON/sessions/session_15/FSBL/Src/ui/gui_draw.c:753:13:draw_dose_gems	40	static
C:/Users/Dousik/Workspace/TRON/sessions/session_15/FSBL/Src/ui/gui_draw.c:772:6:gui_draw_dispensing_screen	112	static
C:/Users/Dousik/Workspace/TRON/sessions/session_15/FSBL/Src/ui/gui_draw.c:798:6:gui_draw_dispensing_progress	56	static
C:/Users/Dousik/Workspace/TRON/sessions/session_15/FSBL/Src/ui/gui_draw.c:833:6:gui_draw_confirm_taken_screen	24	static
C:/Users/Dousik/Workspace/TRON/sessions/session_15/FSBL/Src/ui/gui_draw.c:846:6:gui_draw_taken_thankyou_screen	16	static
C:/Users/Dousik/Workspace/TRON/sessions/session_15/FSBL/Src/ui/gui_draw.c:857:13:draw_alert_frame	32	static
C:/Users/Dousik/Workspace/TRON/sessions/session_15/FSBL/Src/ui/gui_draw.c:868:6:gui_draw_two_choice_screen	40	static
C:/Users/Dousik/Workspace/TRON/sessions/session_15/FSBL/Src/ui/gui_draw.c:885:6:gui_draw_alert_screen	40	static
