C:/Users/Dousik/Workspace/TRON/sessions/session_15/FSBL/Src/main.c:221:13:task_camera_isp_fn	2
C:/Users/Dousik/Workspace/TRON/sessions/session_15/FSBL/Src/main.c:242:13:task_ui_fn	1
C:/Users/Dousik/Workspace/TRON/sessions/session_15/FSBL/Src/main.c:634:13:ms_configure_sleep_clocks	1
C:/Users/Dousik/Workspace/TRON/sessions/session_15/FSBL/Src/main.c:661:13:task_heartbeat_fn	6
C:/Users/Dousik/Workspace/TRON/sessions/session_15/FSBL/Src/main.c:732:5:main	10
C:/Users/Dousik/Workspace/TRON/sessions/session_15/FSBL/Src/main.c:1073:6:SystemClock_Config	8
C:/Users/Dousik/Workspace/TRON/sessions/session_15/FSBL/Src/main.c:1149:6:PeriphCommonClock_Config	2
C:/Users/Dousik/Workspace/TRON/sessions/session_15/FSBL/Src/main.c:1163:13:MX_DCMIPP_Init	10
C:/Users/Dousik/Workspace/TRON/sessions/session_15/FSBL/Src/main.c:1217:13:MX_SDMMC2_SD_Init	1
C:/Users/Dousik/Workspace/TRON/sessions/session_15/FSBL/Src/main.c:1230:13:LCD_Init	3
C:/Users/Dousik/Workspace/TRON/sessions/session_15/FSBL/Src/main.c:1309:13:IMX335_Probe	7
C:/Users/Dousik/Workspace/TRON/sessions/session_15/FSBL/Src/main.c:1342:26:GetSensorInfoHelper	1
C:/Users/Dousik/Workspace/TRON/sessions/session_15/FSBL/Src/main.c:1348:26:SetSensorGainHelper	1
C:/Users/Dousik/Workspace/TRON/sessions/session_15/FSBL/Src/main.c:1355:26:GetSensorGainHelper	1
C:/Users/Dousik/Workspace/TRON/sessions/session_15/FSBL/Src/main.c:1362:26:SetSensorExposureHelper	1
C:/Users/Dousik/Workspace/TRON/sessions/session_15/FSBL/Src/main.c:1369:26:GetSensorExposureHelper	1
C:/Users/Dousik/Workspace/TRON/sessions/session_15/FSBL/Src/main.c:1376:6:HAL_DCMIPP_PIPE_FrameEventCallback	1
C:/Users/Dousik/Workspace/TRON/sessions/session_15/FSBL/Src/main.c:1381:6:HAL_DCMIPP_PIPE_VsyncEventCallback	5
C:/Users/Dousik/Workspace/TRON/sessions/session_15/FSBL/Src/main.c:1403:6:Error_Handler	1
C:/Users/Dousik/Workspace/TRON/sessions/session_15/FSBL/Src/main.c:1414:6:assert_failed	2
C:\ST\STM32CubeIDE_2.1.1\STM32CubeIDE\plugins\com.st.stm32cube.ide.mcu.externaltools.gnu-tools-for-stm32.14.3.rel1.win32_1.0.100.202602081740\tools\bin/../lib/gcc/arm-none-eabi/14.3.1/../../../../arm-none-eabi/include/assert.h:41:6:__assert_func	6
