C:/Users/Dousik/Workspace/TRON/sessions/session_15/FSBL/Src/ui/state_machine.c:247:13:schedule_alarm_handler	16	static
C:/Users/Dousik/Workspace/TRON/sessions/session_15/FSBL/Src/ui/state_machine.c:255:6:state_machine_service_init	8	static
C:/Users/Dousik/Workspace/TRON/sessions/session_15/FSBL/Src/ui/state_machine.c:264:12:schedule_find_next	48	static
C:/Users/Dousik/Workspace/TRON/sessions/session_15/FSBL/Src/ui/state_machine.c:300:13:schedule_arm_next	32	static
C:/Users/Dousik/Workspace/TRON/sessions/session_15/FSBL/Src/ui/state_machine.c:370:13:camera_stop	8	static
C:/Users/Dousik/Workspace/TRON/sessions/session_15/FSBL/Src/ui/state_machine.c:374:13:camera_start	16	static
C:/Users/Dousik/Workspace/TRON/sessions/session_15/FSBL/Src/ui/state_machine.c:380:13:switch_ltdc_buffer	16	static
C:/Users/Dousik/Workspace/TRON/sessions/session_15/FSBL/Src/ui/state_machine.c:386:13:check_hit	24	static
C:/Users/Dousik/Workspace/TRON/sessions/session_15/FSBL/Src/ui/state_machine.c:412:13:show_alert	24	static
C:/Users/Dousik/Workspace/TRON/sessions/session_15/FSBL/Src/ui/state_machine.c:458:13:display_blank	16	static
C:/Users/Dousik/Workspace/TRON/sessions/session_15/FSBL/Src/ui/state_machine.c:474:13:begin_capture	8	static
C:/Users/Dousik/Workspace/TRON/sessions/session_15/FSBL/Src/ui/state_machine.c:490:28:poll_capture	24	static
C:/Users/Dousik/Workspace/TRON/sessions/session_15/FSBL/Src/ui/state_machine.c:528:6:state_machine_init	8	static
C:/Users/Dousik/Workspace/TRON/sessions/session_15/FSBL/Src/ui/state_machine.c:602:13:schedule_service	208	static
C:/Users/Dousik/Workspace/TRON/sessions/session_15/FSBL/Src/ui/state_machine.c:699:6:state_machine_update	216	static
