../../../FSBL/Inc/ll_aton_NN_interface.h:504:32:LL_Buffer_addr_start	0	static
C:/Users/Dousik/Workspace/TRON/sessions/session_12/FSBL/Src/ai/stai_fd.c:38:32:__ll_aton_stai_fd_get_inputs_or_weights	32	static
C:/Users/Dousik/Workspace/TRON/sessions/session_12/FSBL/Src/ai/stai_fd.c:109:32:__ll_aton_stai_fd_get_outputs_or_activations	32	static
C:/Users/Dousik/Workspace/TRON/sessions/session_12/FSBL/Src/ai/stai_fd.c:186:32:__ll_aton_stai_fd_set_inputs_or_weights	32	static
C:/Users/Dousik/Workspace/TRON/sessions/session_12/FSBL/Src/ai/stai_fd.c:269:32:__ll_aton_stai_fd_set_outputs_or_activations	32	static
C:/Users/Dousik/Workspace/TRON/sessions/session_12/FSBL/Src/ai/stai_fd.c:359:18:stai_fd_init	8	static
C:/Users/Dousik/Workspace/TRON/sessions/session_12/FSBL/Src/ai/stai_fd.c:379:18:stai_fd_deinit	24	static
C:/Users/Dousik/Workspace/TRON/sessions/session_12/FSBL/Src/ai/stai_fd.c:405:18:stai_fd_run	24	static
C:/Users/Dousik/Workspace/TRON/sessions/session_12/FSBL/Src/ai/stai_fd.c:415:18:stai_fd_train	16	static
C:/Users/Dousik/Workspace/TRON/sessions/session_12/FSBL/Src/ai/stai_fd.c:429:18:stai_fd_get_inputs	0	static
C:/Users/Dousik/Workspace/TRON/sessions/session_12/FSBL/Src/ai/stai_fd.c:435:18:stai_fd_get_weights	0	static
C:/Users/Dousik/Workspace/TRON/sessions/session_12/FSBL/Src/ai/stai_fd.c:441:18:stai_fd_get_outputs	0	static
C:/Users/Dousik/Workspace/TRON/sessions/session_12/FSBL/Src/ai/stai_fd.c:447:18:stai_fd_get_activations	0	static
C:/Users/Dousik/Workspace/TRON/sessions/session_12/FSBL/Src/ai/stai_fd.c:455:18:stai_fd_get_info	24	static
C:/Users/Dousik/Workspace/TRON/sessions/session_12/FSBL/Src/ai/stai_fd.c:468:18:stai_fd_get_states	24	static
C:/Users/Dousik/Workspace/TRON/sessions/session_12/FSBL/Src/ai/stai_fd.c:481:18:stai_fd_get_error	16	static
C:/Users/Dousik/Workspace/TRON/sessions/session_12/FSBL/Src/ai/stai_fd.c:494:18:stai_fd_set_inputs	0	static
C:/Users/Dousik/Workspace/TRON/sessions/session_12/FSBL/Src/ai/stai_fd.c:501:18:stai_fd_set_weights	0	static
C:/Users/Dousik/Workspace/TRON/sessions/session_12/FSBL/Src/ai/stai_fd.c:508:18:stai_fd_set_outputs	0	static
C:/Users/Dousik/Workspace/TRON/sessions/session_12/FSBL/Src/ai/stai_fd.c:515:18:stai_fd_set_activations	0	static
C:/Users/Dousik/Workspace/TRON/sessions/session_12/FSBL/Src/ai/stai_fd.c:522:18:stai_fd_set_states	24	static
C:/Users/Dousik/Workspace/TRON/sessions/session_12/FSBL/Src/ai/stai_fd.c:538:18:stai_fd_set_callback	8	static
C:/Users/Dousik/Workspace/TRON/sessions/session_12/FSBL/Src/ai/stai_fd.c:565:18:stai_ext_fd_run_continue	16	static
C:/Users/Dousik/Workspace/TRON/sessions/session_12/FSBL/Src/ai/stai_fd.c:586:18:stai_ext_fd_get_nn_run_status	16	static
C:/Users/Dousik/Workspace/TRON/sessions/session_12/FSBL/Src/ai/stai_fd.c:602:18:stai_ext_fd_new_inference	0	static
../../../FSBL/Inc/ll_aton_stai_internal.h:120:34:__ll_aton_stai_check_context_network_handle.constprop	0	static
