../../../FSBL/Inc/ll_aton_NN_interface.h:504:32:LL_Buffer_addr_start	0	static
C:/Users/Dousik/Workspace/TRON/sessions/session_12/FSBL/Src/ai/stai_faceid.c:38:32:__ll_aton_stai_faceid_get_inputs_or_weights	32	static
C:/Users/Dousik/Workspace/TRON/sessions/session_12/FSBL/Src/ai/stai_faceid.c:109:32:__ll_aton_stai_faceid_get_outputs_or_activations	32	static
C:/Users/Dousik/Workspace/TRON/sessions/session_12/FSBL/Src/ai/stai_faceid.c:186:32:__ll_aton_stai_faceid_set_inputs_or_weights	32	static
C:/Users/Dousik/Workspace/TRON/sessions/session_12/FSBL/Src/ai/stai_faceid.c:269:32:__ll_aton_stai_faceid_set_outputs_or_activations	32	static
C:/Users/Dousik/Workspace/TRON/sessions/session_12/FSBL/Src/ai/stai_faceid.c:359:18:stai_faceid_init	8	static
C:/Users/Dousik/Workspace/TRON/sessions/session_12/FSBL/Src/ai/stai_faceid.c:379:18:stai_faceid_deinit	24	static
C:/Users/Dousik/Workspace/TRON/sessions/session_12/FSBL/Src/ai/stai_faceid.c:405:18:stai_faceid_run	24	static
C:/Users/Dousik/Workspace/TRON/sessions/session_12/FSBL/Src/ai/stai_faceid.c:415:18:stai_faceid_train	16	static
C:/Users/Dousik/Workspace/TRON/sessions/session_12/FSBL/Src/ai/stai_faceid.c:429:18:stai_faceid_get_inputs	0	static
C:/Users/Dousik/Workspace/TRON/sessions/session_12/FSBL/Src/ai/stai_faceid.c:435:18:stai_faceid_get_weights	0	static
C:/Users/Dousik/Workspace/TRON/sessions/session_12/FSBL/Src/ai/stai_faceid.c:441:18:stai_faceid_get_outputs	0	static
C:/Users/Dousik/Workspace/TRON/sessions/session_12/FSBL/Src/ai/stai_faceid.c:447:18:stai_faceid_get_activations	0	static
C:/Users/Dousik/Workspace/TRON/sessions/session_12/FSBL/Src/ai/stai_faceid.c:455:18:stai_faceid_get_info	24	static
C:/Users/Dousik/Workspace/TRON/sessions/session_12/FSBL/Src/ai/stai_faceid.c:468:18:stai_faceid_get_states	24	static
C:/Users/Dousik/Workspace/TRON/sessions/session_12/FSBL/Src/ai/stai_faceid.c:481:18:stai_faceid_get_error	16	static
C:/Users/Dousik/Workspace/TRON/sessions/session_12/FSBL/Src/ai/stai_faceid.c:494:18:stai_faceid_set_inputs	0	static
C:/Users/Dousik/Workspace/TRON/sessions/session_12/FSBL/Src/ai/stai_faceid.c:501:18:stai_faceid_set_weights	0	static
C:/Users/Dousik/Workspace/TRON/sessions/session_12/FSBL/Src/ai/stai_faceid.c:508:18:stai_faceid_set_outputs	0	static
C:/Users/Dousik/Workspace/TRON/sessions/session_12/FSBL/Src/ai/stai_faceid.c:515:18:stai_faceid_set_activations	0	static
C:/Users/Dousik/Workspace/TRON/sessions/session_12/FSBL/Src/ai/stai_faceid.c:522:18:stai_faceid_set_states	24	static
C:/Users/Dousik/Workspace/TRON/sessions/session_12/FSBL/Src/ai/stai_faceid.c:538:18:stai_faceid_set_callback	8	static
C:/Users/Dousik/Workspace/TRON/sessions/session_12/FSBL/Src/ai/stai_faceid.c:565:18:stai_ext_faceid_run_continue	16	static
C:/Users/Dousik/Workspace/TRON/sessions/session_12/FSBL/Src/ai/stai_faceid.c:586:18:stai_ext_faceid_get_nn_run_status	16	static
C:/Users/Dousik/Workspace/TRON/sessions/session_12/FSBL/Src/ai/stai_faceid.c:602:18:stai_ext_faceid_new_inference	0	static
../../../FSBL/Inc/ll_aton_stai_internal.h:120:34:__ll_aton_stai_check_context_network_handle.constprop	0	static
