C:/Users/Dousik/Workspace/TRON/scratch/sample_model/.ai/run/run-1/Middlewares/ST/AI/Validation/Src/aiPbMemRWServices.c:24:5:bsdChecksum	12	static
C:/Users/Dousik/Workspace/TRON/scratch/sample_model/.ai/run/run-1/Middlewares/ST/AI/Validation/Src/aiPbMemRWServices.c:39:6:memory_valid_addr_range	0	static
C:/Users/Dousik/Workspace/TRON/scratch/sample_model/.ai/run/run-1/Middlewares/ST/AI/Validation/Src/aiPbMemRWServices.c:47:6:memory_checksum	8	static
C:/Users/Dousik/Workspace/TRON/scratch/sample_model/.ai/run/run-1/Middlewares/ST/AI/Validation/Src/aiPbMemRWServices.c:55:6:memory_write	16	static
C:/Users/Dousik/Workspace/TRON/scratch/sample_model/.ai/run/run-1/Middlewares/ST/AI/Validation/Src/aiPbMemRWServices.c:62:6:aiPbCmdRWMemory	64	static
