C:/Users/Dousik/Workspace/TRON/scratch/sample_model/.ai/run/run-1/Middlewares/ST/AI/Validation/Src/aiValidation_ATON_ST_AI.c:857:17:_get_node_type	0	static
C:/Users/Dousik/Workspace/TRON/scratch/sample_model/.ai/run/run-1/Middlewares/ST/AI/Validation/Src/aiValidation_ATON_ST_AI.c:191:13:_is_ll_buffer_valid	16	static
C:/Users/Dousik/Workspace/TRON/scratch/sample_model/.ai/run/run-1/Middlewares/ST/AI/Validation/Src/aiValidation_ATON_ST_AI.c:237:13:encode_buffer_to_tensor_desc	24	static
C:/Users/Dousik/Workspace/TRON/scratch/sample_model/.ai/run/run-1/Middlewares/ST/AI/Validation/Src/aiValidation_ATON_ST_AI.c:1072:6:aiPbCmdSysInfo	64	static
C:/Users/Dousik/Workspace/TRON/scratch/sample_model/.ai/run/run-1/Middlewares/ST/AI/Validation/Src/aiValidation_ATON_ST_AI.c:535:29:aiExecCtx	32	static
../../../Middlewares/ST/AI/Npu/ll_aton_NN_interface.h:504:32:LL_Buffer_addr_start	0	static
C:/Users/Dousik/Workspace/TRON/scratch/sample_model/.ai/run/run-1/Middlewares/ST/AI/Validation/Src/aiValidation_ATON_ST_AI.c:258:13:fill_tensor_desc_msg	24	static
C:/Users/Dousik/Workspace/TRON/scratch/sample_model/.ai/run/run-1/Middlewares/ST/AI/Validation/Src/aiValidation_ATON_ST_AI.c:296:13:encode_ll_buffer_to_tensor_desc	8	static
C:/Users/Dousik/Workspace/TRON/scratch/sample_model/.ai/run/run-1/Middlewares/ST/AI/Validation/Src/aiValidation_ATON_ST_AI.c:569:13:print_ll_io_buffer	72	static
C:/Users/Dousik/Workspace/TRON/scratch/sample_model/.ai/run/run-1/Middlewares/ST/AI/Validation/Src/aiValidation_ATON_ST_AI.c:478:13:send_ai_io_tensor.constprop.isra	64	static
C:/Users/Dousik/Workspace/TRON/scratch/sample_model/.ai/run/run-1/Middlewares/ST/AI/Validation/Src/aiValidation_ATON_ST_AI.c:154:6:_print_debug	20	static
C:/Users/Dousik/Workspace/TRON/scratch/sample_model/.ai/run/run-1/Middlewares/ST/AI/Validation/Src/aiValidation_ATON_ST_AI.c:1118:6:aiPbCmdNNInfo	224	static
C:/Users/Dousik/Workspace/TRON/scratch/sample_model/.ai/run/run-1/Middlewares/ST/AI/Validation/Src/aiValidation_ATON_ST_AI.c:1185:6:aiPbCmdNNRun	136	static
C:/Users/Dousik/Workspace/TRON/scratch/sample_model/.ai/run/run-1/Middlewares/ST/AI/Validation/Src/aiValidation_ATON_ST_AI.c:681:9:_find_cdt_ll_buffers	32	static
C:/Users/Dousik/Workspace/TRON/scratch/sample_model/.ai/run/run-1/Middlewares/ST/AI/Validation/Src/aiValidation_ATON_ST_AI.c:724:6:_log_counters	64	static
C:/Users/Dousik/Workspace/TRON/scratch/sample_model/.ai/run/run-1/Middlewares/ST/AI/Validation/Src/aiValidation_ATON_ST_AI.c:916:6:npu_dump_tensors_cb	144	static
C:/Users/Dousik/Workspace/TRON/scratch/sample_model/.ai/run/run-1/Middlewares/ST/AI/Validation/Src/aiValidation_ATON_ST_AI.c:1332:5:aiValidationInit	32	static
C:/Users/Dousik/Workspace/TRON/scratch/sample_model/.ai/run/run-1/Middlewares/ST/AI/Validation/Src/aiValidation_ATON_ST_AI.c:1346:5:aiValidationProcess	56	static
C:/Users/Dousik/Workspace/TRON/scratch/sample_model/.ai/run/run-1/Middlewares/ST/AI/Validation/Src/aiValidation_ATON_ST_AI.c:1397:6:aiValidationDeInit	16	static
