C:/Users/Dousik/Workspace/TRON/sessions/session_15/Drivers/STM32N6xx_HAL_Driver/Src/stm32n6xx_hal_sd.c:336:19:HAL_SD_Init	40	static
C:/Users/Dousik/Workspace/TRON/sessions/session_15/Drivers/STM32N6xx_HAL_Driver/Src/stm32n6xx_hal_sd.c:465:19:HAL_SD_InitCard	56	static
C:/Users/Dousik/Workspace/TRON/sessions/session_15/Drivers/STM32N6xx_HAL_Driver/Src/stm32n6xx_hal_sd.c:573:19:HAL_SD_DeInit	8	static
C:/Users/Dousik/Workspace/TRON/sessions/session_15/Drivers/STM32N6xx_HAL_Driver/Src/stm32n6xx_hal_sd.c:629:13:HAL_SD_MspInit	0	static
C:/Users/Dousik/Workspace/TRON/sessions/session_15/Drivers/STM32N6xx_HAL_Driver/Src/stm32n6xx_hal_sd.c:644:13:HAL_SD_MspDeInit	0	static
C:/Users/Dousik/Workspace/TRON/sessions/session_15/Drivers/STM32N6xx_HAL_Driver/Src/stm32n6xx_hal_sd.c:685:19:HAL_SD_ReadBlocks	56	static
C:/Users/Dousik/Workspace/TRON/sessions/session_15/Drivers/STM32N6xx_HAL_Driver/Src/stm32n6xx_hal_sd.c:870:19:HAL_SD_WriteBlocks	64	static
C:/Users/Dousik/Workspace/TRON/sessions/session_15/Drivers/STM32N6xx_HAL_Driver/Src/stm32n6xx_hal_sd.c:1057:19:HAL_SD_ReadBlocks_IT	40	static
C:/Users/Dousik/Workspace/TRON/sessions/session_15/Drivers/STM32N6xx_HAL_Driver/Src/stm32n6xx_hal_sd.c:1152:19:HAL_SD_WriteBlocks_IT	40	static
C:/Users/Dousik/Workspace/TRON/sessions/session_15/Drivers/STM32N6xx_HAL_Driver/Src/stm32n6xx_hal_sd.c:1249:19:HAL_SD_ReadBlocks_DMA	48	static
C:/Users/Dousik/Workspace/TRON/sessions/session_15/Drivers/STM32N6xx_HAL_Driver/Src/stm32n6xx_hal_sd.c:1347:19:HAL_SD_WriteBlocks_DMA	48	static
C:/Users/Dousik/Workspace/TRON/sessions/session_15/Drivers/STM32N6xx_HAL_Driver/Src/stm32n6xx_hal_sd.c:1442:19:HAL_SD_Erase	24	static
C:/Users/Dousik/Workspace/TRON/sessions/session_15/Drivers/STM32N6xx_HAL_Driver/Src/stm32n6xx_hal_sd.c:1544:6:HAL_SD_IRQHandler	16	static
C:/Users/Dousik/Workspace/TRON/sessions/session_15/Drivers/STM32N6xx_HAL_Driver/Src/stm32n6xx_hal_sd.c:1756:21:HAL_SD_GetState	0	static
C:/Users/Dousik/Workspace/TRON/sessions/session_15/Drivers/STM32N6xx_HAL_Driver/Src/stm32n6xx_hal_sd.c:1767:10:HAL_SD_GetError	0	static
C:/Users/Dousik/Workspace/TRON/sessions/session_15/Drivers/STM32N6xx_HAL_Driver/Src/stm32n6xx_hal_sd.c:1777:13:HAL_SD_TxCpltCallback	0	static
C:/Users/Dousik/Workspace/TRON/sessions/session_15/Drivers/STM32N6xx_HAL_Driver/Src/stm32n6xx_hal_sd.c:1792:13:HAL_SD_RxCpltCallback	0	static
C:/Users/Dousik/Workspace/TRON/sessions/session_15/Drivers/STM32N6xx_HAL_Driver/Src/stm32n6xx_hal_sd.c:1807:13:HAL_SD_ErrorCallback	0	static
C:/Users/Dousik/Workspace/TRON/sessions/session_15/Drivers/STM32N6xx_HAL_Driver/Src/stm32n6xx_hal_sd.c:1822:13:HAL_SD_AbortCallback	0	static
C:/Users/Dousik/Workspace/TRON/sessions/session_15/Drivers/STM32N6xx_HAL_Driver/Src/stm32n6xx_hal_sd.c:2132:19:HAL_SD_GetCardCID	8	static
C:/Users/Dousik/Workspace/TRON/sessions/session_15/Drivers/STM32N6xx_HAL_Driver/Src/stm32n6xx_hal_sd.c:2165:19:HAL_SD_GetCardCSD	12	static
C:/Users/Dousik/Workspace/TRON/sessions/session_15/Drivers/STM32N6xx_HAL_Driver/Src/stm32n6xx_hal_sd.c:2279:19:HAL_SD_GetCardStatus	80	static
C:/Users/Dousik/Workspace/TRON/sessions/session_15/Drivers/STM32N6xx_HAL_Driver/Src/stm32n6xx_hal_sd.c:2348:19:HAL_SD_GetCardInfo	0	static
C:/Users/Dousik/Workspace/TRON/sessions/session_15/Drivers/STM32N6xx_HAL_Driver/Src/stm32n6xx_hal_sd.c:2373:19:HAL_SD_ConfigWideBusOperation	48	static
C:/Users/Dousik/Workspace/TRON/sessions/session_15/Drivers/STM32N6xx_HAL_Driver/Src/stm32n6xx_hal_sd.c:2545:19:HAL_SD_ConfigSpeedBusOperation	16	static
C:/Users/Dousik/Workspace/TRON/sessions/session_15/Drivers/STM32N6xx_HAL_Driver/Src/stm32n6xx_hal_sd.c:2843:25:HAL_SD_GetCardState	16	static
C:/Users/Dousik/Workspace/TRON/sessions/session_15/Drivers/STM32N6xx_HAL_Driver/Src/stm32n6xx_hal_sd.c:2866:19:HAL_SD_Abort	24	static
C:/Users/Dousik/Workspace/TRON/sessions/session_15/Drivers/STM32N6xx_HAL_Driver/Src/stm32n6xx_hal_sd.c:2962:19:HAL_SD_Abort_IT	16	static
C:/Users/Dousik/Workspace/TRON/sessions/session_15/Drivers/STM32N6xx_HAL_Driver/Src/stm32n6xx_hal_sd.c:3018:17:SD_InitCard	64	static
C:/Users/Dousik/Workspace/TRON/sessions/session_15/Drivers/STM32N6xx_HAL_Driver/Src/stm32n6xx_hal_sd.c:3115:17:SD_PowerON	32	static
C:/Users/Dousik/Workspace/TRON/sessions/session_15/Drivers/STM32N6xx_HAL_Driver/Src/stm32n6xx_hal_sd.c:3284:13:SD_PowerOFF	0	static
C:/Users/Dousik/Workspace/TRON/sessions/session_15/Drivers/STM32N6xx_HAL_Driver/Src/stm32n6xx_hal_sd.c:3297:17:SD_SendSDStatus	48	static
C:/Users/Dousik/Workspace/TRON/sessions/session_15/Drivers/STM32N6xx_HAL_Driver/Src/stm32n6xx_hal_sd.c:3401:17:SD_SendStatus	16	static
C:/Users/Dousik/Workspace/TRON/sessions/session_15/Drivers/STM32N6xx_HAL_Driver/Src/stm32n6xx_hal_sd.c:3428:17:SD_WideBus_Enable	16	static
C:/Users/Dousik/Workspace/TRON/sessions/session_15/Drivers/STM32N6xx_HAL_Driver/Src/stm32n6xx_hal_sd.c:3475:17:SD_WideBus_Disable	16	static
C:/Users/Dousik/Workspace/TRON/sessions/session_15/Drivers/STM32N6xx_HAL_Driver/Src/stm32n6xx_hal_sd.c:3523:17:SD_FindSCR	56	static
C:/Users/Dousik/Workspace/TRON/sessions/session_15/Drivers/STM32N6xx_HAL_Driver/Src/stm32n6xx_hal_sd.c:3618:13:SD_Read_IT	24	static
C:/Users/Dousik/Workspace/TRON/sessions/session_15/Drivers/STM32N6xx_HAL_Driver/Src/stm32n6xx_hal_sd.c:3653:13:SD_Write_IT	32	static
C:/Users/Dousik/Workspace/TRON/sessions/session_15/Drivers/STM32N6xx_HAL_Driver/Src/stm32n6xx_hal_sd.c:3691:10:SD_SwitchSpeed	112	static
C:/Users/Dousik/Workspace/TRON/sessions/session_15/Drivers/STM32N6xx_HAL_Driver/Src/stm32n6xx_hal_sd.c:4052:13:HAL_SDEx_Read_DMALnkLstBufCpltCallback	0	static
C:/Users/Dousik/Workspace/TRON/sessions/session_15/Drivers/STM32N6xx_HAL_Driver/Src/stm32n6xx_hal_sd.c:4066:13:HAL_SDEx_Write_DMALnkLstBufCpltCallback	0	static
