C:/Users/Dousik/Workspace/TRON/sessions/session_15/FSBL/Src/ai/ai_vision.c:178:13:convert_crop_to_fd_input	48	static
C:/Users/Dousik/Workspace/TRON/sessions/session_15/FSBL/Src/ai/ai_vision.c:208:13:convert_crop_to_faceid_input	64	static
C:/Users/Dousik/Workspace/TRON/sessions/session_15/FSBL/Src/ai/ai_vision.c:263:13:decode_best_face_box	48	static
C:/Users/Dousik/Workspace/TRON/sessions/session_15/FSBL/Src/ai/ai_vision.c:310:6:ai_vision_init	24	static
C:/Users/Dousik/Workspace/TRON/sessions/session_15/FSBL/Src/ai/ai_vision.c:414:13:run_pipeline_on_hold_buffer	80	static,ignoring_inline_asm
C:/Users/Dousik/Workspace/TRON/sessions/session_15/FSBL/Src/ai/ai_vision.c:494:6:ai_vision_run_pipeline	16	static,ignoring_inline_asm
C:/Users/Dousik/Workspace/TRON/sessions/session_15/FSBL/Src/ai/ai_vision.c:517:6:ai_vision_self_test	136	static
C:/Users/Dousik/Workspace/TRON/sessions/session_15/FSBL/Src/ai/ai_vision.c:548:7:ai_vision_match_face	1056	static
C:/Users/Dousik/Workspace/TRON/sessions/session_15/FSBL/Src/ai/ai_vision.c:589:6:gallery_init	48	static
C:/Users/Dousik/Workspace/TRON/sessions/session_15/FSBL/Src/ai/ai_vision.c:648:6:gallery_save	24	static
C:/Users/Dousik/Workspace/TRON/sessions/session_15/FSBL/Src/ai/ai_vision.c:671:6:gallery_last_save_ok	0	static
C:/Users/Dousik/Workspace/TRON/sessions/session_15/FSBL/Src/ai/ai_vision.c:673:5:gallery_add_patient	40	static
C:/Users/Dousik/Workspace/TRON/sessions/session_15/FSBL/Src/ai/ai_vision.c:723:13:slot_is_live	0	static
C:/Users/Dousik/Workspace/TRON/sessions/session_15/FSBL/Src/ai/ai_vision.c:728:6:gallery_set_schedule	24	static
C:/Users/Dousik/Workspace/TRON/sessions/session_15/FSBL/Src/ai/ai_vision.c:763:6:gallery_set_dose	16	static
C:/Users/Dousik/Workspace/TRON/sessions/session_15/FSBL/Src/ai/ai_vision.c:775:6:gallery_delete_patient	16	static
C:/Users/Dousik/Workspace/TRON/sessions/session_15/FSBL/Src/ai/ai_vision.c:797:5:gallery_find_best_match	32	static
C:/Users/Dousik/Workspace/TRON/sessions/session_15/FSBL/Src/ai/ai_vision.c:848:5:gallery_count	12	static
C:/Users/Dousik/Workspace/TRON/sessions/session_15/FSBL/Src/ai/ai_vision.c:898:6:ai_vision_service_init	8	static
C:/Users/Dousik/Workspace/TRON/sessions/session_15/FSBL/Src/ai/ai_vision.c:903:6:ai_vision_wait_init	16	static
C:/Users/Dousik/Workspace/TRON/sessions/session_15/FSBL/Src/ai/ai_vision.c:915:6:ai_vision_is_ready	0	static
C:/Users/Dousik/Workspace/TRON/sessions/session_15/FSBL/Src/ai/ai_vision.c:920:6:ai_vision_capture_request	8	static
C:/Users/Dousik/Workspace/TRON/sessions/session_15/FSBL/Src/ai/ai_vision.c:932:21:ai_vision_capture_wait	32	static
C:/Users/Dousik/Workspace/TRON/sessions/session_15/FSBL/Src/ai/ai_vision.c:959:6:task_ai_fn	32	static
