C:/Users/Dousik/Workspace/TRON/sessions/session_08B/FSBL/Src/main.c:105:13:task_camera_isp_fn	16	static
C:/Users/Dousik/Workspace/TRON/sessions/session_08B/FSBL/Src/main.c:126:13:task_ui_fn	16	static
C:/Users/Dousik/Workspace/TRON/sessions/session_08B/FSBL/Src/main.c:160:13:task_heartbeat_fn	16	static
C:/Users/Dousik/Workspace/TRON/sessions/session_08B/FSBL/Src/main.c:176:5:main	80	static,ignoring_inline_asm
C:/Users/Dousik/Workspace/TRON/sessions/session_08B/FSBL/Src/main.c:300:6:SystemClock_Config	224	static
C:/Users/Dousik/Workspace/TRON/sessions/session_08B/FSBL/Src/main.c:376:6:PeriphCommonClock_Config	408	static
C:/Users/Dousik/Workspace/TRON/sessions/session_08B/FSBL/Src/main.c:390:13:MX_DCMIPP_Init	72	static
C:/Users/Dousik/Workspace/TRON/sessions/session_08B/FSBL/Src/main.c:444:13:MX_SDMMC2_SD_Init	4	static
C:/Users/Dousik/Workspace/TRON/sessions/session_08B/FSBL/Src/main.c:457:13:LCD_Init	72	static
C:/Users/Dousik/Workspace/TRON/sessions/session_08B/FSBL/Src/main.c:503:13:IMX335_Probe	48	static
C:/Users/Dousik/Workspace/TRON/sessions/session_08B/FSBL/Src/main.c:536:26:GetSensorInfoHelper	16	static
C:/Users/Dousik/Workspace/TRON/sessions/session_08B/FSBL/Src/main.c:542:26:SetSensorGainHelper	16	static
C:/Users/Dousik/Workspace/TRON/sessions/session_08B/FSBL/Src/main.c:549:26:GetSensorGainHelper	16	static
C:/Users/Dousik/Workspace/TRON/sessions/session_08B/FSBL/Src/main.c:556:26:SetSensorExposureHelper	16	static
C:/Users/Dousik/Workspace/TRON/sessions/session_08B/FSBL/Src/main.c:563:26:GetSensorExposureHelper	16	static
C:/Users/Dousik/Workspace/TRON/sessions/session_08B/FSBL/Src/main.c:570:6:HAL_DCMIPP_PIPE_FrameEventCallback	16	static
C:/Users/Dousik/Workspace/TRON/sessions/session_08B/FSBL/Src/main.c:575:6:HAL_DCMIPP_PIPE_VsyncEventCallback	16	static
C:/Users/Dousik/Workspace/TRON/sessions/session_08B/FSBL/Src/main.c:597:6:Error_Handler	8	static
C:/Users/Dousik/Workspace/TRON/sessions/session_08B/FSBL/Src/main.c:608:6:assert_failed	16	static
