C:/Users/Dousik/STM32Cube/Repository/STM32Cube_FW_N6_V1.4.0/Projects/STM32N6570-DK/Applications/DCMIPP/DCMIPP_ContinuousMode/FSBL/Src/main.c:84:5:main	80	static,ignoring_inline_asm
C:/Users/Dousik/STM32Cube/Repository/STM32Cube_FW_N6_V1.4.0/Projects/STM32N6570-DK/Applications/DCMIPP/DCMIPP_ContinuousMode/FSBL/Src/main.c:185:6:SystemClock_Config	224	static
C:/Users/Dousik/STM32Cube/Repository/STM32Cube_FW_N6_V1.4.0/Projects/STM32N6570-DK/Applications/DCMIPP/DCMIPP_ContinuousMode/FSBL/Src/main.c:279:13:MX_DCMIPP_Init	72	static
C:/Users/Dousik/STM32Cube/Repository/STM32Cube_FW_N6_V1.4.0/Projects/STM32N6570-DK/Applications/DCMIPP/DCMIPP_ContinuousMode/FSBL/Src/main.c:353:13:LCD_Init	72	static
C:/Users/Dousik/STM32Cube/Repository/STM32Cube_FW_N6_V1.4.0/Projects/STM32N6570-DK/Applications/DCMIPP/DCMIPP_ContinuousMode/FSBL/Src/main.c:409:13:IMX335_Probe	48	static
C:/Users/Dousik/STM32Cube/Repository/STM32Cube_FW_N6_V1.4.0/Projects/STM32N6570-DK/Applications/DCMIPP/DCMIPP_ContinuousMode/FSBL/Src/main.c:462:26:GetSensorInfoHelper	16	static
C:/Users/Dousik/STM32Cube/Repository/STM32Cube_FW_N6_V1.4.0/Projects/STM32N6570-DK/Applications/DCMIPP/DCMIPP_ContinuousMode/FSBL/Src/main.c:472:26:SetSensorGainHelper	16	static
C:/Users/Dousik/STM32Cube/Repository/STM32Cube_FW_N6_V1.4.0/Projects/STM32N6570-DK/Applications/DCMIPP/DCMIPP_ContinuousMode/FSBL/Src/main.c:483:26:GetSensorGainHelper	16	static
C:/Users/Dousik/STM32Cube/Repository/STM32Cube_FW_N6_V1.4.0/Projects/STM32N6570-DK/Applications/DCMIPP/DCMIPP_ContinuousMode/FSBL/Src/main.c:494:26:SetSensorExposureHelper	16	static
C:/Users/Dousik/STM32Cube/Repository/STM32Cube_FW_N6_V1.4.0/Projects/STM32N6570-DK/Applications/DCMIPP/DCMIPP_ContinuousMode/FSBL/Src/main.c:505:26:GetSensorExposureHelper	16	static
C:/Users/Dousik/STM32Cube/Repository/STM32Cube_FW_N6_V1.4.0/Projects/STM32N6570-DK/Applications/DCMIPP/DCMIPP_ContinuousMode/FSBL/Src/main.c:512:6:HAL_DCMIPP_PIPE_FrameEventCallback	16	static
C:/Users/Dousik/STM32Cube/Repository/STM32Cube_FW_N6_V1.4.0/Projects/STM32N6570-DK/Applications/DCMIPP/DCMIPP_ContinuousMode/FSBL/Src/main.c:523:6:HAL_DCMIPP_PIPE_VsyncEventCallback	16	static
C:/Users/Dousik/STM32Cube/Repository/STM32Cube_FW_N6_V1.4.0/Projects/STM32N6570-DK/Applications/DCMIPP/DCMIPP_ContinuousMode/FSBL/Src/main.c:548:6:Error_Handler	8	static
C:/Users/Dousik/STM32Cube/Repository/STM32Cube_FW_N6_V1.4.0/Projects/STM32N6570-DK/Applications/DCMIPP/DCMIPP_ContinuousMode/FSBL/Src/main.c:568:6:assert_failed	16	static
