C:/Users/Dousik/Workspace/TRON/sessions/session_16/FSBL/Src/ai/intake_service.c:56:22:intake_view	0	static
C:/Users/Dousik/Workspace/TRON/sessions/session_16/FSBL/Src/ai/intake_service.c:63:6:intake_begin	8	static
C:/Users/Dousik/Workspace/TRON/sessions/session_16/FSBL/Src/ai/intake_service.c:81:6:intake_end	0	static
C:/Users/Dousik/Workspace/TRON/sessions/session_16/FSBL/Src/ai/intake_service.c:93:24:intake_peek	0	static
C:/Users/Dousik/Workspace/TRON/sessions/session_16/FSBL/Src/ai/intake_service.c:98:6:intake_is_active	0	static
C:/Users/Dousik/Workspace/TRON/sessions/session_16/FSBL/Src/ai/intake_service.c:103:6:intake_service_run	176	static
