C:/Users/Dousik/Workspace/TRON/sessions/session_16/FSBL/Src/ai/ai_vision.c:151:20:rgb565_to_rgb888	24	static
C:/Users/Dousik/Workspace/TRON/sessions/session_16/FSBL/Src/ai/ai_vision.c:181:13:convert_crop_to_fd_input	72	static
C:/Users/Dousik/Workspace/TRON/sessions/session_16/FSBL/Src/ai/ai_vision.c:211:13:convert_crop_to_faceid_input	64	static
C:/Users/Dousik/Workspace/TRON/sessions/session_16/FSBL/Src/ai/ai_vision.c:317:13:decode_landmarks	40	static
C:/Users/Dousik/Workspace/TRON/sessions/session_16/FSBL/Src/ai/ai_vision.c:332:6:ai_vision_dump_landmarks	32	static
C:/Users/Dousik/Workspace/TRON/sessions/session_16/FSBL/Src/ai/ai_vision.c:354:6:ai_vision_get_capture_view	24	static
C:/Users/Dousik/Workspace/TRON/sessions/session_16/FSBL/Src/ai/ai_vision.c:370:6:ai_vision_get_mouth	32	static
C:/Users/Dousik/Workspace/TRON/sessions/session_16/FSBL/Src/ai/ai_vision.c:406:13:decode_best_face_box	104	static
C:/Users/Dousik/Workspace/TRON/sessions/session_16/FSBL/Src/ai/ai_vision.c:461:6:ai_vision_init	40	static
C:/Users/Dousik/Workspace/TRON/sessions/session_16/FSBL/Src/ai/ai_vision.c:565:13:run_pipeline_on_hold_buffer	224	static,ignoring_inline_asm
C:/Users/Dousik/Workspace/TRON/sessions/session_16/FSBL/Src/ai/ai_vision.c:677:6:ai_vision_run_pipeline	48	static,ignoring_inline_asm
C:/Users/Dousik/Workspace/TRON/sessions/session_16/FSBL/Src/ai/ai_vision.c:705:6:ai_vision_self_test	144	static
C:/Users/Dousik/Workspace/TRON/sessions/session_16/FSBL/Src/ai/ai_vision.c:736:7:ai_vision_match_face	1072	static
C:/Users/Dousik/Workspace/TRON/sessions/session_16/FSBL/Src/ai/ai_vision.c:777:6:gallery_init	56	static
C:/Users/Dousik/Workspace/TRON/sessions/session_16/FSBL/Src/ai/ai_vision.c:836:6:gallery_save	32	static
C:/Users/Dousik/Workspace/TRON/sessions/session_16/FSBL/Src/ai/ai_vision.c:859:6:gallery_last_save_ok	4	static
C:/Users/Dousik/Workspace/TRON/sessions/session_16/FSBL/Src/ai/ai_vision.c:861:5:gallery_add_patient	40	static
C:/Users/Dousik/Workspace/TRON/sessions/session_16/FSBL/Src/ai/ai_vision.c:911:13:slot_is_live	16	static
C:/Users/Dousik/Workspace/TRON/sessions/session_16/FSBL/Src/ai/ai_vision.c:916:6:gallery_set_schedule	40	static
C:/Users/Dousik/Workspace/TRON/sessions/session_16/FSBL/Src/ai/ai_vision.c:951:6:gallery_set_dose	24	static
C:/Users/Dousik/Workspace/TRON/sessions/session_16/FSBL/Src/ai/ai_vision.c:963:6:gallery_delete_patient	24	static
C:/Users/Dousik/Workspace/TRON/sessions/session_16/FSBL/Src/ai/ai_vision.c:985:5:gallery_find_best_match	32	static
C:/Users/Dousik/Workspace/TRON/sessions/session_16/FSBL/Src/ai/ai_vision.c:1036:5:gallery_count	16	static
C:/Users/Dousik/Workspace/TRON/sessions/session_16/FSBL/Src/ai/ai_vision.c:1093:6:ai_vision_service_init	8	static
C:/Users/Dousik/Workspace/TRON/sessions/session_16/FSBL/Src/ai/ai_vision.c:1098:6:ai_vision_wait_init	24	static
C:/Users/Dousik/Workspace/TRON/sessions/session_16/FSBL/Src/ai/ai_vision.c:1110:6:ai_vision_is_ready	4	static
C:/Users/Dousik/Workspace/TRON/sessions/session_16/FSBL/Src/ai/ai_vision.c:1115:6:ai_vision_wake_intake	8	static
C:/Users/Dousik/Workspace/TRON/sessions/session_16/FSBL/Src/ai/ai_vision.c:1122:6:ai_vision_capture_request	8	static
C:/Users/Dousik/Workspace/TRON/sessions/session_16/FSBL/Src/ai/ai_vision.c:1134:21:ai_vision_capture_wait	32	static
C:/Users/Dousik/Workspace/TRON/sessions/session_16/FSBL/Src/ai/ai_vision.c:1161:6:task_ai_fn	40	static
