C:/Users/Dousik/Workspace/TRON/sessions/session_16/FSBL/Src/ui/ai_overlay.c:87:6:ai_overlay_stats	24	static
C:/Users/Dousik/Workspace/TRON/sessions/session_16/FSBL/Src/ui/ai_overlay.c:95:6:ai_overlay_reset	4	static
C:/Users/Dousik/Workspace/TRON/sessions/session_16/FSBL/Src/ui/ai_overlay.c:103:13:map_rect	40	static
C:/Users/Dousik/Workspace/TRON/sessions/session_16/FSBL/Src/ui/ai_overlay.c:123:13:stroke_rect	32	static
C:/Users/Dousik/Workspace/TRON/sessions/session_16/FSBL/Src/ui/ai_overlay.c:132:13:marker	32	static
C:/Users/Dousik/Workspace/TRON/sessions/session_16/FSBL/Src/ui/ai_overlay.c:203:12:corner_inset_r	32	static
C:/Users/Dousik/Workspace/TRON/sessions/session_16/FSBL/Src/ui/ai_overlay.c:214:19:corner_inset	16	static
C:/Users/Dousik/Workspace/TRON/sessions/session_16/FSBL/Src/ui/ai_overlay.c:238:24:blend565	56	static
C:/Users/Dousik/Workspace/TRON/sessions/session_16/FSBL/Src/ui/ai_overlay.c:251:21:rr_sdf	48	static
C:/Users/Dousik/Workspace/TRON/sessions/session_16/FSBL/Src/ui/ai_overlay.c:267:13:aa_border	152	static
C:/Users/Dousik/Workspace/TRON/sessions/session_16/FSBL/Src/ui/ai_overlay.c:327:69:cap_map	40	static
C:/Users/Dousik/Workspace/TRON/sessions/session_16/FSBL/Src/ui/ai_overlay.c:346:13:cap_marker	32	static
C:/Users/Dousik/Workspace/TRON/sessions/session_16/FSBL/Src/ui/ai_overlay.c:361:13:fitted_title	32	static
C:/Users/Dousik/Workspace/TRON/sessions/session_16/FSBL/Src/ui/ai_overlay.c:375:6:ai_overlay_draw_capture	208	static
C:/Users/Dousik/Workspace/TRON/sessions/session_16/FSBL/Src/ui/ai_overlay.c:462:6:ai_overlay_show_capture	16	static
C:/Users/Dousik/Workspace/TRON/sessions/session_16/FSBL/Src/ui/ai_overlay.c:467:20:state_word	16	static
C:/Users/Dousik/Workspace/TRON/sessions/session_16/FSBL/Src/ui/ai_overlay.c:483:6:ai_overlay_tick	176	static,ignoring_inline_asm
C:/Users/Dousik/Workspace/TRON/sessions/session_16/FSBL/Src/ui/ai_overlay.c:660:6:ai_overlay_preview_begin	40	static
C:/Users/Dousik/Workspace/TRON/sessions/session_16/FSBL/Src/ui/ai_overlay.c:701:6:ai_overlay_preview_tick	80	static,ignoring_inline_asm
C:/Users/Dousik/Workspace/TRON/sessions/session_16/FSBL/Src/ui/ai_overlay.c:757:6:ai_overlay_preview_end	8	static
